2025-10-02T12:50:53.0894900Z Current runner version: '2.328.0'
2025-10-02T12:50:53.0941761Z ##[group]Runner Image Provisioner
2025-10-02T12:50:53.0942596Z Hosted Compute Agent
2025-10-02T12:50:53.0943121Z Version: 20250912.392
2025-10-02T12:50:53.0943783Z Commit: d921fda672a98b64f4f82364647e2f10b2267d0b
2025-10-02T12:50:53.0944724Z Build Date: 2025-09-12T15:23:14Z
2025-10-02T12:50:53.0945337Z ##[endgroup]
2025-10-02T12:50:53.0945957Z ##[group]Operating System
2025-10-02T12:50:53.0946513Z Ubuntu
2025-10-02T12:50:53.0947004Z 24.04.3
2025-10-02T12:50:53.0947418Z LTS
2025-10-02T12:50:53.0948070Z ##[endgroup]
2025-10-02T12:50:53.0948534Z ##[group]Runner Image
2025-10-02T12:50:53.0949099Z Image: ubuntu-24.04
2025-10-02T12:50:53.0949639Z Version: 20250922.53.1
2025-10-02T12:50:53.0950675Z Included Software: https://github.com/actions/runner-images/blob/ubuntu24/20250922.53/images/ubuntu/Ubuntu2404-Readme.md
2025-10-02T12:50:53.0952230Z Image Release: https://github.com/actions/runner-images/releases/tag/ubuntu24%2F20250922.53
2025-10-02T12:50:53.0953333Z ##[endgroup]
2025-10-02T12:50:53.0956249Z ##[group]GITHUB_TOKEN Permissions
2025-10-02T12:50:53.0958201Z Actions: write
2025-10-02T12:50:53.0958737Z Attestations: write
2025-10-02T12:50:53.0959355Z Checks: write
2025-10-02T12:50:53.0959822Z Contents: write
2025-10-02T12:50:53.0960360Z Deployments: write
2025-10-02T12:50:53.0960920Z Discussions: write
2025-10-02T12:50:53.0961399Z Issues: write
2025-10-02T12:50:53.0961880Z Metadata: read
2025-10-02T12:50:53.0962362Z Models: read
2025-10-02T12:50:53.0962877Z Packages: write
2025-10-02T12:50:53.0963386Z Pages: write
2025-10-02T12:50:53.0963912Z PullRequests: write
2025-10-02T12:50:53.0964647Z RepositoryProjects: write
2025-10-02T12:50:53.0965230Z SecurityEvents: write
2025-10-02T12:50:53.0965893Z Statuses: write
2025-10-02T12:50:53.0966397Z ##[endgroup]
2025-10-02T12:50:53.0968421Z Secret source: Actions
2025-10-02T12:50:53.0969085Z Prepare workflow directory
2025-10-02T12:50:53.1355450Z Prepare all required actions
2025-10-02T12:50:53.1392405Z Getting action download info
2025-10-02T12:50:53.5654624Z Download action repository 'actions/checkout@v4' (SHA:08eba0b27e820071cde6df949e0beb9ba4906955)
2025-10-02T12:50:53.7597691Z Download action repository 'dtolnay/rust-toolchain@stable' (SHA:5d458579430fc14a04a08a1e7d3694f545e91ce6)
2025-10-02T12:50:54.1716178Z Download action repository 'Swatinem/rust-cache@v2' (SHA:98c8021b550208e191a6a3145459bfc9fb29c4c0)
2025-10-02T12:50:54.9695363Z Complete job name: Integration Tests
2025-10-02T12:50:55.0523236Z ##[group]Run actions/checkout@v4
2025-10-02T12:50:55.0524700Z with:
2025-10-02T12:50:55.0525488Z   repository: belugabox/pixel-model2-rust
2025-10-02T12:50:55.0526744Z   token: ***
2025-10-02T12:50:55.0527466Z   ssh-strict: true
2025-10-02T12:50:55.0528222Z   ssh-user: git
2025-10-02T12:50:55.0528982Z   persist-credentials: true
2025-10-02T12:50:55.0529844Z   clean: true
2025-10-02T12:50:55.0530623Z   sparse-checkout-cone-mode: true
2025-10-02T12:50:55.0531555Z   fetch-depth: 1
2025-10-02T12:50:55.0532311Z   fetch-tags: false
2025-10-02T12:50:55.0533115Z   show-progress: true
2025-10-02T12:50:55.0533886Z   lfs: false
2025-10-02T12:50:55.0534805Z   submodules: false
2025-10-02T12:50:55.0535587Z   set-safe-directory: true
2025-10-02T12:50:55.0536850Z env:
2025-10-02T12:50:55.0537561Z   CARGO_TERM_COLOR: always
2025-10-02T12:50:55.0538381Z ##[endgroup]
2025-10-02T12:50:55.1659344Z Syncing repository: belugabox/pixel-model2-rust
2025-10-02T12:50:55.1663361Z ##[group]Getting Git version info
2025-10-02T12:50:55.1666042Z Working directory is '/home/runner/work/pixel-model2-rust/pixel-model2-rust'
2025-10-02T12:50:55.1669527Z [command]/usr/bin/git version
2025-10-02T12:50:55.1717081Z git version 2.51.0
2025-10-02T12:50:55.1743928Z ##[endgroup]
2025-10-02T12:50:55.1758370Z Temporarily overriding HOME='/home/runner/work/_temp/9ed3be2f-bd76-421f-adad-f57e3b6ebfdd' before making global git config changes
2025-10-02T12:50:55.1763038Z Adding repository directory to the temporary git global config as a safe directory
2025-10-02T12:50:55.1767749Z [command]/usr/bin/git config --global --add safe.directory /home/runner/work/pixel-model2-rust/pixel-model2-rust
2025-10-02T12:50:55.1800121Z Deleting the contents of '/home/runner/work/pixel-model2-rust/pixel-model2-rust'
2025-10-02T12:50:55.1803783Z ##[group]Initializing the repository
2025-10-02T12:50:55.1807439Z [command]/usr/bin/git init /home/runner/work/pixel-model2-rust/pixel-model2-rust
2025-10-02T12:50:55.1921157Z hint: Using 'master' as the name for the initial branch. This default branch name
2025-10-02T12:50:55.1923887Z hint: is subject to change. To configure the initial branch name to use in all
2025-10-02T12:50:55.1927035Z hint: of your new repositories, which will suppress this warning, call:
2025-10-02T12:50:55.1928662Z hint:
2025-10-02T12:50:55.1929569Z hint: 	git config --global init.defaultBranch <name>
2025-10-02T12:50:55.1930672Z hint:
2025-10-02T12:50:55.1932094Z hint: Names commonly chosen instead of 'master' are 'main', 'trunk' and
2025-10-02T12:50:55.1934433Z hint: 'development'. The just-created branch can be renamed via this command:
2025-10-02T12:50:55.1935834Z hint:
2025-10-02T12:50:55.1936567Z hint: 	git branch -m <name>
2025-10-02T12:50:55.1937739Z hint:
2025-10-02T12:50:55.1939583Z hint: Disable this message with "git config set advice.defaultBranchName false"
2025-10-02T12:50:55.1942000Z Initialized empty Git repository in /home/runner/work/pixel-model2-rust/pixel-model2-rust/.git/
2025-10-02T12:50:55.1945562Z [command]/usr/bin/git remote add origin https://github.com/belugabox/pixel-model2-rust
2025-10-02T12:50:55.1977401Z ##[endgroup]
2025-10-02T12:50:55.1978949Z ##[group]Disabling automatic garbage collection
2025-10-02T12:50:55.1980640Z [command]/usr/bin/git config --local gc.auto 0
2025-10-02T12:50:55.2008693Z ##[endgroup]
2025-10-02T12:50:55.2009979Z ##[group]Setting up auth
2025-10-02T12:50:55.2014821Z [command]/usr/bin/git config --local --name-only --get-regexp core\.sshCommand
2025-10-02T12:50:55.2047432Z [command]/usr/bin/git submodule foreach --recursive sh -c "git config --local --name-only --get-regexp 'core\.sshCommand' && git config --local --unset-all 'core.sshCommand' || :"
2025-10-02T12:50:55.2388097Z [command]/usr/bin/git config --local --name-only --get-regexp http\.https\:\/\/github\.com\/\.extraheader
2025-10-02T12:50:55.2419768Z [command]/usr/bin/git submodule foreach --recursive sh -c "git config --local --name-only --get-regexp 'http\.https\:\/\/github\.com\/\.extraheader' && git config --local --unset-all 'http.https://github.com/.extraheader' || :"
2025-10-02T12:50:55.2640497Z [command]/usr/bin/git config --local http.https://github.com/.extraheader AUTHORIZATION: basic ***
2025-10-02T12:50:55.2674128Z ##[endgroup]
2025-10-02T12:50:55.2675763Z ##[group]Fetching the repository
2025-10-02T12:50:55.2683062Z [command]/usr/bin/git -c protocol.version=2 fetch --no-tags --prune --no-recurse-submodules --depth=1 origin +08872952fc208661dc31f64c5ce5408715406f86:refs/remotes/pull/1/merge
2025-10-02T12:50:55.7885696Z From https://github.com/belugabox/pixel-model2-rust
2025-10-02T12:50:55.7888270Z  * [new ref]         08872952fc208661dc31f64c5ce5408715406f86 -> pull/1/merge
2025-10-02T12:50:55.7918507Z ##[endgroup]
2025-10-02T12:50:55.7919790Z ##[group]Determining the checkout info
2025-10-02T12:50:55.7921051Z ##[endgroup]
2025-10-02T12:50:55.7926077Z [command]/usr/bin/git sparse-checkout disable
2025-10-02T12:50:55.7965955Z [command]/usr/bin/git config --local --unset-all extensions.worktreeConfig
2025-10-02T12:50:55.7993804Z ##[group]Checking out the ref
2025-10-02T12:50:55.7996526Z [command]/usr/bin/git checkout --progress --force refs/remotes/pull/1/merge
2025-10-02T12:50:55.8098186Z Note: switching to 'refs/remotes/pull/1/merge'.
2025-10-02T12:50:55.8098807Z 
2025-10-02T12:50:55.8099313Z You are in 'detached HEAD' state. You can look around, make experimental
2025-10-02T12:50:55.8100454Z changes and commit them, and you can discard any commits you make in this
2025-10-02T12:50:55.8101641Z state without impacting any branches by switching back to a branch.
2025-10-02T12:50:55.8102522Z 
2025-10-02T12:50:55.8103017Z If you want to create a new branch to retain commits you create, you may
2025-10-02T12:50:55.8103874Z do so (now or later) by using -c with the switch command. Example:
2025-10-02T12:50:55.8104562Z 
2025-10-02T12:50:55.8104781Z   git switch -c <new-branch-name>
2025-10-02T12:50:55.8105073Z 
2025-10-02T12:50:55.8105287Z Or undo this operation with:
2025-10-02T12:50:55.8105534Z 
2025-10-02T12:50:55.8105789Z   git switch -
2025-10-02T12:50:55.8106234Z 
2025-10-02T12:50:55.8106599Z Turn off this advice by setting config variable advice.detachedHead to false
2025-10-02T12:50:55.8106991Z 
2025-10-02T12:50:55.8107455Z HEAD is now at 0887295 Merge 38225a1a218f8c2dd2156c3d164a192f1398ca52 into 6265fd16b087c0701f70e3b4ceba98de7cea09dd
2025-10-02T12:50:55.8109032Z ##[endgroup]
2025-10-02T12:50:55.8139780Z [command]/usr/bin/git log -1 --format=%H
2025-10-02T12:50:55.8161200Z 08872952fc208661dc31f64c5ce5408715406f86
2025-10-02T12:50:55.8347135Z ##[group]Run sudo apt-get update && sudo apt-get install -y libasound2-dev pkg-config
2025-10-02T12:50:55.8347959Z [36;1msudo apt-get update && sudo apt-get install -y libasound2-dev pkg-config[0m
2025-10-02T12:50:55.8386193Z shell: /usr/bin/bash -e {0}
2025-10-02T12:50:55.8386672Z env:
2025-10-02T12:50:55.8386993Z   CARGO_TERM_COLOR: always
2025-10-02T12:50:55.8387509Z ##[endgroup]
2025-10-02T12:50:55.9727142Z Get:1 file:/etc/apt/apt-mirrors.txt Mirrorlist [144 B]
2025-10-02T12:50:56.0115701Z Hit:6 https://packages.microsoft.com/repos/azure-cli noble InRelease
2025-10-02T12:50:56.0122235Z Hit:2 http://azure.archive.ubuntu.com/ubuntu noble InRelease
2025-10-02T12:50:56.0124353Z Get:7 https://packages.microsoft.com/ubuntu/24.04/prod noble InRelease [3600 B]
2025-10-02T12:50:56.0175483Z Get:3 http://azure.archive.ubuntu.com/ubuntu noble-updates InRelease [126 kB]
2025-10-02T12:50:56.0275259Z Get:4 http://azure.archive.ubuntu.com/ubuntu noble-backports InRelease [126 kB]
2025-10-02T12:50:56.0324821Z Get:5 http://azure.archive.ubuntu.com/ubuntu noble-security InRelease [126 kB]
2025-10-02T12:50:56.2482710Z Get:8 https://packages.microsoft.com/ubuntu/24.04/prod noble/main arm64 Packages [42.0 kB]
2025-10-02T12:50:56.2690394Z Get:9 https://packages.microsoft.com/ubuntu/24.04/prod noble/main amd64 Packages [58.7 kB]
2025-10-02T12:50:56.2740482Z Get:10 https://packages.microsoft.com/ubuntu/24.04/prod noble/main armhf Packages [10.4 kB]
2025-10-02T12:50:56.3005716Z Get:11 http://azure.archive.ubuntu.com/ubuntu noble-updates/main amd64 Packages [1482 kB]
2025-10-02T12:50:56.3096253Z Get:12 http://azure.archive.ubuntu.com/ubuntu noble-updates/main Translation-en [286 kB]
2025-10-02T12:50:56.3105009Z Get:13 http://azure.archive.ubuntu.com/ubuntu noble-updates/main amd64 Components [175 kB]
2025-10-02T12:50:56.3132592Z Get:14 http://azure.archive.ubuntu.com/ubuntu noble-updates/main amd64 c-n-f Metadata [15.3 kB]
2025-10-02T12:50:56.3141461Z Get:15 http://azure.archive.ubuntu.com/ubuntu noble-updates/universe amd64 Packages [1486 kB]
2025-10-02T12:50:56.3265830Z Get:16 http://azure.archive.ubuntu.com/ubuntu noble-updates/universe Translation-en [300 kB]
2025-10-02T12:50:56.3297149Z Get:17 http://azure.archive.ubuntu.com/ubuntu noble-updates/universe amd64 Components [377 kB]
2025-10-02T12:50:56.3310468Z Get:18 http://azure.archive.ubuntu.com/ubuntu noble-updates/universe amd64 c-n-f Metadata [31.1 kB]
2025-10-02T12:50:56.3329242Z Get:19 http://azure.archive.ubuntu.com/ubuntu noble-updates/restricted amd64 Packages [2048 kB]
2025-10-02T12:50:56.3437023Z Get:20 http://azure.archive.ubuntu.com/ubuntu noble-updates/restricted Translation-en [460 kB]
2025-10-02T12:50:56.3957784Z Get:21 http://azure.archive.ubuntu.com/ubuntu noble-updates/restricted amd64 Components [212 B]
2025-10-02T12:50:56.3967327Z Get:22 http://azure.archive.ubuntu.com/ubuntu noble-updates/multiverse Translation-en [6116 B]
2025-10-02T12:50:56.3975224Z Get:23 http://azure.archive.ubuntu.com/ubuntu noble-updates/multiverse amd64 Components [940 B]
2025-10-02T12:50:56.3983951Z Get:24 http://azure.archive.ubuntu.com/ubuntu noble-backports/main amd64 Packages [40.4 kB]
2025-10-02T12:50:56.3998342Z Get:25 http://azure.archive.ubuntu.com/ubuntu noble-backports/main Translation-en [9208 B]
2025-10-02T12:50:56.4010256Z Get:26 http://azure.archive.ubuntu.com/ubuntu noble-backports/main amd64 Components [7156 B]
2025-10-02T12:50:56.4018718Z Get:27 http://azure.archive.ubuntu.com/ubuntu noble-backports/main amd64 c-n-f Metadata [368 B]
2025-10-02T12:50:56.4028893Z Get:28 http://azure.archive.ubuntu.com/ubuntu noble-backports/universe amd64 Packages [28.9 kB]
2025-10-02T12:50:56.4041244Z Get:29 http://azure.archive.ubuntu.com/ubuntu noble-backports/universe Translation-en [17.5 kB]
2025-10-02T12:50:56.4049405Z Get:30 http://azure.archive.ubuntu.com/ubuntu noble-backports/universe amd64 Components [11.0 kB]
2025-10-02T12:50:56.4061615Z Get:31 http://azure.archive.ubuntu.com/ubuntu noble-backports/universe amd64 c-n-f Metadata [1444 B]
2025-10-02T12:50:56.4070258Z Get:32 http://azure.archive.ubuntu.com/ubuntu noble-backports/restricted amd64 Components [216 B]
2025-10-02T12:50:56.4079308Z Get:33 http://azure.archive.ubuntu.com/ubuntu noble-backports/multiverse amd64 Components [212 B]
2025-10-02T12:50:56.4207278Z Get:34 http://azure.archive.ubuntu.com/ubuntu noble-security/main amd64 Packages [1201 kB]
2025-10-02T12:50:56.4712404Z Get:35 http://azure.archive.ubuntu.com/ubuntu noble-security/main Translation-en [201 kB]
2025-10-02T12:50:56.4734722Z Get:36 http://azure.archive.ubuntu.com/ubuntu noble-security/main amd64 Components [21.6 kB]
2025-10-02T12:50:56.4745619Z Get:37 http://azure.archive.ubuntu.com/ubuntu noble-security/main amd64 c-n-f Metadata [8744 B]
2025-10-02T12:50:56.4755319Z Get:38 http://azure.archive.ubuntu.com/ubuntu noble-security/universe amd64 Packages [881 kB]
2025-10-02T12:50:56.4804805Z Get:39 http://azure.archive.ubuntu.com/ubuntu noble-security/universe Translation-en [196 kB]
2025-10-02T12:50:56.4832315Z Get:40 http://azure.archive.ubuntu.com/ubuntu noble-security/universe amd64 Components [52.3 kB]
2025-10-02T12:50:56.4839707Z Get:41 http://azure.archive.ubuntu.com/ubuntu noble-security/universe amd64 c-n-f Metadata [18.0 kB]
2025-10-02T12:50:56.4849942Z Get:42 http://azure.archive.ubuntu.com/ubuntu noble-security/restricted amd64 Packages [1938 kB]
2025-10-02T12:50:56.4953154Z Get:43 http://azure.archive.ubuntu.com/ubuntu noble-security/restricted Translation-en [439 kB]
2025-10-02T12:50:56.4998077Z Get:44 http://azure.archive.ubuntu.com/ubuntu noble-security/restricted amd64 Components [212 B]
2025-10-02T12:50:56.5009372Z Get:45 http://azure.archive.ubuntu.com/ubuntu noble-security/multiverse Translation-en [5844 B]
2025-10-02T12:50:56.5020107Z Get:46 http://azure.archive.ubuntu.com/ubuntu noble-security/multiverse amd64 Components [212 B]
2025-10-02T12:51:07.0194462Z Fetched 12.2 MB in 2s (7641 kB/s)
2025-10-02T12:51:07.7159396Z Reading package lists...
2025-10-02T12:51:07.7547084Z Reading package lists...
2025-10-02T12:51:07.9063513Z Building dependency tree...
2025-10-02T12:51:07.9071277Z Reading state information...
2025-10-02T12:51:08.0556073Z pkg-config is already the newest version (1.8.1-2build1).
2025-10-02T12:51:08.0556570Z Suggested packages:
2025-10-02T12:51:08.0556854Z   libasound2-doc
2025-10-02T12:51:08.0740539Z The following NEW packages will be installed:
2025-10-02T12:51:08.0746940Z   libasound2-dev
2025-10-02T12:51:08.0915395Z 0 upgraded, 1 newly installed, 0 to remove and 27 not upgraded.
2025-10-02T12:51:08.0916174Z Need to get 115 kB of archives.
2025-10-02T12:51:08.0916747Z After this operation, 715 kB of additional disk space will be used.
2025-10-02T12:51:08.0917211Z Get:1 file:/etc/apt/apt-mirrors.txt Mirrorlist [144 B]
2025-10-02T12:51:08.1616442Z Get:2 http://azure.archive.ubuntu.com/ubuntu noble-updates/main amd64 libasound2-dev amd64 1.2.11-1ubuntu0.1 [115 kB]
2025-10-02T12:51:08.4244694Z Fetched 115 kB in 0s (1404 kB/s)
2025-10-02T12:51:08.4799689Z Selecting previously unselected package libasound2-dev:amd64.
2025-10-02T12:51:08.6002420Z (Reading database ... 
2025-10-02T12:51:08.6003133Z (Reading database ... 5%
2025-10-02T12:51:08.6003417Z (Reading database ... 10%
2025-10-02T12:51:08.6003706Z (Reading database ... 15%
2025-10-02T12:51:08.6004159Z (Reading database ... 20%
2025-10-02T12:51:08.6004498Z (Reading database ... 25%
2025-10-02T12:51:08.6004824Z (Reading database ... 30%
2025-10-02T12:51:08.6005126Z (Reading database ... 35%
2025-10-02T12:51:08.6005601Z (Reading database ... 40%
2025-10-02T12:51:08.6006013Z (Reading database ... 45%
2025-10-02T12:51:08.6006454Z (Reading database ... 50%
2025-10-02T12:51:08.7169745Z (Reading database ... 55%
2025-10-02T12:51:09.2669602Z (Reading database ... 60%
2025-10-02T12:51:09.7719869Z (Reading database ... 65%
2025-10-02T12:51:10.2571267Z (Reading database ... 70%
2025-10-02T12:51:10.7701247Z (Reading database ... 75%
2025-10-02T12:51:11.2950322Z (Reading database ... 80%
2025-10-02T12:51:11.8605069Z (Reading database ... 85%
2025-10-02T12:51:12.4755826Z (Reading database ... 90%
2025-10-02T12:51:13.0910254Z (Reading database ... 95%
2025-10-02T12:51:13.0910880Z (Reading database ... 100%
2025-10-02T12:51:13.0911698Z (Reading database ... 214164 files and directories currently installed.)
2025-10-02T12:51:13.0956111Z Preparing to unpack .../libasound2-dev_1.2.11-1ubuntu0.1_amd64.deb ...
2025-10-02T12:51:13.1010149Z Unpacking libasound2-dev:amd64 (1.2.11-1ubuntu0.1) ...
2025-10-02T12:51:13.1658657Z Setting up libasound2-dev:amd64 (1.2.11-1ubuntu0.1) ...
2025-10-02T12:51:14.4073104Z 
2025-10-02T12:51:14.4074246Z Running kernel seems to be up-to-date.
2025-10-02T12:51:14.4078686Z 
2025-10-02T12:51:14.4078939Z Restarting services...
2025-10-02T12:51:14.4147981Z 
2025-10-02T12:51:14.4148504Z Service restarts being deferred:
2025-10-02T12:51:14.4169514Z  systemctl restart hosted-compute-agent.service
2025-10-02T12:51:14.4169899Z 
2025-10-02T12:51:14.4170066Z No containers need to be restarted.
2025-10-02T12:51:14.4170342Z 
2025-10-02T12:51:14.4171321Z No user sessions are running outdated binaries.
2025-10-02T12:51:14.4171684Z 
2025-10-02T12:51:14.4171989Z No VM guests are running outdated hypervisor (qemu) binaries on this host.
2025-10-02T12:51:15.2285882Z ##[group]Run dtolnay/rust-toolchain@stable
2025-10-02T12:51:15.2286180Z with:
2025-10-02T12:51:15.2286377Z   components: rustfmt, clippy
2025-10-02T12:51:15.2286603Z   toolchain: stable
2025-10-02T12:51:15.2286785Z env:
2025-10-02T12:51:15.2286959Z   CARGO_TERM_COLOR: always
2025-10-02T12:51:15.2287161Z ##[endgroup]
2025-10-02T12:51:15.2385796Z ##[group]Run : parse toolchain version
2025-10-02T12:51:15.2386119Z [36;1m: parse toolchain version[0m
2025-10-02T12:51:15.2386374Z [36;1mif [[ -z $toolchain ]]; then[0m
2025-10-02T12:51:15.2386851Z [36;1m  # GitHub does not enforce `required: true` inputs itself. https://github.com/actions/runner/issues/1070[0m
2025-10-02T12:51:15.2387344Z [36;1m  echo "'toolchain' is a required input" >&2[0m
2025-10-02T12:51:15.2387610Z [36;1m  exit 1[0m
2025-10-02T12:51:15.2387911Z [36;1melif [[ $toolchain =~ ^stable' '[0-9]+' '(year|month|week|day)s?' 'ago$ ]]; then[0m
2025-10-02T12:51:15.2388306Z [36;1m  if [[ Linux == macOS ]]; then[0m
2025-10-02T12:51:15.2388782Z [36;1m    echo "toolchain=1.$((($(date -v-$(sed 's/stable \([0-9]*\) \(.\).*/\1\2/' <<< $toolchain) +%s)/60/60/24-16569)/7/6))" >> $GITHUB_OUTPUT[0m
2025-10-02T12:51:15.2389203Z [36;1m  else[0m
2025-10-02T12:51:15.2389553Z [36;1m    echo "toolchain=1.$((($(date --date "${toolchain#stable }" +%s)/60/60/24-16569)/7/6))" >> $GITHUB_OUTPUT[0m
2025-10-02T12:51:15.2389952Z [36;1m  fi[0m
2025-10-02T12:51:15.2390215Z [36;1melif [[ $toolchain =~ ^stable' 'minus' '[0-9]+' 'releases?$ ]]; then[0m
2025-10-02T12:51:15.2390686Z [36;1m  echo "toolchain=1.$((($(date +%s)/60/60/24-16569)/7/6-${toolchain//[^0-9]/}))" >> $GITHUB_OUTPUT[0m
2025-10-02T12:51:15.2391082Z [36;1melif [[ $toolchain =~ ^1\.[0-9]+$ ]]; then[0m
2025-10-02T12:51:15.2391531Z [36;1m  echo "toolchain=1.$((i=${toolchain#1.}, c=($(date +%s)/60/60/24-16569)/7/6, i+9*i*(10*i<=c)+90*i*(100*i<=c)))" >> $GITHUB_OUTPUT[0m
2025-10-02T12:51:15.2392108Z [36;1melse[0m
2025-10-02T12:51:15.2392329Z [36;1m  echo "toolchain=$toolchain" >> $GITHUB_OUTPUT[0m
2025-10-02T12:51:15.2392594Z [36;1mfi[0m
2025-10-02T12:51:15.2426101Z shell: /usr/bin/bash --noprofile --norc -e -o pipefail {0}
2025-10-02T12:51:15.2426422Z env:
2025-10-02T12:51:15.2426605Z   CARGO_TERM_COLOR: always
2025-10-02T12:51:15.2426817Z   toolchain: stable
2025-10-02T12:51:15.2427008Z ##[endgroup]
2025-10-02T12:51:15.2542125Z ##[group]Run : construct rustup command line
2025-10-02T12:51:15.2542436Z [36;1m: construct rustup command line[0m
2025-10-02T12:51:15.2542847Z [36;1mecho "targets=$(for t in ${targets//,/ }; do echo -n ' --target' $t; done)" >> $GITHUB_OUTPUT[0m
2025-10-02T12:51:15.2543400Z [36;1mecho "components=$(for c in ${components//,/ }; do echo -n ' --component' $c; done)" >> $GITHUB_OUTPUT[0m
2025-10-02T12:51:15.2543828Z [36;1mecho "downgrade=" >> $GITHUB_OUTPUT[0m
2025-10-02T12:51:15.2572429Z shell: /usr/bin/bash --noprofile --norc -e -o pipefail {0}
2025-10-02T12:51:15.2572755Z env:
2025-10-02T12:51:15.2572930Z   CARGO_TERM_COLOR: always
2025-10-02T12:51:15.2573157Z   targets: 
2025-10-02T12:51:15.2573345Z   components: rustfmt, clippy
2025-10-02T12:51:15.2573558Z ##[endgroup]
2025-10-02T12:51:15.2693129Z ##[group]Run : set $CARGO_HOME
2025-10-02T12:51:15.2693558Z [36;1m: set $CARGO_HOME[0m
2025-10-02T12:51:15.2695819Z [36;1mecho CARGO_HOME=${CARGO_HOME:-"$HOME/.cargo"} >> $GITHUB_ENV[0m
2025-10-02T12:51:15.2730398Z shell: /usr/bin/bash --noprofile --norc -e -o pipefail {0}
2025-10-02T12:51:15.2730829Z env:
2025-10-02T12:51:15.2731045Z   CARGO_TERM_COLOR: always
2025-10-02T12:51:15.2731314Z ##[endgroup]
2025-10-02T12:51:15.2828667Z ##[group]Run : install rustup if needed
2025-10-02T12:51:15.2828988Z [36;1m: install rustup if needed[0m
2025-10-02T12:51:15.2829764Z [36;1mif ! command -v rustup &>/dev/null; then[0m
2025-10-02T12:51:15.2830605Z [36;1m  curl --proto '=https' --tlsv1.2 --retry 10 --retry-connrefused --location --silent --show-error --fail https://sh.rustup.rs | sh -s -- --default-toolchain none -y[0m
2025-10-02T12:51:15.2832043Z [36;1m  echo "$CARGO_HOME/bin" >> $GITHUB_PATH[0m
2025-10-02T12:51:15.2832359Z [36;1mfi[0m
2025-10-02T12:51:15.2865966Z shell: /usr/bin/bash --noprofile --norc -e -o pipefail {0}
2025-10-02T12:51:15.2866343Z env:
2025-10-02T12:51:15.2866557Z   CARGO_TERM_COLOR: always
2025-10-02T12:51:15.2866830Z   CARGO_HOME: /home/runner/.cargo
2025-10-02T12:51:15.2867113Z ##[endgroup]
2025-10-02T12:51:15.2947514Z ##[group]Run rustup toolchain install stable --component rustfmt --component clippy --profile minimal --no-self-update
2025-10-02T12:51:15.2948256Z [36;1mrustup toolchain install stable --component rustfmt --component clippy --profile minimal --no-self-update[0m
2025-10-02T12:51:15.2977135Z shell: /usr/bin/bash --noprofile --norc -e -o pipefail {0}
2025-10-02T12:51:15.2977492Z env:
2025-10-02T12:51:15.2977708Z   CARGO_TERM_COLOR: always
2025-10-02T12:51:15.2977972Z   CARGO_HOME: /home/runner/.cargo
2025-10-02T12:51:15.2978287Z ##[endgroup]
2025-10-02T12:51:15.7590864Z info: syncing channel updates for 'stable-x86_64-unknown-linux-gnu'
2025-10-02T12:51:16.0875567Z info: latest update on 2025-09-18, rust version 1.90.0 (1159e78c4 2025-09-14)
2025-10-02T12:51:16.0876211Z info: downloading component 'cargo'
2025-10-02T12:51:16.3459583Z info: downloading component 'clippy'
2025-10-02T12:51:16.5297189Z info: downloading component 'rust-std'
2025-10-02T12:51:17.0107952Z info: downloading component 'rustc'
2025-10-02T12:51:18.0893448Z info: downloading component 'rustfmt'
2025-10-02T12:51:18.2398977Z info: installing component 'cargo'
2025-10-02T12:51:19.0634772Z info: installing component 'clippy'
2025-10-02T12:51:19.4317761Z info: installing component 'rust-std'
2025-10-02T12:51:21.3009913Z info: installing component 'rustc'
2025-10-02T12:51:25.9905829Z info: installing component 'rustfmt'
2025-10-02T12:51:26.2830393Z 
2025-10-02T12:51:26.2925675Z   stable-x86_64-unknown-linux-gnu installed - rustc 1.90.0 (1159e78c4 2025-09-14)
2025-10-02T12:51:26.2926632Z 
2025-10-02T12:51:26.2979410Z ##[group]Run rustup default stable
2025-10-02T12:51:26.2979703Z [36;1mrustup default stable[0m
2025-10-02T12:51:26.3011939Z shell: /usr/bin/bash --noprofile --norc -e -o pipefail {0}
2025-10-02T12:51:26.3012263Z env:
2025-10-02T12:51:26.3012446Z   CARGO_TERM_COLOR: always
2025-10-02T12:51:26.3012666Z   CARGO_HOME: /home/runner/.cargo
2025-10-02T12:51:26.3012906Z ##[endgroup]
2025-10-02T12:51:26.3113648Z info: using existing install for 'stable-x86_64-unknown-linux-gnu'
2025-10-02T12:51:26.3442130Z info: default toolchain set to 'stable-x86_64-unknown-linux-gnu'
2025-10-02T12:51:26.3442684Z 
2025-10-02T12:51:26.3531304Z   stable-x86_64-unknown-linux-gnu unchanged - rustc 1.90.0 (1159e78c4 2025-09-14)
2025-10-02T12:51:26.3531832Z 
2025-10-02T12:51:26.3575441Z ##[group]Run : create cachekey
2025-10-02T12:51:26.3575736Z [36;1m: create cachekey[0m
2025-10-02T12:51:26.3576221Z [36;1mDATE=$(rustc +stable --version --verbose | sed -ne 's/^commit-date: \(20[0-9][0-9]\)-\([01][0-9]\)-\([0-3][0-9]\)$/\1\2\3/p')[0m
2025-10-02T12:51:26.3576892Z [36;1mHASH=$(rustc +stable --version --verbose | sed -ne 's/^commit-hash: //p')[0m
2025-10-02T12:51:26.3577389Z [36;1mecho "cachekey=$(echo $DATE$HASH | head -c12)" >> $GITHUB_OUTPUT[0m
2025-10-02T12:51:26.3609338Z shell: /usr/bin/bash --noprofile --norc -e -o pipefail {0}
2025-10-02T12:51:26.3609674Z env:
2025-10-02T12:51:26.3609867Z   CARGO_TERM_COLOR: always
2025-10-02T12:51:26.3610106Z   CARGO_HOME: /home/runner/.cargo
2025-10-02T12:51:26.3610355Z ##[endgroup]
2025-10-02T12:51:26.4030749Z ##[group]Run : disable incremental compilation
2025-10-02T12:51:26.4031074Z [36;1m: disable incremental compilation[0m
2025-10-02T12:51:26.4031380Z [36;1mif [ -z "${CARGO_INCREMENTAL+set}" ]; then[0m
2025-10-02T12:51:26.4031694Z [36;1m  echo CARGO_INCREMENTAL=0 >> $GITHUB_ENV[0m
2025-10-02T12:51:26.4031943Z [36;1mfi[0m
2025-10-02T12:51:26.4064264Z shell: /usr/bin/bash --noprofile --norc -e -o pipefail {0}
2025-10-02T12:51:26.4064601Z env:
2025-10-02T12:51:26.4064775Z   CARGO_TERM_COLOR: always
2025-10-02T12:51:26.4065191Z   CARGO_HOME: /home/runner/.cargo
2025-10-02T12:51:26.4065420Z ##[endgroup]
2025-10-02T12:51:26.4131212Z ##[group]Run : enable colors in Cargo output
2025-10-02T12:51:26.4131521Z [36;1m: enable colors in Cargo output[0m
2025-10-02T12:51:26.4131816Z [36;1mif [ -z "${CARGO_TERM_COLOR+set}" ]; then[0m
2025-10-02T12:51:26.4132132Z [36;1m  echo CARGO_TERM_COLOR=always >> $GITHUB_ENV[0m
2025-10-02T12:51:26.4132389Z [36;1mfi[0m
2025-10-02T12:51:26.4160411Z shell: /usr/bin/bash --noprofile --norc -e -o pipefail {0}
2025-10-02T12:51:26.4160729Z env:
2025-10-02T12:51:26.4160905Z   CARGO_TERM_COLOR: always
2025-10-02T12:51:26.4161131Z   CARGO_HOME: /home/runner/.cargo
2025-10-02T12:51:26.4161357Z   CARGO_INCREMENTAL: 0
2025-10-02T12:51:26.4161553Z ##[endgroup]
2025-10-02T12:51:26.4226229Z ##[group]Run : enable Cargo sparse registry
2025-10-02T12:51:26.4226553Z [36;1m: enable Cargo sparse registry[0m
2025-10-02T12:51:26.4226896Z [36;1m# implemented in 1.66, stabilized in 1.68, made default in 1.70[0m
2025-10-02T12:51:26.4227538Z [36;1mif [ -z "${CARGO_REGISTRIES_CRATES_IO_PROTOCOL+set}" -o -f "/home/runner/work/_temp"/.implicit_cargo_registries_crates_io_protocol ]; then[0m
2025-10-02T12:51:26.4228176Z [36;1m  if rustc +stable --version --verbose | grep -q '^release: 1\.6[89]\.'; then[0m
2025-10-02T12:51:26.4228691Z [36;1m    touch "/home/runner/work/_temp"/.implicit_cargo_registries_crates_io_protocol || true[0m
2025-10-02T12:51:26.4229168Z [36;1m    echo CARGO_REGISTRIES_CRATES_IO_PROTOCOL=sparse >> $GITHUB_ENV[0m
2025-10-02T12:51:26.4229612Z [36;1m  elif rustc +stable --version --verbose | grep -q '^release: 1\.6[67]\.'; then[0m
2025-10-02T12:51:26.4230114Z [36;1m    touch "/home/runner/work/_temp"/.implicit_cargo_registries_crates_io_protocol || true[0m
2025-10-02T12:51:26.4230572Z [36;1m    echo CARGO_REGISTRIES_CRATES_IO_PROTOCOL=git >> $GITHUB_ENV[0m
2025-10-02T12:51:26.4231055Z [36;1m  fi[0m
2025-10-02T12:51:26.4231223Z [36;1mfi[0m
2025-10-02T12:51:26.4259030Z shell: /usr/bin/bash --noprofile --norc -e -o pipefail {0}
2025-10-02T12:51:26.4259342Z env:
2025-10-02T12:51:26.4259514Z   CARGO_TERM_COLOR: always
2025-10-02T12:51:26.4259743Z   CARGO_HOME: /home/runner/.cargo
2025-10-02T12:51:26.4259964Z   CARGO_INCREMENTAL: 0
2025-10-02T12:51:26.4260159Z ##[endgroup]
2025-10-02T12:51:26.4619162Z ##[group]Run : work around spurious network errors in curl 8.0
2025-10-02T12:51:26.4619570Z [36;1m: work around spurious network errors in curl 8.0[0m
2025-10-02T12:51:26.4620067Z [36;1m# https://rust-lang.zulipchat.com/#narrow/stream/246057-t-cargo/topic/timeout.20investigation[0m
2025-10-02T12:51:26.4620623Z [36;1mif rustc +stable --version --verbose | grep -q '^release: 1\.7[01]\.'; then[0m
2025-10-02T12:51:26.4621024Z [36;1m  echo CARGO_HTTP_MULTIPLEXING=false >> $GITHUB_ENV[0m
2025-10-02T12:51:26.4621310Z [36;1mfi[0m
2025-10-02T12:51:26.4652798Z shell: /usr/bin/bash --noprofile --norc -e -o pipefail {0}
2025-10-02T12:51:26.4653122Z env:
2025-10-02T12:51:26.4653315Z   CARGO_TERM_COLOR: always
2025-10-02T12:51:26.4653532Z   CARGO_HOME: /home/runner/.cargo
2025-10-02T12:51:26.4653762Z   CARGO_INCREMENTAL: 0
2025-10-02T12:51:26.4653962Z ##[endgroup]
2025-10-02T12:51:26.4868371Z ##[group]Run rustc +stable --version --verbose
2025-10-02T12:51:26.4868683Z [36;1mrustc +stable --version --verbose[0m
2025-10-02T12:51:26.4898828Z shell: /usr/bin/bash --noprofile --norc -e -o pipefail {0}
2025-10-02T12:51:26.4899146Z env:
2025-10-02T12:51:26.4899328Z   CARGO_TERM_COLOR: always
2025-10-02T12:51:26.4899550Z   CARGO_HOME: /home/runner/.cargo
2025-10-02T12:51:26.4899785Z   CARGO_INCREMENTAL: 0
2025-10-02T12:51:26.4899976Z ##[endgroup]
2025-10-02T12:51:26.5071899Z rustc 1.90.0 (1159e78c4 2025-09-14)
2025-10-02T12:51:26.5072498Z binary: rustc
2025-10-02T12:51:26.5073006Z commit-hash: 1159e78c4747b02ef996e55082b704c09b970588
2025-10-02T12:51:26.5073633Z commit-date: 2025-09-14
2025-10-02T12:51:26.5074356Z host: x86_64-unknown-linux-gnu
2025-10-02T12:51:26.5074896Z release: 1.90.0
2025-10-02T12:51:26.5075498Z LLVM version: 20.1.8
2025-10-02T12:51:26.5182831Z ##[group]Run Swatinem/rust-cache@v2
2025-10-02T12:51:26.5183114Z with:
2025-10-02T12:51:26.5183287Z   prefix-key: v0-rust
2025-10-02T12:51:26.5183501Z   cache-targets: true
2025-10-02T12:51:26.5183702Z   cache-all-crates: false
2025-10-02T12:51:26.5183933Z   cache-workspace-crates: false
2025-10-02T12:51:26.5184382Z   save-if: true
2025-10-02T12:51:26.5184574Z   cache-provider: github
2025-10-02T12:51:26.5184775Z   cache-bin: true
2025-10-02T12:51:26.5184961Z   lookup-only: false
2025-10-02T12:51:26.5185152Z env:
2025-10-02T12:51:26.5185316Z   CARGO_TERM_COLOR: always
2025-10-02T12:51:26.5185542Z   CARGO_HOME: /home/runner/.cargo
2025-10-02T12:51:26.5185770Z   CARGO_INCREMENTAL: 0
2025-10-02T12:51:26.5185968Z ##[endgroup]
2025-10-02T12:51:26.9310947Z ##[group]Cache Configuration
2025-10-02T12:51:26.9311256Z Cache Provider:
2025-10-02T12:51:26.9311469Z     github
2025-10-02T12:51:26.9311650Z Workspaces:
2025-10-02T12:51:26.9312613Z     /home/runner/work/pixel-model2-rust/pixel-model2-rust
2025-10-02T12:51:26.9313137Z Cache Paths:
2025-10-02T12:51:26.9313470Z     /home/runner/.cargo/bin
2025-10-02T12:51:26.9313853Z     /home/runner/.cargo/.crates.toml
2025-10-02T12:51:26.9314382Z     /home/runner/.cargo/.crates2.json
2025-10-02T12:51:26.9314721Z     /home/runner/.cargo/registry
2025-10-02T12:51:26.9315016Z     /home/runner/.cargo/git
2025-10-02T12:51:26.9315321Z     /home/runner/work/pixel-model2-rust/pixel-model2-rust/target
2025-10-02T12:51:26.9315643Z Restore Key:
2025-10-02T12:51:26.9315870Z     v0-rust-integration-tests-Linux-x64-3bcebdd4
2025-10-02T12:51:26.9316156Z Cache Key:
2025-10-02T12:51:26.9316408Z     v0-rust-integration-tests-Linux-x64-3bcebdd4-877f72a6
2025-10-02T12:51:26.9316709Z .. Prefix:
2025-10-02T12:51:26.9316940Z   - v0-rust-integration-tests-Linux-x64
2025-10-02T12:51:26.9317397Z .. Environment considered:
2025-10-02T12:51:26.9318142Z   - Rust Version: 1.90.0 x86_64-unknown-linux-gnu (1159e78c4747b02ef996e55082b704c09b970588)
2025-10-02T12:51:26.9318567Z   - CARGO_HOME
2025-10-02T12:51:26.9318762Z   - CARGO_INCREMENTAL
2025-10-02T12:51:26.9318978Z   - CARGO_TERM_COLOR
2025-10-02T12:51:26.9319189Z .. Lockfiles considered:
2025-10-02T12:51:26.9319548Z   - /home/runner/work/pixel-model2-rust/pixel-model2-rust/Cargo.toml
2025-10-02T12:51:26.9320230Z ##[endgroup]
2025-10-02T12:51:26.9320351Z 
2025-10-02T12:51:26.9320438Z ... Restoring cache ...
2025-10-02T12:51:27.1950938Z Cache hit for: v0-rust-integration-tests-Linux-x64-3bcebdd4-877f72a6
2025-10-02T12:51:28.4277346Z Received 37748736 of 613837085 (6.1%), 36.0 MBs/sec
2025-10-02T12:51:29.4297758Z Received 176160768 of 613837085 (28.7%), 83.9 MBs/sec
2025-10-02T12:51:30.4303180Z Received 352321536 of 613837085 (57.4%), 111.9 MBs/sec
2025-10-02T12:51:31.4318328Z Received 499122176 of 613837085 (81.3%), 118.9 MBs/sec
2025-10-02T12:51:32.4328908Z Received 609642781 of 613837085 (99.3%), 116.1 MBs/sec
2025-10-02T12:51:32.6949695Z Received 613837085 of 613837085 (100.0%), 111.1 MBs/sec
2025-10-02T12:51:32.6951555Z Cache Size: ~585 MB (613837085 B)
2025-10-02T12:51:32.6992675Z [command]/usr/bin/tar -xf /home/runner/work/_temp/0ad2c965-4187-4f14-bad9-a156b077b823/cache.tzst -P -C /home/runner/work/pixel-model2-rust/pixel-model2-rust --use-compress-program unzstd
2025-10-02T12:51:36.4306388Z Cache restored successfully
2025-10-02T12:51:36.5449481Z Restored from cache key "v0-rust-integration-tests-Linux-x64-3bcebdd4-877f72a6" full match: true.
2025-10-02T12:51:36.5583972Z ##[group]Run cargo test --test integration_tests
2025-10-02T12:51:36.5584563Z [36;1mcargo test --test integration_tests[0m
2025-10-02T12:51:36.5616718Z shell: /usr/bin/bash -e {0}
2025-10-02T12:51:36.5616950Z env:
2025-10-02T12:51:36.5617129Z   CARGO_TERM_COLOR: always
2025-10-02T12:51:36.5617367Z   CARGO_HOME: /home/runner/.cargo
2025-10-02T12:51:36.5617611Z   CARGO_INCREMENTAL: 0
2025-10-02T12:51:36.5617841Z   CACHE_ON_FAILURE: false
2025-10-02T12:51:36.5618050Z ##[endgroup]
2025-10-02T12:51:36.6943735Z [1m[32m    Updating[0m crates.io index
2025-10-02T12:51:38.5023852Z [1m[32m     Locking[0m 506 packages to latest compatible versions
2025-10-02T12:51:38.5129191Z [1m[36m      Adding[0m bincode v1.3.3 [1m[33m(available: v2.0.1)[0m
2025-10-02T12:51:38.5318517Z [1m[36m      Adding[0m criterion v0.5.1 [1m[33m(available: v0.7.0)[0m
2025-10-02T12:51:38.5359568Z [1m[36m      Adding[0m egui v0.26.2 [1m[33m(available: v0.32.3)[0m
2025-10-02T12:51:38.5365482Z [1m[36m      Adding[0m egui-wgpu v0.26.2 [1m[33m(available: v0.32.3)[0m
2025-10-02T12:51:38.5376298Z [1m[36m      Adding[0m egui-winit v0.26.2 [1m[33m(available: v0.32.3)[0m
2025-10-02T12:51:38.6263668Z [1m[36m      Adding[0m thiserror v1.0.69 [1m[33m(available: v2.0.17)[0m
2025-10-02T12:51:38.6335131Z [1m[36m      Adding[0m toml v0.8.23 [1m[33m(available: v0.9.7)[0m
2025-10-02T12:51:38.6512507Z [1m[36m      Adding[0m wgpu v0.19.4 [1m[33m(available: v27.0.0)[0m
2025-10-02T12:51:38.7069891Z [1m[36m      Adding[0m winit v0.29.15 [1m[33m(available: v0.30.12)[0m
2025-10-02T12:51:38.7182749Z [1m[36m      Adding[0m zip v0.6.6 [1m[33m(available: v5.1.1)[0m
2025-10-02T12:51:40.0765897Z [1m[32m   Compiling[0m pixel-model2-rust v0.1.0 (/home/runner/work/pixel-model2-rust/pixel-model2-rust)
2025-10-02T12:51:40.1752205Z [0m[1m[33mwarning[0m[0m[1m: ambiguous glob re-exports[0m
2025-10-02T12:51:40.1753023Z [0m  [0m[0m[1m[38;5;12m--> [0m[0msrc/lib.rs:21:9[0m
2025-10-02T12:51:40.1753742Z [0m   [0m[0m[1m[38;5;12m|[0m
2025-10-02T12:51:40.1759955Z [0m[1m[38;5;12m21[0m[0m [0m[0m[1m[38;5;12m|[0m[0m [0m[0mpub use memory::*;[0m
2025-10-02T12:51:40.1760819Z [0m   [0m[0m[1m[38;5;12m|[0m[0m         [0m[0m[1m[33m^^^^^^^^^[0m[0m [0m[0m[1m[33mthe name `mapping` in the type namespace is first re-exported here[0m
2025-10-02T12:51:40.1761642Z [0m[1m[38;5;12m22[0m[0m [0m[0m[1m[38;5;12m|[0m[0m [0m[0mpub use rom::*;[0m
2025-10-02T12:51:40.1762773Z [0m   [0m[0m[1m[38;5;12m|[0m[0m         [0m[0m[1m[38;5;12m------[0m[0m [0m[0m[1m[38;5;12mbut the name `mapping` in the type namespace is also re-exported here[0m
2025-10-02T12:51:40.1763395Z [0m   [0m[0m[1m[38;5;12m|[0m
2025-10-02T12:51:40.1763923Z [0m   [0m[0m[1m[38;5;12m= [0m[0m[1mnote[0m[0m: `#[warn(ambiguous_glob_reexports)]` on by default[0m
2025-10-02T12:51:40.1764551Z 
2025-10-02T12:51:40.7893209Z [0m[1m[33mwarning[0m[0m[1m: field `palettes` is never read[0m
2025-10-02T12:51:40.7894411Z [0m  [0m[0m[1m[38;5;12m--> [0m[0msrc/gpu/texture.rs:14:5[0m
2025-10-02T12:51:40.7894938Z [0m   [0m[0m[1m[38;5;12m|[0m
2025-10-02T12:51:40.7895555Z [0m[1m[38;5;12m12[0m[0m [0m[0m[1m[38;5;12m|[0m[0m [0m[0mpub struct TextureManager {[0m
2025-10-02T12:51:40.7896445Z [0m   [0m[0m[1m[38;5;12m|[0m[0m            [0m[0m[1m[38;5;12m--------------[0m[0m [0m[0m[1m[38;5;12mfield in this struct[0m
2025-10-02T12:51:40.7897309Z [0m[1m[38;5;12m13[0m[0m [0m[0m[1m[38;5;12m|[0m[0m [0m[0m    textures: HashMap<u32, TextureData>,[0m
2025-10-02T12:51:40.7897971Z [0m[1m[38;5;12m14[0m[0m [0m[0m[1m[38;5;12m|[0m[0m [0m[0m    palettes: HashMap<u32, PaletteData>,[0m
2025-10-02T12:51:40.7898526Z [0m   [0m[0m[1m[38;5;12m|[0m[0m     [0m[0m[1m[33m^^^^^^^^[0m
2025-10-02T12:51:40.7898916Z [0m   [0m[0m[1m[38;5;12m|[0m
2025-10-02T12:51:40.7900022Z [0m   [0m[0m[1m[38;5;12m= [0m[0m[1mnote[0m[0m: `#[warn(dead_code)]` on by default[0m
2025-10-02T12:51:40.7900383Z 
2025-10-02T12:51:40.7900710Z [0m[1m[33mwarning[0m[0m[1m: field `gpu_command_queue` is never read[0m
2025-10-02T12:51:40.7901246Z [0m   [0m[0m[1m[38;5;12m--> [0m[0msrc/memory/mod.rs:674:5[0m
2025-10-02T12:51:40.7901647Z [0m    [0m[0m[1m[38;5;12m|[0m
2025-10-02T12:51:40.7902135Z [0m[1m[38;5;12m645[0m[0m [0m[0m[1m[38;5;12m|[0m[0m [0m[0mpub struct Model2Memory {[0m
2025-10-02T12:51:40.7902847Z [0m    [0m[0m[1m[38;5;12m|[0m[0m            [0m[0m[1m[38;5;12m------------[0m[0m [0m[0m[1m[38;5;12mfield in this struct[0m
2025-10-02T12:51:40.7903339Z [0m[1m[38;5;12m...[0m
2025-10-02T12:51:40.7903826Z [0m[1m[38;5;12m674[0m[0m [0m[0m[1m[38;5;12m|[0m[0m [0m[0m    gpu_command_queue: Vec<GpuCommand>,[0m
2025-10-02T12:51:40.7904549Z [0m    [0m[0m[1m[38;5;12m|[0m[0m     [0m[0m[1m[33m^^^^^^^^^^^^^^^^^[0m
2025-10-02T12:51:40.7904957Z [0m    [0m[0m[1m[38;5;12m|[0m
2025-10-02T12:51:40.7905794Z [0m    [0m[0m[1m[38;5;12m= [0m[0m[1mnote[0m[0m: `Model2Memory` has a derived impl for the trait `Debug`, but this is intentionally ignored during dead code analysis[0m
2025-10-02T12:51:40.7906402Z 
2025-10-02T12:51:40.7906751Z [0m[1m[33mwarning[0m[0m[1m: methods `record_read` and `record_access` are never used[0m
2025-10-02T12:51:40.7907344Z [0m   [0m[0m[1m[38;5;12m--> [0m[0msrc/memory/ram.rs:212:8[0m
2025-10-02T12:51:40.7907718Z [0m    [0m[0m[1m[38;5;12m|[0m
2025-10-02T12:51:40.7908089Z [0m[1m[38;5;12m201[0m[0m [0m[0m[1m[38;5;12m|[0m[0m [0m[0mimpl AccessStats {[0m
2025-10-02T12:51:40.7908624Z [0m    [0m[0m[1m[38;5;12m|[0m[0m [0m[0m[1m[38;5;12m----------------[0m[0m [0m[0m[1m[38;5;12mmethods in this implementation[0m
2025-10-02T12:51:40.7909009Z [0m[1m[38;5;12m...[0m
2025-10-02T12:51:40.7909407Z [0m[1m[38;5;12m212[0m[0m [0m[0m[1m[38;5;12m|[0m[0m [0m[0m    fn record_read(&mut self, bytes: usize) {[0m
2025-10-02T12:51:40.7909867Z [0m    [0m[0m[1m[38;5;12m|[0m[0m        [0m[0m[1m[33m^^^^^^^^^^^[0m
2025-10-02T12:51:40.7910173Z [0m[1m[38;5;12m...[0m
2025-10-02T12:51:40.7910568Z [0m[1m[38;5;12m222[0m[0m [0m[0m[1m[38;5;12m|[0m[0m [0m[0m    fn record_access(&mut self, address: u32) {[0m
2025-10-02T12:51:40.7911009Z [0m    [0m[0m[1m[38;5;12m|[0m[0m        [0m[0m[1m[33m^^^^^^^^^^^^^[0m
2025-10-02T12:51:40.7911235Z 
2025-10-02T12:51:48.2700548Z [1m[33mwarning[0m[1m:[0m `pixel-model2-rust` (lib) generated 4 warnings
2025-10-02T12:51:48.3351372Z [0m[1m[33mwarning[0m[0m[1m: unused variable: `input`[0m
2025-10-02T12:51:48.3352745Z [0m  [0m[0m[1m[38;5;12m--> [0m[0mintegration_test.rs:78:13[0m
2025-10-02T12:51:48.3353854Z [0m   [0m[0m[1m[38;5;12m|[0m
2025-10-02T12:51:48.3355548Z [0m[1m[38;5;12m78[0m[0m [0m[0m[1m[38;5;12m|[0m[0m [0m[0m    let mut input = input::InputManager::new();[0m
2025-10-02T12:51:48.3377058Z [0m   [0m[0m[1m[38;5;12m|[0m[0m             [0m[0m[1m[33m^^^^^[0m[0m [0m[0m[1m[33mhelp: if this is intentional, prefix it with an underscore: `_input`[0m
2025-10-02T12:51:48.3377973Z [0m   [0m[0m[1m[38;5;12m|[0m
2025-10-02T12:51:48.3378698Z [0m   [0m[0m[1m[38;5;12m= [0m[0m[1mnote[0m[0m: `#[warn(unused_variables)]` on by default[0m
2025-10-02T12:51:48.3379189Z 
2025-10-02T12:51:48.3433186Z [0m[1m[33mwarning[0m[0m[1m: variable does not need to be mutable[0m
2025-10-02T12:51:48.3435812Z [0m  [0m[0m[1m[38;5;12m--> [0m[0mintegration_test.rs:78:9[0m
2025-10-02T12:51:48.3436431Z [0m   [0m[0m[1m[38;5;12m|[0m
2025-10-02T12:51:48.3437472Z [0m[1m[38;5;12m78[0m[0m [0m[0m[1m[38;5;12m|[0m[0m [0m[0m    let mut input = input::InputManager::new();[0m
2025-10-02T12:51:48.3438391Z [0m   [0m[0m[1m[38;5;12m|[0m[0m         [0m[0m[1m[38;5;12m----[0m[0m[1m[33m^^^^^[0m
2025-10-02T12:51:48.3439126Z [0m   [0m[0m[1m[38;5;12m|[0m[0m         [0m[0m[1m[38;5;12m|[0m
2025-10-02T12:51:48.3440187Z [0m   [0m[0m[1m[38;5;12m|[0m[0m         [0m[0m[1m[38;5;12mhelp: remove this `mut`[0m
2025-10-02T12:51:48.3440836Z [0m   [0m[0m[1m[38;5;12m|[0m
2025-10-02T12:51:48.3441518Z [0m   [0m[0m[1m[38;5;12m= [0m[0m[1mnote[0m[0m: `#[warn(unused_mut)]` on by default[0m
2025-10-02T12:51:48.3441962Z 
2025-10-02T12:51:48.4074869Z [0m[1m[33mwarning[0m[0m[1m: unused import: `decoder::*`[0m
2025-10-02T12:51:48.4076150Z [0m  [0m[0m[1m[38;5;12m--> [0m[0msrc/cpu/mod.rs:20:9[0m
2025-10-02T12:51:48.4077005Z [0m   [0m[0m[1m[38;5;12m|[0m
2025-10-02T12:51:48.4077790Z [0m[1m[38;5;12m20[0m[0m [0m[0m[1m[38;5;12m|[0m[0m [0m[0mpub use decoder::*;[0m
2025-10-02T12:51:48.4078521Z [0m   [0m[0m[1m[38;5;12m|[0m[0m         [0m[0m[1m[33m^^^^^^^^^^[0m
2025-10-02T12:51:48.4079060Z [0m   [0m[0m[1m[38;5;12m|[0m
2025-10-02T12:51:48.4079713Z [0m   [0m[0m[1m[38;5;12m= [0m[0m[1mnote[0m[0m: `#[warn(unused_imports)]` on by default[0m
2025-10-02T12:51:48.4080156Z 
2025-10-02T12:51:48.4080607Z [0m[1m[33mwarning[0m[0m[1m: unused import: `instructions::*`[0m
2025-10-02T12:51:48.4081272Z [0m  [0m[0m[1m[38;5;12m--> [0m[0msrc/cpu/mod.rs:23:9[0m
2025-10-02T12:51:48.4081798Z [0m   [0m[0m[1m[38;5;12m|[0m
2025-10-02T12:51:48.4082634Z [0m[1m[38;5;12m23[0m[0m [0m[0m[1m[38;5;12m|[0m[0m [0m[0mpub use instructions::*;[0m
2025-10-02T12:51:48.4083367Z [0m   [0m[0m[1m[38;5;12m|[0m[0m         [0m[0m[1m[33m^^^^^^^^^^^^^^^[0m
2025-10-02T12:51:48.4083721Z 
2025-10-02T12:51:49.4357827Z [0m[1m[33mwarning[0m[0m[1m: enum `Interrupt` is never used[0m
2025-10-02T12:51:49.4362490Z [0m  [0m[0m[1m[38;5;12m--> [0m[0msrc/cpu/mod.rs:29:10[0m
2025-10-02T12:51:49.4363305Z [0m   [0m[0m[1m[38;5;12m|[0m
2025-10-02T12:51:49.4364231Z [0m[1m[38;5;12m29[0m[0m [0m[0m[1m[38;5;12m|[0m[0m [0m[0mpub enum Interrupt {[0m
2025-10-02T12:51:49.4365056Z [0m   [0m[0m[1m[38;5;12m|[0m[0m          [0m[0m[1m[33m^^^^^^^^^[0m
2025-10-02T12:51:49.4365710Z [0m   [0m[0m[1m[38;5;12m|[0m
2025-10-02T12:51:49.4366412Z [0m   [0m[0m[1m[38;5;12m= [0m[0m[1mnote[0m[0m: `#[warn(dead_code)]` on by default[0m
2025-10-02T12:51:49.4366979Z 
2025-10-02T12:51:49.4367509Z [0m[1m[33mwarning[0m[0m[1m: method `vector_address` is never used[0m
2025-10-02T12:51:49.4368474Z [0m  [0m[0m[1m[38;5;12m--> [0m[0msrc/cpu/mod.rs:54:12[0m
2025-10-02T12:51:49.4369245Z [0m   [0m[0m[1m[38;5;12m|[0m
2025-10-02T12:51:49.4370319Z [0m[1m[38;5;12m52[0m[0m [0m[0m[1m[38;5;12m|[0m[0m [0m[0mimpl Interrupt {[0m
2025-10-02T12:51:49.4371517Z [0m   [0m[0m[1m[38;5;12m|[0m[0m [0m[0m[1m[38;5;12m--------------[0m[0m [0m[0m[1m[38;5;12mmethod in this implementation[0m
2025-10-02T12:51:49.4372901Z [0m[1m[38;5;12m53[0m[0m [0m[0m[1m[38;5;12m|[0m[0m [0m[0m    /// Retourne le vecteur d'interruption (adresse dans la table des vecteurs)[0m
2025-10-02T12:51:49.4374409Z [0m[1m[38;5;12m54[0m[0m [0m[0m[1m[38;5;12m|[0m[0m [0m[0m    pub fn vector_address(self) -> u32 {[0m
2025-10-02T12:51:49.4375526Z [0m   [0m[0m[1m[38;5;12m|[0m[0m            [0m[0m[1m[33m^^^^^^^^^^^^^^[0m
2025-10-02T12:51:49.4376082Z 
2025-10-02T12:51:49.4424939Z [0m[1m[33mwarning[0m[0m[1m: struct `NecV60` is never constructed[0m
2025-10-02T12:51:49.4426114Z [0m  [0m[0m[1m[38;5;12m--> [0m[0msrc/cpu/mod.rs:69:12[0m
2025-10-02T12:51:49.4427354Z [0m   [0m[0m[1m[38;5;12m|[0m
2025-10-02T12:51:49.4428389Z [0m[1m[38;5;12m69[0m[0m [0m[0m[1m[38;5;12m|[0m[0m [0m[0mpub struct NecV60 {[0m
2025-10-02T12:51:49.4429366Z [0m   [0m[0m[1m[38;5;12m|[0m[0m            [0m[0m[1m[33m^^^^^^[0m
2025-10-02T12:51:49.4429903Z 
2025-10-02T12:51:49.4430443Z [0m[1m[33mwarning[0m[0m[1m: multiple associated items are never used[0m
2025-10-02T12:51:49.4431551Z [0m   [0m[0m[1m[38;5;12m--> [0m[0msrc/cpu/mod.rs:94:12[0m
2025-10-02T12:51:49.4432327Z [0m    [0m[0m[1m[38;5;12m|[0m
2025-10-02T12:51:49.4433542Z [0m [0m[0m[1m[38;5;12m92[0m[0m [0m[0m[1m[38;5;12m|[0m[0m [0m[0mimpl NecV60 {[0m
2025-10-02T12:51:49.4505093Z [0m    [0m[0m[1m[38;5;12m|[0m[0m [0m[0m[1m[38;5;12m-----------[0m[0m [0m[0m[1m[38;5;12massociated items in this implementation[0m
2025-10-02T12:51:49.4512121Z [0m [0m[0m[1m[38;5;12m93[0m[0m [0m[0m[1m[38;5;12m|[0m[0m [0m[0m    /// Crée une nouvelle instance du processeur NEC V60[0m
2025-10-02T12:51:49.4513642Z [0m [0m[0m[1m[38;5;12m94[0m[0m [0m[0m[1m[38;5;12m|[0m[0m [0m[0m    pub fn new() -> Self {[0m
2025-10-02T12:51:49.4514978Z [0m    [0m[0m[1m[38;5;12m|[0m[0m            [0m[0m[1m[33m^^^[0m
2025-10-02T12:51:49.4700664Z [0m[1m[38;5;12m...[0m
2025-10-02T12:51:49.4701377Z [0m[1m[38;5;12m107[0m[0m [0m[0m[1m[38;5;12m|[0m[0m [0m[0m    pub fn reset(&mut self) {[0m
2025-10-02T12:51:49.4702116Z [0m    [0m[0m[1m[38;5;12m|[0m[0m            [0m[0m[1m[33m^^^^^[0m
2025-10-02T12:51:49.4702676Z [0m[1m[38;5;12m...[0m
2025-10-02T12:51:49.4703429Z [0m[1m[38;5;12m118[0m[0m [0m[0m[1m[38;5;12m|[0m[0m [0m[0m    pub fn step<M>(&mut self, memory: &mut M) -> Result<u32>[0m
2025-10-02T12:51:49.4704417Z [0m    [0m[0m[1m[38;5;12m|[0m[0m            [0m[0m[1m[33m^^^^[0m
2025-10-02T12:51:49.4704961Z [0m[1m[38;5;12m...[0m
2025-10-02T12:51:49.4705811Z [0m[1m[38;5;12m151[0m[0m [0m[0m[1m[38;5;12m|[0m[0m [0m[0m    pub fn run_cycles<M>(&mut self, cycles: u32, memory: &mut M) -> Result<u32>[0m
2025-10-02T12:51:49.4706725Z [0m    [0m[0m[1m[38;5;12m|[0m[0m            [0m[0m[1m[33m^^^^^^^^^^[0m
2025-10-02T12:51:49.4707239Z [0m[1m[38;5;12m...[0m
2025-10-02T12:51:49.4707956Z [0m[1m[38;5;12m165[0m[0m [0m[0m[1m[38;5;12m|[0m[0m [0m[0m    pub fn get_debug_state(&self) -> CpuDebugState {[0m
2025-10-02T12:51:49.4708792Z [0m    [0m[0m[1m[38;5;12m|[0m[0m            [0m[0m[1m[33m^^^^^^^^^^^^^^^[0m
2025-10-02T12:51:49.4709323Z [0m[1m[38;5;12m...[0m
2025-10-02T12:51:49.4710108Z [0m[1m[38;5;12m174[0m[0m [0m[0m[1m[38;5;12m|[0m[0m [0m[0m    pub fn queue_interrupt(&mut self, interrupt: Interrupt) {[0m
2025-10-02T12:51:49.4710944Z [0m    [0m[0m[1m[38;5;12m|[0m[0m            [0m[0m[1m[33m^^^^^^^^^^^^^^^[0m
2025-10-02T12:51:49.4711460Z [0m[1m[38;5;12m...[0m
2025-10-02T12:51:49.4712287Z [0m[1m[38;5;12m182[0m[0m [0m[0m[1m[38;5;12m|[0m[0m [0m[0m    pub fn process_interrupts<M>(&mut self, memory: &mut M) -> Result<bool>[0m
2025-10-02T12:51:49.4713486Z [0m    [0m[0m[1m[38;5;12m|[0m[0m            [0m[0m[1m[33m^^^^^^^^^^^^^^^^^^[0m
2025-10-02T12:51:49.4714183Z [0m[1m[38;5;12m...[0m
2025-10-02T12:51:49.4715130Z [0m[1m[38;5;12m201[0m[0m [0m[0m[1m[38;5;12m|[0m[0m [0m[0m    fn handle_interrupt<M>(&mut self, interrupt: Interrupt, memory: &mut M) -> Result<()>[0m
2025-10-02T12:51:49.4716132Z [0m    [0m[0m[1m[38;5;12m|[0m[0m        [0m[0m[1m[33m^^^^^^^^^^^^^^^^[0m
2025-10-02T12:51:49.4716688Z [0m[1m[38;5;12m...[0m
2025-10-02T12:51:49.4717528Z [0m[1m[38;5;12m237[0m[0m [0m[0m[1m[38;5;12m|[0m[0m [0m[0m    pub fn return_from_interrupt<M>(&mut self, memory: &mut M) -> Result<()>[0m
2025-10-02T12:51:49.4718482Z [0m    [0m[0m[1m[38;5;12m|[0m[0m            [0m[0m[1m[33m^^^^^^^^^^^^^^^^^^^^^[0m
2025-10-02T12:51:49.4718862Z 
2025-10-02T12:51:49.4719269Z [0m[1m[33mwarning[0m[0m[1m: struct `CpuDebugState` is never constructed[0m
2025-10-02T12:51:49.4720022Z [0m   [0m[0m[1m[38;5;12m--> [0m[0msrc/cpu/mod.rs:266:12[0m
2025-10-02T12:51:49.4720560Z [0m    [0m[0m[1m[38;5;12m|[0m
2025-10-02T12:51:49.4721201Z [0m[1m[38;5;12m266[0m[0m [0m[0m[1m[38;5;12m|[0m[0m [0m[0mpub struct CpuDebugState {[0m
2025-10-02T12:51:49.4721935Z [0m    [0m[0m[1m[38;5;12m|[0m[0m            [0m[0m[1m[33m^^^^^^^^^^^^^[0m
2025-10-02T12:51:49.4722285Z 
2025-10-02T12:51:49.4722683Z [0m[1m[33mwarning[0m[0m[1m: struct `ArithmeticResult` is never constructed[0m
2025-10-02T12:51:49.4723598Z [0m [0m[0m[1m[38;5;12m--> [0m[0msrc/cpu/arithmetic.rs:8:12[0m
2025-10-02T12:51:49.4724286Z [0m  [0m[0m[1m[38;5;12m|[0m
2025-10-02T12:51:49.4724928Z [0m[1m[38;5;12m8[0m[0m [0m[0m[1m[38;5;12m|[0m[0m [0m[0mpub struct ArithmeticResult {[0m
2025-10-02T12:51:49.4725660Z [0m  [0m[0m[1m[38;5;12m|[0m[0m            [0m[0m[1m[33m^^^^^^^^^^^^^^^^[0m
2025-10-02T12:51:49.4726014Z 
2025-10-02T12:51:49.4726466Z [0m[1m[33mwarning[0m[0m[1m: associated items `new` and `update_psw` are never used[0m
2025-10-02T12:51:49.4727245Z [0m  [0m[0m[1m[38;5;12m--> [0m[0msrc/cpu/arithmetic.rs:19:12[0m
2025-10-02T12:51:49.4727767Z [0m   [0m[0m[1m[38;5;12m|[0m
2025-10-02T12:51:49.4728386Z [0m[1m[38;5;12m17[0m[0m [0m[0m[1m[38;5;12m|[0m[0m [0m[0mimpl ArithmeticResult {[0m
2025-10-02T12:51:49.4729379Z [0m   [0m[0m[1m[38;5;12m|[0m[0m [0m[0m[1m[38;5;12m---------------------[0m[0m [0m[0m[1m[38;5;12massociated items in this implementation[0m
2025-10-02T12:51:49.4730522Z [0m[1m[38;5;12m18[0m[0m [0m[0m[1m[38;5;12m|[0m[0m [0m[0m    /// Crée un nouveau résultat d'opération arithmétique[0m
2025-10-02T12:51:49.4731587Z [0m[1m[38;5;12m19[0m[0m [0m[0m[1m[38;5;12m|[0m[0m [0m[0m    pub fn new(value: u32, carry: bool, overflow: bool) -> Self {[0m
2025-10-02T12:51:49.4732389Z [0m   [0m[0m[1m[38;5;12m|[0m[0m            [0m[0m[1m[33m^^^[0m
2025-10-02T12:51:49.4732908Z [0m[1m[38;5;12m...[0m
2025-10-02T12:51:49.4733661Z [0m[1m[38;5;12m31[0m[0m [0m[0m[1m[38;5;12m|[0m[0m [0m[0m    pub fn update_psw(&self, psw: &mut ProcessorStatusWord) {[0m
2025-10-02T12:51:49.4734651Z [0m   [0m[0m[1m[38;5;12m|[0m[0m            [0m[0m[1m[33m^^^^^^^^^^[0m
2025-10-02T12:51:49.4735014Z 
2025-10-02T12:51:49.4735428Z [0m[1m[33mwarning[0m[0m[1m: struct `ArithmeticUnit` is never constructed[0m
2025-10-02T12:51:49.4736163Z [0m  [0m[0m[1m[38;5;12m--> [0m[0msrc/cpu/arithmetic.rs:41:12[0m
2025-10-02T12:51:49.4736707Z [0m   [0m[0m[1m[38;5;12m|[0m
2025-10-02T12:51:49.4737334Z [0m[1m[38;5;12m41[0m[0m [0m[0m[1m[38;5;12m|[0m[0m [0m[0mpub struct ArithmeticUnit;[0m
2025-10-02T12:51:49.4738069Z [0m   [0m[0m[1m[38;5;12m|[0m[0m            [0m[0m[1m[33m^^^^^^^^^^^^^^[0m
2025-10-02T12:51:49.4738426Z 
2025-10-02T12:51:49.4738830Z [0m[1m[33mwarning[0m[0m[1m: multiple associated functions are never used[0m
2025-10-02T12:51:49.4739756Z [0m   [0m[0m[1m[38;5;12m--> [0m[0msrc/cpu/arithmetic.rs:45:12[0m
2025-10-02T12:51:49.4740316Z [0m    [0m[0m[1m[38;5;12m|[0m
2025-10-02T12:51:49.4740983Z [0m [0m[0m[1m[38;5;12m43[0m[0m [0m[0m[1m[38;5;12m|[0m[0m [0m[0mimpl ArithmeticUnit {[0m
2025-10-02T12:51:49.4742031Z [0m    [0m[0m[1m[38;5;12m|[0m[0m [0m[0m[1m[38;5;12m-------------------[0m[0m [0m[0m[1m[38;5;12massociated functions in this implementation[0m
2025-10-02T12:51:49.4743205Z [0m [0m[0m[1m[38;5;12m44[0m[0m [0m[0m[1m[38;5;12m|[0m[0m [0m[0m    /// Addition 32-bit avec détection de retenue et débordement[0m
2025-10-02T12:51:49.4744599Z [0m [0m[0m[1m[38;5;12m45[0m[0m [0m[0m[1m[38;5;12m|[0m[0m [0m[0m    pub fn add(operand1: u32, operand2: u32) -> ArithmeticResult {[0m
2025-10-02T12:51:49.4745500Z [0m    [0m[0m[1m[38;5;12m|[0m[0m            [0m[0m[1m[33m^^^[0m
2025-10-02T12:51:49.4746023Z [0m[1m[38;5;12m...[0m
2025-10-02T12:51:49.4746808Z [0m [0m[0m[1m[38;5;12m56[0m[0m [0m[0m[1m[38;5;12m|[0m[0m [0m[0m    pub fn sub(operand1: u32, operand2: u32) -> ArithmeticResult {[0m
2025-10-02T12:51:49.4747651Z [0m    [0m[0m[1m[38;5;12m|[0m[0m            [0m[0m[1m[33m^^^[0m
2025-10-02T12:51:49.4748146Z [0m[1m[38;5;12m...[0m
2025-10-02T12:51:49.4748922Z [0m [0m[0m[1m[38;5;12m67[0m[0m [0m[0m[1m[38;5;12m|[0m[0m [0m[0m    pub fn mul(operand1: u32, operand2: u32) -> ArithmeticResult {[0m
2025-10-02T12:51:49.4749904Z [0m    [0m[0m[1m[38;5;12m|[0m[0m            [0m[0m[1m[33m^^^[0m
2025-10-02T12:51:49.4750423Z [0m[1m[38;5;12m...[0m
2025-10-02T12:51:49.4751247Z [0m [0m[0m[1m[38;5;12m77[0m[0m [0m[0m[1m[38;5;12m|[0m[0m [0m[0m    pub fn div(operand1: u32, operand2: u32) -> Result<ArithmeticResult> {[0m
2025-10-02T12:51:49.4752109Z [0m    [0m[0m[1m[38;5;12m|[0m[0m            [0m[0m[1m[33m^^^[0m
2025-10-02T12:51:49.4752604Z [0m[1m[38;5;12m...[0m
2025-10-02T12:51:49.4753461Z [0m [0m[0m[1m[38;5;12m88[0m[0m [0m[0m[1m[38;5;12m|[0m[0m [0m[0m    pub fn adc(operand1: u32, operand2: u32, carry_in: bool) -> ArithmeticResult {[0m
2025-10-02T12:51:49.4754521Z [0m    [0m[0m[1m[38;5;12m|[0m[0m            [0m[0m[1m[33m^^^[0m
2025-10-02T12:51:49.4755008Z [0m[1m[38;5;12m...[0m
2025-10-02T12:51:49.4755863Z [0m[1m[38;5;12m107[0m[0m [0m[0m[1m[38;5;12m|[0m[0m [0m[0m    pub fn sbb(operand1: u32, operand2: u32, borrow_in: bool) -> ArithmeticResult {[0m
2025-10-02T12:51:49.4756763Z [0m    [0m[0m[1m[38;5;12m|[0m[0m            [0m[0m[1m[33m^^^[0m
2025-10-02T12:51:49.4757251Z [0m[1m[38;5;12m...[0m
2025-10-02T12:51:49.4757938Z [0m[1m[38;5;12m125[0m[0m [0m[0m[1m[38;5;12m|[0m[0m [0m[0m    pub fn inc(operand: u32) -> ArithmeticResult {[0m
2025-10-02T12:51:49.4758686Z [0m    [0m[0m[1m[38;5;12m|[0m[0m            [0m[0m[1m[33m^^^[0m
2025-10-02T12:51:49.4759176Z [0m[1m[38;5;12m...[0m
2025-10-02T12:51:49.4759843Z [0m[1m[38;5;12m130[0m[0m [0m[0m[1m[38;5;12m|[0m[0m [0m[0m    pub fn dec(operand: u32) -> ArithmeticResult {[0m
2025-10-02T12:51:49.4760599Z [0m    [0m[0m[1m[38;5;12m|[0m[0m            [0m[0m[1m[33m^^^[0m
2025-10-02T12:51:49.4761094Z [0m[1m[38;5;12m...[0m
2025-10-02T12:51:49.4761754Z [0m[1m[38;5;12m135[0m[0m [0m[0m[1m[38;5;12m|[0m[0m [0m[0m    pub fn neg(operand: u32) -> ArithmeticResult {[0m
2025-10-02T12:51:49.4762501Z [0m    [0m[0m[1m[38;5;12m|[0m[0m            [0m[0m[1m[33m^^^[0m
2025-10-02T12:51:49.4762834Z 
2025-10-02T12:51:49.4763204Z [0m[1m[33mwarning[0m[0m[1m: struct `BcdResult` is never constructed[0m
2025-10-02T12:51:49.4763903Z [0m [0m[0m[1m[38;5;12m--> [0m[0msrc/cpu/bcd.rs:7:12[0m
2025-10-02T12:51:49.4894973Z [0m  [0m[0m[1m[38;5;12m|[0m
2025-10-02T12:51:49.4895611Z [0m[1m[38;5;12m7[0m[0m [0m[0m[1m[38;5;12m|[0m[0m [0m[0mpub struct BcdResult {[0m
2025-10-02T12:51:49.4896308Z [0m  [0m[0m[1m[38;5;12m|[0m[0m            [0m[0m[1m[33m^^^^^^^^^[0m
2025-10-02T12:51:49.4896921Z 
2025-10-02T12:51:49.4897262Z [0m[1m[33mwarning[0m[0m[1m: method `update_psw` is never used[0m
2025-10-02T12:51:49.4897921Z [0m  [0m[0m[1m[38;5;12m--> [0m[0msrc/cpu/bcd.rs:17:12[0m
2025-10-02T12:51:49.4898412Z [0m   [0m[0m[1m[38;5;12m|[0m
2025-10-02T12:51:49.4899009Z [0m[1m[38;5;12m15[0m[0m [0m[0m[1m[38;5;12m|[0m[0m [0m[0mimpl BcdResult {[0m
2025-10-02T12:51:49.4899901Z [0m   [0m[0m[1m[38;5;12m|[0m[0m [0m[0m[1m[38;5;12m--------------[0m[0m [0m[0m[1m[38;5;12mmethod in this implementation[0m
2025-10-02T12:51:49.4900841Z [0m[1m[38;5;12m16[0m[0m [0m[0m[1m[38;5;12m|[0m[0m [0m[0m    /// Met à jour le mot d'état du processeur[0m
2025-10-02T12:51:49.4901820Z [0m[1m[38;5;12m17[0m[0m [0m[0m[1m[38;5;12m|[0m[0m [0m[0m    pub fn update_psw(&self, psw: &mut ProcessorStatusWord) {[0m
2025-10-02T12:51:49.4902636Z [0m   [0m[0m[1m[38;5;12m|[0m[0m            [0m[0m[1m[33m^^^^^^^^^^[0m
2025-10-02T12:51:49.4903003Z 
2025-10-02T12:51:49.4903344Z [0m[1m[33mwarning[0m[0m[1m: struct `BcdUnit` is never constructed[0m
2025-10-02T12:51:49.4904158Z [0m  [0m[0m[1m[38;5;12m--> [0m[0msrc/cpu/bcd.rs:26:12[0m
2025-10-02T12:51:49.4904657Z [0m   [0m[0m[1m[38;5;12m|[0m
2025-10-02T12:51:49.4905255Z [0m[1m[38;5;12m26[0m[0m [0m[0m[1m[38;5;12m|[0m[0m [0m[0mpub struct BcdUnit;[0m
2025-10-02T12:51:49.4905937Z [0m   [0m[0m[1m[38;5;12m|[0m[0m            [0m[0m[1m[33m^^^^^^^[0m
2025-10-02T12:51:49.4906287Z 
2025-10-02T12:51:49.4906854Z [0m[1m[33mwarning[0m[0m[1m: multiple associated functions are never used[0m
2025-10-02T12:51:49.4907561Z [0m   [0m[0m[1m[38;5;12m--> [0m[0msrc/cpu/bcd.rs:30:12[0m
2025-10-02T12:51:49.4908053Z [0m    [0m[0m[1m[38;5;12m|[0m
2025-10-02T12:51:49.4908681Z [0m [0m[0m[1m[38;5;12m28[0m[0m [0m[0m[1m[38;5;12m|[0m[0m [0m[0mimpl BcdUnit {[0m
2025-10-02T12:51:49.4909680Z [0m    [0m[0m[1m[38;5;12m|[0m[0m [0m[0m[1m[38;5;12m------------[0m[0m [0m[0m[1m[38;5;12massociated functions in this implementation[0m
2025-10-02T12:51:49.4910769Z [0m [0m[0m[1m[38;5;12m29[0m[0m [0m[0m[1m[38;5;12m|[0m[0m [0m[0m    /// Vérifie si une valeur est un BCD valide[0m
2025-10-02T12:51:49.4911741Z [0m [0m[0m[1m[38;5;12m30[0m[0m [0m[0m[1m[38;5;12m|[0m[0m [0m[0m    pub fn is_valid_bcd(value: u32) -> bool {[0m
2025-10-02T12:51:49.4912516Z [0m    [0m[0m[1m[38;5;12m|[0m[0m            [0m[0m[1m[33m^^^^^^^^^^^^[0m
2025-10-02T12:51:49.4913010Z [0m[1m[38;5;12m...[0m
2025-10-02T12:51:49.4913627Z [0m [0m[0m[1m[38;5;12m42[0m[0m [0m[0m[1m[38;5;12m|[0m[0m [0m[0m    pub fn bcd_to_binary(bcd: u32) -> u32 {[0m
2025-10-02T12:51:49.4914511Z [0m    [0m[0m[1m[38;5;12m|[0m[0m            [0m[0m[1m[33m^^^^^^^^^^^^^[0m
2025-10-02T12:51:49.4915018Z [0m[1m[38;5;12m...[0m
2025-10-02T12:51:49.4915711Z [0m [0m[0m[1m[38;5;12m59[0m[0m [0m[0m[1m[38;5;12m|[0m[0m [0m[0m    pub fn binary_to_bcd(mut binary: u32) -> u32 {[0m
2025-10-02T12:51:49.4916501Z [0m    [0m[0m[1m[38;5;12m|[0m[0m            [0m[0m[1m[33m^^^^^^^^^^^^^[0m
2025-10-02T12:51:49.4917004Z [0m[1m[38;5;12m...[0m
2025-10-02T12:51:49.4917672Z [0m [0m[0m[1m[38;5;12m74[0m[0m [0m[0m[1m[38;5;12m|[0m[0m [0m[0m    pub fn add(a: u32, b: u32) -> BcdResult {[0m
2025-10-02T12:51:49.4918407Z [0m    [0m[0m[1m[38;5;12m|[0m[0m            [0m[0m[1m[33m^^^[0m
2025-10-02T12:51:49.4918907Z [0m[1m[38;5;12m...[0m
2025-10-02T12:51:49.4919554Z [0m[1m[38;5;12m119[0m[0m [0m[0m[1m[38;5;12m|[0m[0m [0m[0m    pub fn sub(a: u32, b: u32) -> BcdResult {[0m
2025-10-02T12:51:49.4920299Z [0m    [0m[0m[1m[38;5;12m|[0m[0m            [0m[0m[1m[33m^^^[0m
2025-10-02T12:51:49.4920812Z [0m[1m[38;5;12m...[0m
2025-10-02T12:51:49.4921621Z [0m[1m[38;5;12m166[0m[0m [0m[0m[1m[38;5;12m|[0m[0m [0m[0m    pub fn decimal_adjust_add(value: u32, carry_in: bool) -> BcdResult {[0m
2025-10-02T12:51:49.4922694Z [0m    [0m[0m[1m[38;5;12m|[0m[0m            [0m[0m[1m[33m^^^^^^^^^^^^^^^^^^[0m
2025-10-02T12:51:49.4923182Z [0m[1m[38;5;12m...[0m
2025-10-02T12:51:49.4984209Z [0m[1m[38;5;12m202[0m[0m [0m[0m[1m[38;5;12m|[0m[0m [0m[0m    pub fn decimal_adjust_sub(value: u32, borrow_in: bool) -> BcdResult {[0m
2025-10-02T12:51:49.4985257Z [0m    [0m[0m[1m[38;5;12m|[0m[0m            [0m[0m[1m[33m^^^^^^^^^^^^^^^^^^[0m
2025-10-02T12:51:49.4985622Z 
2025-10-02T12:51:49.4986012Z [0m[1m[33mwarning[0m[0m[1m: struct `BitResult` is never constructed[0m
2025-10-02T12:51:49.4986840Z [0m [0m[0m[1m[38;5;12m--> [0m[0msrc/cpu/bit_manipulation.rs:7:12[0m
2025-10-02T12:51:49.4987392Z [0m  [0m[0m[1m[38;5;12m|[0m
2025-10-02T12:51:49.4988202Z [0m[1m[38;5;12m7[0m[0m [0m[0m[1m[38;5;12m|[0m[0m [0m[0mpub struct BitResult {[0m
2025-10-02T12:51:49.4988925Z [0m  [0m[0m[1m[38;5;12m|[0m[0m            [0m[0m[1m[33m^^^^^^^^^[0m
2025-10-02T12:51:49.4989295Z 
2025-10-02T12:51:49.4989648Z [0m[1m[33mwarning[0m[0m[1m: method `update_psw` is never used[0m
2025-10-02T12:51:49.4990372Z [0m  [0m[0m[1m[38;5;12m--> [0m[0msrc/cpu/bit_manipulation.rs:15:12[0m
2025-10-02T12:51:49.4990909Z [0m   [0m[0m[1m[38;5;12m|[0m
2025-10-02T12:51:49.4991499Z [0m[1m[38;5;12m13[0m[0m [0m[0m[1m[38;5;12m|[0m[0m [0m[0mimpl BitResult {[0m
2025-10-02T12:51:49.4992580Z [0m   [0m[0m[1m[38;5;12m|[0m[0m [0m[0m[1m[38;5;12m--------------[0m[0m [0m[0m[1m[38;5;12mmethod in this implementation[0m
2025-10-02T12:51:49.4993542Z [0m[1m[38;5;12m14[0m[0m [0m[0m[1m[38;5;12m|[0m[0m [0m[0m    /// Met à jour le mot d'état du processeur[0m
2025-10-02T12:51:49.4994682Z [0m[1m[38;5;12m15[0m[0m [0m[0m[1m[38;5;12m|[0m[0m [0m[0m    pub fn update_psw(&self, psw: &mut ProcessorStatusWord) {[0m
2025-10-02T12:51:49.4995520Z [0m   [0m[0m[1m[38;5;12m|[0m[0m            [0m[0m[1m[33m^^^^^^^^^^[0m
2025-10-02T12:51:49.4995877Z 
2025-10-02T12:51:49.4996293Z [0m[1m[33mwarning[0m[0m[1m: struct `BitManipulationUnit` is never constructed[0m
2025-10-02T12:51:49.4997097Z [0m  [0m[0m[1m[38;5;12m--> [0m[0msrc/cpu/bit_manipulation.rs:22:12[0m
2025-10-02T12:51:49.4997641Z [0m   [0m[0m[1m[38;5;12m|[0m
2025-10-02T12:51:49.4998326Z [0m[1m[38;5;12m22[0m[0m [0m[0m[1m[38;5;12m|[0m[0m [0m[0mpub struct BitManipulationUnit;[0m
2025-10-02T12:51:49.4999086Z [0m   [0m[0m[1m[38;5;12m|[0m[0m            [0m[0m[1m[33m^^^^^^^^^^^^^^^^^^^[0m
2025-10-02T12:51:49.4999441Z 
2025-10-02T12:51:49.4999827Z [0m[1m[33mwarning[0m[0m[1m: multiple associated functions are never used[0m
2025-10-02T12:51:49.5000583Z [0m   [0m[0m[1m[38;5;12m--> [0m[0msrc/cpu/bit_manipulation.rs:26:12[0m
2025-10-02T12:51:49.5001141Z [0m    [0m[0m[1m[38;5;12m|[0m
2025-10-02T12:51:49.5001791Z [0m [0m[0m[1m[38;5;12m24[0m[0m [0m[0m[1m[38;5;12m|[0m[0m [0m[0mimpl BitManipulationUnit {[0m
2025-10-02T12:51:49.5002842Z [0m    [0m[0m[1m[38;5;12m|[0m[0m [0m[0m[1m[38;5;12m------------------------[0m[0m [0m[0m[1m[38;5;12massociated functions in this implementation[0m
2025-10-02T12:51:49.5003807Z [0m [0m[0m[1m[38;5;12m25[0m[0m [0m[0m[1m[38;5;12m|[0m[0m [0m[0m    /// Test d'un bit (BIT_TEST)[0m
2025-10-02T12:51:49.5004896Z [0m [0m[0m[1m[38;5;12m26[0m[0m [0m[0m[1m[38;5;12m|[0m[0m [0m[0m    pub fn test_bit(value: u32, bit_position: u32) -> BitResult {[0m
2025-10-02T12:51:49.5005715Z [0m    [0m[0m[1m[38;5;12m|[0m[0m            [0m[0m[1m[33m^^^^^^^^[0m
2025-10-02T12:51:49.5006205Z [0m[1m[38;5;12m...[0m
2025-10-02T12:51:49.5006945Z [0m [0m[0m[1m[38;5;12m45[0m[0m [0m[0m[1m[38;5;12m|[0m[0m [0m[0m    pub fn set_bit(value: u32, bit_position: u32) -> BitResult {[0m
2025-10-02T12:51:49.5007736Z [0m    [0m[0m[1m[38;5;12m|[0m[0m            [0m[0m[1m[33m^^^^^^^[0m
2025-10-02T12:51:49.5008234Z [0m[1m[38;5;12m...[0m
2025-10-02T12:51:49.5009162Z [0m [0m[0m[1m[38;5;12m65[0m[0m [0m[0m[1m[38;5;12m|[0m[0m [0m[0m    pub fn clear_bit(value: u32, bit_position: u32) -> BitResult {[0m
2025-10-02T12:51:49.5009984Z [0m    [0m[0m[1m[38;5;12m|[0m[0m            [0m[0m[1m[33m^^^^^^^^^[0m
2025-10-02T12:51:49.5010478Z [0m[1m[38;5;12m...[0m
2025-10-02T12:51:49.5011158Z [0m [0m[0m[1m[38;5;12m85[0m[0m [0m[0m[1m[38;5;12m|[0m[0m [0m[0m    pub fn scan_forward(value: u32) -> BitResult {[0m
2025-10-02T12:51:49.5011935Z [0m    [0m[0m[1m[38;5;12m|[0m[0m            [0m[0m[1m[33m^^^^^^^^^^^^[0m
2025-10-02T12:51:49.5012429Z [0m[1m[38;5;12m...[0m
2025-10-02T12:51:49.5013083Z [0m[1m[38;5;12m105[0m[0m [0m[0m[1m[38;5;12m|[0m[0m [0m[0m    pub fn scan_reverse(value: u32) -> BitResult {[0m
2025-10-02T12:51:49.5013837Z [0m    [0m[0m[1m[38;5;12m|[0m[0m            [0m[0m[1m[33m^^^^^^^^^^^^[0m
2025-10-02T12:51:49.5074689Z [0m[1m[38;5;12m...[0m
2025-10-02T12:51:49.5075438Z [0m[1m[38;5;12m126[0m[0m [0m[0m[1m[38;5;12m|[0m[0m [0m[0m    pub fn rotate_left(value: u32, count: u32) -> u32 {[0m
2025-10-02T12:51:49.5076231Z [0m    [0m[0m[1m[38;5;12m|[0m[0m            [0m[0m[1m[33m^^^^^^^^^^^[0m
2025-10-02T12:51:49.5076742Z [0m[1m[38;5;12m...[0m
2025-10-02T12:51:49.5077435Z [0m[1m[38;5;12m132[0m[0m [0m[0m[1m[38;5;12m|[0m[0m [0m[0m    pub fn rotate_right(value: u32, count: u32) -> u32 {[0m
2025-10-02T12:51:49.5078223Z [0m    [0m[0m[1m[38;5;12m|[0m[0m            [0m[0m[1m[33m^^^^^^^^^^^^[0m
2025-10-02T12:51:49.5078950Z [0m[1m[38;5;12m...[0m
2025-10-02T12:51:49.5079591Z [0m[1m[38;5;12m138[0m[0m [0m[0m[1m[38;5;12m|[0m[0m [0m[0m    pub fn popcount(value: u32) -> u32 {[0m
2025-10-02T12:51:49.5080328Z [0m    [0m[0m[1m[38;5;12m|[0m[0m            [0m[0m[1m[33m^^^^^^^^[0m
2025-10-02T12:51:49.5080819Z [0m[1m[38;5;12m...[0m
2025-10-02T12:51:49.5081473Z [0m[1m[38;5;12m143[0m[0m [0m[0m[1m[38;5;12m|[0m[0m [0m[0m    pub fn find_msb(value: u32) -> BitResult {[0m
2025-10-02T12:51:49.5082229Z [0m    [0m[0m[1m[38;5;12m|[0m[0m            [0m[0m[1m[33m^^^^^^^^[0m
2025-10-02T12:51:49.5082577Z 
2025-10-02T12:51:49.5082950Z [0m[1m[33mwarning[0m[0m[1m: function `decode_instruction` is never used[0m
2025-10-02T12:51:49.5083657Z [0m [0m[0m[1m[38;5;12m--> [0m[0msrc/cpu/decoder.rs:7:8[0m
2025-10-02T12:51:49.5084307Z [0m  [0m[0m[1m[38;5;12m|[0m
2025-10-02T12:51:49.5085196Z [0m[1m[38;5;12m7[0m[0m [0m[0m[1m[38;5;12m|[0m[0m [0m[0mpub fn decode_instruction(opcode: u32, address: u32) -> Result<DecodedInstruction> {[0m
2025-10-02T12:51:49.5086127Z [0m  [0m[0m[1m[38;5;12m|[0m[0m        [0m[0m[1m[33m^^^^^^^^^^^^^^^^^^[0m
2025-10-02T12:51:49.5086481Z 
2025-10-02T12:51:49.5086921Z [0m[1m[33mwarning[0m[0m[1m: struct `ExecutionStats` is never constructed[0m
2025-10-02T12:51:49.5087642Z [0m  [0m[0m[1m[38;5;12m--> [0m[0msrc/cpu/executor.rs:13:12[0m
2025-10-02T12:51:49.5088160Z [0m   [0m[0m[1m[38;5;12m|[0m
2025-10-02T12:51:49.5088786Z [0m[1m[38;5;12m13[0m[0m [0m[0m[1m[38;5;12m|[0m[0m [0m[0mpub struct ExecutionStats {[0m
2025-10-02T12:51:49.5089499Z [0m   [0m[0m[1m[38;5;12m|[0m[0m            [0m[0m[1m[33m^^^^^^^^^^^^^^[0m
2025-10-02T12:51:49.5089855Z 
2025-10-02T12:51:49.5090261Z [0m[1m[33mwarning[0m[0m[1m: associated items `new` and `reset` are never used[0m
2025-10-02T12:51:49.5090997Z [0m  [0m[0m[1m[38;5;12m--> [0m[0msrc/cpu/executor.rs:23:12[0m
2025-10-02T12:51:49.5091513Z [0m   [0m[0m[1m[38;5;12m|[0m
2025-10-02T12:51:49.5092123Z [0m[1m[38;5;12m22[0m[0m [0m[0m[1m[38;5;12m|[0m[0m [0m[0mimpl ExecutionStats {[0m
2025-10-02T12:51:49.5093088Z [0m   [0m[0m[1m[38;5;12m|[0m[0m [0m[0m[1m[38;5;12m-------------------[0m[0m [0m[0m[1m[38;5;12massociated items in this implementation[0m
2025-10-02T12:51:49.5094155Z [0m[1m[38;5;12m23[0m[0m [0m[0m[1m[38;5;12m|[0m[0m [0m[0m    pub fn new() -> Self {[0m
2025-10-02T12:51:49.5095111Z [0m   [0m[0m[1m[38;5;12m|[0m[0m            [0m[0m[1m[33m^^^[0m
2025-10-02T12:51:49.5095631Z [0m[1m[38;5;12m...[0m
2025-10-02T12:51:49.5096255Z [0m[1m[38;5;12m27[0m[0m [0m[0m[1m[38;5;12m|[0m[0m [0m[0m    pub fn reset(&mut self) {[0m
2025-10-02T12:51:49.5096986Z [0m   [0m[0m[1m[38;5;12m|[0m[0m            [0m[0m[1m[33m^^^^^[0m
2025-10-02T12:51:49.5097309Z 
2025-10-02T12:51:49.5097894Z [0m[1m[33mwarning[0m[0m[1m: methods `execute_instruction`, `read_operand`, and `write_operand` are never used[0m
2025-10-02T12:51:49.5098773Z [0m   [0m[0m[1m[38;5;12m--> [0m[0msrc/cpu/executor.rs:34:12[0m
2025-10-02T12:51:49.5099291Z [0m    [0m[0m[1m[38;5;12m|[0m
2025-10-02T12:51:49.5099893Z [0m [0m[0m[1m[38;5;12m32[0m[0m [0m[0m[1m[38;5;12m|[0m[0m [0m[0mimpl NecV60 {[0m
2025-10-02T12:51:49.5100779Z [0m    [0m[0m[1m[38;5;12m|[0m[0m [0m[0m[1m[38;5;12m-----------[0m[0m [0m[0m[1m[38;5;12mmethods in this implementation[0m
2025-10-02T12:51:49.5101750Z [0m [0m[0m[1m[38;5;12m33[0m[0m [0m[0m[1m[38;5;12m|[0m[0m [0m[0m    /// Exécute une instruction décodée[0m
2025-10-02T12:51:49.5102625Z [0m [0m[0m[1m[38;5;12m34[0m[0m [0m[0m[1m[38;5;12m|[0m[0m [0m[0m    pub fn execute_instruction<M>([0m
2025-10-02T12:51:49.5103386Z [0m    [0m[0m[1m[38;5;12m|[0m[0m            [0m[0m[1m[33m^^^^^^^^^^^^^^^^^^^[0m
2025-10-02T12:51:49.5103903Z [0m[1m[38;5;12m...[0m
2025-10-02T12:51:49.5195485Z [0m[1m[38;5;12m431[0m[0m [0m[0m[1m[38;5;12m|[0m[0m [0m[0m    fn read_operand<M>(&mut self, operand: &Operand, memory: &M) -> Result<u32>[0m
2025-10-02T12:51:49.5196413Z [0m    [0m[0m[1m[38;5;12m|[0m[0m        [0m[0m[1m[33m^^^^^^^^^^^^[0m
2025-10-02T12:51:49.5196920Z [0m[1m[38;5;12m...[0m
2025-10-02T12:51:49.5197831Z [0m[1m[38;5;12m469[0m[0m [0m[0m[1m[38;5;12m|[0m[0m [0m[0m    fn write_operand<M>(&mut self, operand: &Operand, value: u32, memory: &mut M) -> Result<()>[0m
2025-10-02T12:51:49.5198792Z [0m    [0m[0m[1m[38;5;12m|[0m[0m        [0m[0m[1m[33m^^^^^^^^^^^^^[0m
2025-10-02T12:51:49.5199136Z 
2025-10-02T12:51:49.5199503Z [0m[1m[33mwarning[0m[0m[1m: struct `FloatResult` is never constructed[0m
2025-10-02T12:51:49.5200245Z [0m [0m[0m[1m[38;5;12m--> [0m[0msrc/cpu/floating_point.rs:7:12[0m
2025-10-02T12:51:49.5200793Z [0m  [0m[0m[1m[38;5;12m|[0m
2025-10-02T12:51:49.5201437Z [0m[1m[38;5;12m7[0m[0m [0m[0m[1m[38;5;12m|[0m[0m [0m[0mpub struct FloatResult {[0m
2025-10-02T12:51:49.5202163Z [0m  [0m[0m[1m[38;5;12m|[0m[0m            [0m[0m[1m[33m^^^^^^^^^^^[0m
2025-10-02T12:51:49.5202530Z 
2025-10-02T12:51:49.5202948Z [0m[1m[33mwarning[0m[0m[1m: methods `update_psw` and `to_u32` are never used[0m
2025-10-02T12:51:49.5203686Z [0m  [0m[0m[1m[38;5;12m--> [0m[0msrc/cpu/floating_point.rs:18:12[0m
2025-10-02T12:51:49.5204365Z [0m   [0m[0m[1m[38;5;12m|[0m
2025-10-02T12:51:49.5204938Z [0m[1m[38;5;12m16[0m[0m [0m[0m[1m[38;5;12m|[0m[0m [0m[0mimpl FloatResult {[0m
2025-10-02T12:51:49.5205832Z [0m   [0m[0m[1m[38;5;12m|[0m[0m [0m[0m[1m[38;5;12m----------------[0m[0m [0m[0m[1m[38;5;12mmethods in this implementation[0m
2025-10-02T12:51:49.5206927Z [0m[1m[38;5;12m17[0m[0m [0m[0m[1m[38;5;12m|[0m[0m [0m[0m    /// Met à jour le mot d'état du processeur avec les flags appropriés[0m
2025-10-02T12:51:49.5207996Z [0m[1m[38;5;12m18[0m[0m [0m[0m[1m[38;5;12m|[0m[0m [0m[0m    pub fn update_psw(&self, psw: &mut ProcessorStatusWord) {[0m
2025-10-02T12:51:49.5208797Z [0m   [0m[0m[1m[38;5;12m|[0m[0m            [0m[0m[1m[33m^^^^^^^^^^[0m
2025-10-02T12:51:49.5209295Z [0m[1m[38;5;12m...[0m
2025-10-02T12:51:49.5209895Z [0m[1m[38;5;12m32[0m[0m [0m[0m[1m[38;5;12m|[0m[0m [0m[0m    pub fn to_u32(&self) -> u32 {[0m
2025-10-02T12:51:49.5210601Z [0m   [0m[0m[1m[38;5;12m|[0m[0m            [0m[0m[1m[33m^^^^^^[0m
2025-10-02T12:51:49.5211121Z 
2025-10-02T12:51:49.5211527Z [0m[1m[33mwarning[0m[0m[1m: struct `FloatingPointUnit` is never constructed[0m
2025-10-02T12:51:49.5212269Z [0m  [0m[0m[1m[38;5;12m--> [0m[0msrc/cpu/floating_point.rs:38:12[0m
2025-10-02T12:51:49.5212790Z [0m   [0m[0m[1m[38;5;12m|[0m
2025-10-02T12:51:49.5213417Z [0m[1m[38;5;12m38[0m[0m [0m[0m[1m[38;5;12m|[0m[0m [0m[0mpub struct FloatingPointUnit;[0m
2025-10-02T12:51:49.5214293Z [0m   [0m[0m[1m[38;5;12m|[0m[0m            [0m[0m[1m[33m^^^^^^^^^^^^^^^^^[0m
2025-10-02T12:51:49.5214642Z 
2025-10-02T12:51:49.5215206Z [0m[1m[33mwarning[0m[0m[1m: associated functions `add`, `sub`, `mul`, `div`, and `compare` are never used[0m
2025-10-02T12:51:49.5216071Z [0m   [0m[0m[1m[38;5;12m--> [0m[0msrc/cpu/floating_point.rs:42:12[0m
2025-10-02T12:51:49.5216597Z [0m    [0m[0m[1m[38;5;12m|[0m
2025-10-02T12:51:49.5217230Z [0m [0m[0m[1m[38;5;12m40[0m[0m [0m[0m[1m[38;5;12m|[0m[0m [0m[0mimpl FloatingPointUnit {[0m
2025-10-02T12:51:49.5218257Z [0m    [0m[0m[1m[38;5;12m|[0m[0m [0m[0m[1m[38;5;12m----------------------[0m[0m [0m[0m[1m[38;5;12massociated functions in this implementation[0m
2025-10-02T12:51:49.5219237Z [0m [0m[0m[1m[38;5;12m41[0m[0m [0m[0m[1m[38;5;12m|[0m[0m [0m[0m    /// Addition en virgule flottante[0m
2025-10-02T12:51:49.5220178Z [0m [0m[0m[1m[38;5;12m42[0m[0m [0m[0m[1m[38;5;12m|[0m[0m [0m[0m    pub fn add(a_bits: u32, b_bits: u32) -> FloatResult {[0m
2025-10-02T12:51:49.5221104Z [0m    [0m[0m[1m[38;5;12m|[0m[0m            [0m[0m[1m[33m^^^[0m
2025-10-02T12:51:49.5221606Z [0m[1m[38;5;12m...[0m
2025-10-02T12:51:49.5222318Z [0m [0m[0m[1m[38;5;12m59[0m[0m [0m[0m[1m[38;5;12m|[0m[0m [0m[0m    pub fn sub(a_bits: u32, b_bits: u32) -> FloatResult {[0m
2025-10-02T12:51:49.5223085Z [0m    [0m[0m[1m[38;5;12m|[0m[0m            [0m[0m[1m[33m^^^[0m
2025-10-02T12:51:49.5223560Z [0m[1m[38;5;12m...[0m
2025-10-02T12:51:49.5314727Z [0m [0m[0m[1m[38;5;12m76[0m[0m [0m[0m[1m[38;5;12m|[0m[0m [0m[0m    pub fn mul(a_bits: u32, b_bits: u32) -> FloatResult {[0m
2025-10-02T12:51:49.5315731Z [0m    [0m[0m[1m[38;5;12m|[0m[0m            [0m[0m[1m[33m^^^[0m
2025-10-02T12:51:49.5316245Z [0m[1m[38;5;12m...[0m
2025-10-02T12:51:49.5316968Z [0m [0m[0m[1m[38;5;12m93[0m[0m [0m[0m[1m[38;5;12m|[0m[0m [0m[0m    pub fn div(a_bits: u32, b_bits: u32) -> FloatResult {[0m
2025-10-02T12:51:49.5317774Z [0m    [0m[0m[1m[38;5;12m|[0m[0m            [0m[0m[1m[33m^^^[0m
2025-10-02T12:51:49.5318303Z [0m[1m[38;5;12m...[0m
2025-10-02T12:51:49.5319031Z [0m[1m[38;5;12m125[0m[0m [0m[0m[1m[38;5;12m|[0m[0m [0m[0m    pub fn compare(a_bits: u32, b_bits: u32) -> FloatResult {[0m
2025-10-02T12:51:49.5319883Z [0m    [0m[0m[1m[38;5;12m|[0m[0m            [0m[0m[1m[33m^^^^^^^[0m
2025-10-02T12:51:49.5320230Z 
2025-10-02T12:51:49.5320588Z [0m[1m[33mwarning[0m[0m[1m: enum `InstructionFormat` is never used[0m
2025-10-02T12:51:49.5321346Z [0m  [0m[0m[1m[38;5;12m--> [0m[0msrc/cpu/instruction_formats.rs:11:10[0m
2025-10-02T12:51:49.5321889Z [0m   [0m[0m[1m[38;5;12m|[0m
2025-10-02T12:51:49.5322518Z [0m[1m[38;5;12m11[0m[0m [0m[0m[1m[38;5;12m|[0m[0m [0m[0mpub enum InstructionFormat {[0m
2025-10-02T12:51:49.5323247Z [0m   [0m[0m[1m[38;5;12m|[0m[0m          [0m[0m[1m[33m^^^^^^^^^^^^^^^^^[0m
2025-10-02T12:51:49.5323595Z 
2025-10-02T12:51:49.5324160Z [0m[1m[33mwarning[0m[0m[1m: struct `V60InstructionDecoder` is never constructed[0m
2025-10-02T12:51:49.5325027Z [0m  [0m[0m[1m[38;5;12m--> [0m[0msrc/cpu/instruction_formats.rs:72:12[0m
2025-10-02T12:51:49.5325615Z [0m   [0m[0m[1m[38;5;12m|[0m
2025-10-02T12:51:49.5326292Z [0m[1m[38;5;12m72[0m[0m [0m[0m[1m[38;5;12m|[0m[0m [0m[0mpub struct V60InstructionDecoder {[0m
2025-10-02T12:51:49.5327084Z [0m   [0m[0m[1m[38;5;12m|[0m[0m            [0m[0m[1m[33m^^^^^^^^^^^^^^^^^^^^^[0m
2025-10-02T12:51:49.5327740Z 
2025-10-02T12:51:49.5328129Z [0m[1m[33mwarning[0m[0m[1m: multiple associated items are never used[0m
2025-10-02T12:51:49.5328907Z [0m   [0m[0m[1m[38;5;12m--> [0m[0msrc/cpu/instruction_formats.rs:79:12[0m
2025-10-02T12:51:49.5329479Z [0m    [0m[0m[1m[38;5;12m|[0m
2025-10-02T12:51:49.5330168Z [0m [0m[0m[1m[38;5;12m77[0m[0m [0m[0m[1m[38;5;12m|[0m[0m [0m[0mimpl V60InstructionDecoder {[0m
2025-10-02T12:51:49.5331223Z [0m    [0m[0m[1m[38;5;12m|[0m[0m [0m[0m[1m[38;5;12m--------------------------[0m[0m [0m[0m[1m[38;5;12massociated items in this implementation[0m
2025-10-02T12:51:49.5332270Z [0m [0m[0m[1m[38;5;12m78[0m[0m [0m[0m[1m[38;5;12m|[0m[0m [0m[0m    /// Crée un nouveau décodeur[0m
2025-10-02T12:51:49.5333134Z [0m [0m[0m[1m[38;5;12m79[0m[0m [0m[0m[1m[38;5;12m|[0m[0m [0m[0m    pub fn new() -> Self {[0m
2025-10-02T12:51:49.5333866Z [0m    [0m[0m[1m[38;5;12m|[0m[0m            [0m[0m[1m[33m^^^[0m
2025-10-02T12:51:49.5334584Z [0m[1m[38;5;12m...[0m
2025-10-02T12:51:49.5335503Z [0m [0m[0m[1m[38;5;12m86[0m[0m [0m[0m[1m[38;5;12m|[0m[0m [0m[0m    pub fn decode(&mut self, data: &[u8], address: u32) -> Result<DecodedInstruction> {[0m
2025-10-02T12:51:49.5336442Z [0m    [0m[0m[1m[38;5;12m|[0m[0m            [0m[0m[1m[33m^^^^^^[0m
2025-10-02T12:51:49.5336973Z [0m[1m[38;5;12m...[0m
2025-10-02T12:51:49.5337555Z [0m[1m[38;5;12m113[0m[0m [0m[0m[1m[38;5;12m|[0m[0m [0m[0m    fn determine_format([0m
2025-10-02T12:51:49.5338487Z [0m    [0m[0m[1m[38;5;12m|[0m[0m        [0m[0m[1m[33m^^^^^^^^^^^^^^^^[0m
2025-10-02T12:51:49.5339039Z [0m[1m[38;5;12m...[0m
2025-10-02T12:51:49.5339898Z [0m[1m[38;5;12m197[0m[0m [0m[0m[1m[38;5;12m|[0m[0m [0m[0m    fn decode_format(&self, format: &InstructionFormat) -> Result<Instruction> {[0m
2025-10-02T12:51:49.5340844Z [0m    [0m[0m[1m[38;5;12m|[0m[0m        [0m[0m[1m[33m^^^^^^^^^^^^^[0m
2025-10-02T12:51:49.5341357Z [0m[1m[38;5;12m...[0m
2025-10-02T12:51:49.5342228Z [0m[1m[38;5;12m230[0m[0m [0m[0m[1m[38;5;12m|[0m[0m [0m[0m    fn decode_format1(&self, opcode: u8, r2: u8, r1: u8) -> Result<Instruction> {[0m
2025-10-02T12:51:49.5343137Z [0m    [0m[0m[1m[38;5;12m|[0m[0m        [0m[0m[1m[33m^^^^^^^^^^^^^^[0m
2025-10-02T12:51:49.5343677Z [0m[1m[38;5;12m...[0m
2025-10-02T12:51:49.5435295Z [0m[1m[38;5;12m272[0m[0m [0m[0m[1m[38;5;12m|[0m[0m [0m[0m    fn decode_format2(&self, opcode: u8, r2: u8, r1: u8, immediate: u16) -> Result<Instruction> {[0m
2025-10-02T12:51:49.5436338Z [0m    [0m[0m[1m[38;5;12m|[0m[0m        [0m[0m[1m[33m^^^^^^^^^^^^^^[0m
2025-10-02T12:51:49.5436879Z [0m[1m[38;5;12m...[0m
2025-10-02T12:51:49.5437830Z [0m[1m[38;5;12m318[0m[0m [0m[0m[1m[38;5;12m|[0m[0m [0m[0m    fn decode_format3(&self, opcode: u8, r2: u8, r1: u8, displacement: u32) -> Result<Instruction> {[0m
2025-10-02T12:51:49.5438842Z [0m    [0m[0m[1m[38;5;12m|[0m[0m        [0m[0m[1m[33m^^^^^^^^^^^^^^[0m
2025-10-02T12:51:49.5439380Z [0m[1m[38;5;12m...[0m
2025-10-02T12:51:49.5440338Z [0m[1m[38;5;12m340[0m[0m [0m[0m[1m[38;5;12m|[0m[0m [0m[0m    fn decode_format4(&self, opcode: u8, condition: u8, displacement: i32) -> Result<Instruction> {[0m
2025-10-02T12:51:49.5441351Z [0m    [0m[0m[1m[38;5;12m|[0m[0m        [0m[0m[1m[33m^^^^^^^^^^^^^^[0m
2025-10-02T12:51:49.5441887Z [0m[1m[38;5;12m...[0m
2025-10-02T12:51:49.5442840Z [0m[1m[38;5;12m367[0m[0m [0m[0m[1m[38;5;12m|[0m[0m [0m[0m    fn decode_format5(&self, opcode: u8, function: u8, immediate: u8) -> Result<Instruction> {[0m
2025-10-02T12:51:49.5443836Z [0m    [0m[0m[1m[38;5;12m|[0m[0m        [0m[0m[1m[33m^^^^^^^^^^^^^^[0m
2025-10-02T12:51:49.5444530Z [0m[1m[38;5;12m...[0m
2025-10-02T12:51:49.5445426Z [0m[1m[38;5;12m380[0m[0m [0m[0m[1m[38;5;12m|[0m[0m [0m[0m    fn calculate_instruction_size(&self, format: &InstructionFormat) -> u32 {[0m
2025-10-02T12:51:49.5446643Z [0m    [0m[0m[1m[38;5;12m|[0m[0m        [0m[0m[1m[33m^^^^^^^^^^^^^^^^^^^^^^^^^^[0m
2025-10-02T12:51:49.5447211Z [0m[1m[38;5;12m...[0m
2025-10-02T12:51:49.5447864Z [0m[1m[38;5;12m391[0m[0m [0m[0m[1m[38;5;12m|[0m[0m [0m[0m    pub fn clear_cache(&mut self) {[0m
2025-10-02T12:51:49.5448650Z [0m    [0m[0m[1m[38;5;12m|[0m[0m            [0m[0m[1m[33m^^^^^^^^^^^[0m
2025-10-02T12:51:49.5449017Z 
2025-10-02T12:51:49.5449389Z [0m[1m[33mwarning[0m[0m[1m: enum `Instruction` is never used[0m
2025-10-02T12:51:49.5450111Z [0m [0m[0m[1m[38;5;12m--> [0m[0msrc/cpu/instructions.rs:5:10[0m
2025-10-02T12:51:49.5450674Z [0m  [0m[0m[1m[38;5;12m|[0m
2025-10-02T12:51:49.5451321Z [0m[1m[38;5;12m5[0m[0m [0m[0m[1m[38;5;12m|[0m[0m [0m[0mpub enum Instruction {[0m
2025-10-02T12:51:49.5452066Z [0m  [0m[0m[1m[38;5;12m|[0m[0m          [0m[0m[1m[33m^^^^^^^^^^^[0m
2025-10-02T12:51:49.5452424Z 
2025-10-02T12:51:49.5452765Z [0m[1m[33mwarning[0m[0m[1m: enum `Operand` is never used[0m
2025-10-02T12:51:49.5453468Z [0m   [0m[0m[1m[38;5;12m--> [0m[0msrc/cpu/instructions.rs:237:10[0m
2025-10-02T12:51:49.5454192Z [0m    [0m[0m[1m[38;5;12m|[0m
2025-10-02T12:51:49.5454839Z [0m[1m[38;5;12m237[0m[0m [0m[0m[1m[38;5;12m|[0m[0m [0m[0mpub enum Operand {[0m
2025-10-02T12:51:49.5455542Z [0m    [0m[0m[1m[38;5;12m|[0m[0m          [0m[0m[1m[33m^^^^^^^[0m
2025-10-02T12:51:49.5455891Z 
2025-10-02T12:51:49.5456438Z [0m[1m[33mwarning[0m[0m[1m: enum `DataSize` is never used[0m
2025-10-02T12:51:49.5457154Z [0m   [0m[0m[1m[38;5;12m--> [0m[0msrc/cpu/instructions.rs:262:10[0m
2025-10-02T12:51:49.5457717Z [0m    [0m[0m[1m[38;5;12m|[0m
2025-10-02T12:51:49.5458343Z [0m[1m[38;5;12m262[0m[0m [0m[0m[1m[38;5;12m|[0m[0m [0m[0mpub enum DataSize {[0m
2025-10-02T12:51:49.5459066Z [0m    [0m[0m[1m[38;5;12m|[0m[0m          [0m[0m[1m[33m^^^^^^^^[0m
2025-10-02T12:51:49.5459411Z 
2025-10-02T12:51:49.5459790Z [0m[1m[33mwarning[0m[0m[1m: methods `bytes` and `bits` are never used[0m
2025-10-02T12:51:49.5460549Z [0m   [0m[0m[1m[38;5;12m--> [0m[0msrc/cpu/instructions.rs:270:12[0m
2025-10-02T12:51:49.5461106Z [0m    [0m[0m[1m[38;5;12m|[0m
2025-10-02T12:51:49.5461716Z [0m[1m[38;5;12m268[0m[0m [0m[0m[1m[38;5;12m|[0m[0m [0m[0mimpl DataSize {[0m
2025-10-02T12:51:49.5462647Z [0m    [0m[0m[1m[38;5;12m|[0m[0m [0m[0m[1m[38;5;12m-------------[0m[0m [0m[0m[1m[38;5;12mmethods in this implementation[0m
2025-10-02T12:51:49.5463569Z [0m[1m[38;5;12m269[0m[0m [0m[0m[1m[38;5;12m|[0m[0m [0m[0m    /// Retourne la taille en octets[0m
2025-10-02T12:51:49.5555404Z [0m[1m[38;5;12m270[0m[0m [0m[0m[1m[38;5;12m|[0m[0m [0m[0m    pub fn bytes(self) -> usize {[0m
2025-10-02T12:51:49.5556246Z [0m    [0m[0m[1m[38;5;12m|[0m[0m            [0m[0m[1m[33m^^^^^[0m
2025-10-02T12:51:49.5556797Z [0m[1m[38;5;12m...[0m
2025-10-02T12:51:49.5557494Z [0m[1m[38;5;12m279[0m[0m [0m[0m[1m[38;5;12m|[0m[0m [0m[0m    pub fn bits(self) -> usize {[0m
2025-10-02T12:51:49.5558240Z [0m    [0m[0m[1m[38;5;12m|[0m[0m            [0m[0m[1m[33m^^^^[0m
2025-10-02T12:51:49.5558607Z 
2025-10-02T12:51:49.5559023Z [0m[1m[33mwarning[0m[0m[1m: struct `DecodedInstruction` is never constructed[0m
2025-10-02T12:51:49.5559821Z [0m   [0m[0m[1m[38;5;12m--> [0m[0msrc/cpu/instructions.rs:286:12[0m
2025-10-02T12:51:49.5560398Z [0m    [0m[0m[1m[38;5;12m|[0m
2025-10-02T12:51:49.5561119Z [0m[1m[38;5;12m286[0m[0m [0m[0m[1m[38;5;12m|[0m[0m [0m[0mpub struct DecodedInstruction {[0m
2025-10-02T12:51:49.5561902Z [0m    [0m[0m[1m[38;5;12m|[0m[0m            [0m[0m[1m[33m^^^^^^^^^^^^^^^^^^[0m
2025-10-02T12:51:49.5562290Z 
2025-10-02T12:51:49.5562664Z [0m[1m[33mwarning[0m[0m[1m: associated function `new` is never used[0m
2025-10-02T12:51:49.5563408Z [0m   [0m[0m[1m[38;5;12m--> [0m[0msrc/cpu/instructions.rs:302:12[0m
2025-10-02T12:51:49.5564495Z [0m    [0m[0m[1m[38;5;12m|[0m
2025-10-02T12:51:49.5565189Z [0m[1m[38;5;12m300[0m[0m [0m[0m[1m[38;5;12m|[0m[0m [0m[0mimpl DecodedInstruction {[0m
2025-10-02T12:51:49.5566201Z [0m    [0m[0m[1m[38;5;12m|[0m[0m [0m[0m[1m[38;5;12m-----------------------[0m[0m [0m[0m[1m[38;5;12massociated function in this implementation[0m
2025-10-02T12:51:49.5567256Z [0m[1m[38;5;12m301[0m[0m [0m[0m[1m[38;5;12m|[0m[0m [0m[0m    /// Crée une nouvelle instruction décodée[0m
2025-10-02T12:51:49.5568372Z [0m[1m[38;5;12m302[0m[0m [0m[0m[1m[38;5;12m|[0m[0m [0m[0m    pub fn new(instruction: Instruction, address: u32, size: u32) -> Self {[0m
2025-10-02T12:51:49.5569300Z [0m    [0m[0m[1m[38;5;12m|[0m[0m            [0m[0m[1m[33m^^^[0m
2025-10-02T12:51:49.5569651Z 
2025-10-02T12:51:49.5570036Z [0m[1m[33mwarning[0m[0m[1m: function `estimate_cycles` is never used[0m
2025-10-02T12:51:49.5570802Z [0m   [0m[0m[1m[38;5;12m--> [0m[0msrc/cpu/instructions.rs:314:4[0m
2025-10-02T12:51:49.5571377Z [0m    [0m[0m[1m[38;5;12m|[0m
2025-10-02T12:51:49.5572173Z [0m[1m[38;5;12m314[0m[0m [0m[0m[1m[38;5;12m|[0m[0m [0m[0mfn estimate_cycles(instruction: &Instruction) -> u32 {[0m
2025-10-02T12:51:49.5573024Z [0m    [0m[0m[1m[38;5;12m|[0m[0m    [0m[0m[1m[33m^^^^^^^^^^^^^^^[0m
2025-10-02T12:51:49.5573377Z 
2025-10-02T12:51:49.5573753Z [0m[1m[33mwarning[0m[0m[1m: struct `LogicalUnit` is never constructed[0m
2025-10-02T12:51:49.5574867Z [0m [0m[0m[1m[38;5;12m--> [0m[0msrc/cpu/logical.rs:6:12[0m
2025-10-02T12:51:49.5575435Z [0m  [0m[0m[1m[38;5;12m|[0m
2025-10-02T12:51:49.5576072Z [0m[1m[38;5;12m6[0m[0m [0m[0m[1m[38;5;12m|[0m[0m [0m[0mpub struct LogicalUnit;[0m
2025-10-02T12:51:49.5576803Z [0m  [0m[0m[1m[38;5;12m|[0m[0m            [0m[0m[1m[33m^^^^^^^^^^^[0m
2025-10-02T12:51:49.5577170Z 
2025-10-02T12:51:49.5577583Z [0m[1m[33mwarning[0m[0m[1m: multiple associated functions are never used[0m
2025-10-02T12:51:49.5578338Z [0m   [0m[0m[1m[38;5;12m--> [0m[0msrc/cpu/logical.rs:10:12[0m
2025-10-02T12:51:49.5578879Z [0m    [0m[0m[1m[38;5;12m|[0m
2025-10-02T12:51:49.5579517Z [0m  [0m[0m[1m[38;5;12m8[0m[0m [0m[0m[1m[38;5;12m|[0m[0m [0m[0mimpl LogicalUnit {[0m
2025-10-02T12:51:49.5580530Z [0m    [0m[0m[1m[38;5;12m|[0m[0m [0m[0m[1m[38;5;12m----------------[0m[0m [0m[0m[1m[38;5;12massociated functions in this implementation[0m
2025-10-02T12:51:49.5581521Z [0m  [0m[0m[1m[38;5;12m9[0m[0m [0m[0m[1m[38;5;12m|[0m[0m [0m[0m    /// Opération AND logique[0m
2025-10-02T12:51:49.5582558Z [0m [0m[0m[1m[38;5;12m10[0m[0m [0m[0m[1m[38;5;12m|[0m[0m [0m[0m    pub fn and(operand1: u32, operand2: u32) -> ArithmeticResult {[0m
2025-10-02T12:51:49.5583409Z [0m    [0m[0m[1m[38;5;12m|[0m[0m            [0m[0m[1m[33m^^^[0m
2025-10-02T12:51:49.5583935Z [0m[1m[38;5;12m...[0m
2025-10-02T12:51:49.5675632Z [0m [0m[0m[1m[38;5;12m17[0m[0m [0m[0m[1m[38;5;12m|[0m[0m [0m[0m    pub fn or(operand1: u32, operand2: u32) -> ArithmeticResult {[0m
2025-10-02T12:51:49.5676569Z [0m    [0m[0m[1m[38;5;12m|[0m[0m            [0m[0m[1m[33m^^[0m
2025-10-02T12:51:49.5677109Z [0m[1m[38;5;12m...[0m
2025-10-02T12:51:49.5677915Z [0m [0m[0m[1m[38;5;12m23[0m[0m [0m[0m[1m[38;5;12m|[0m[0m [0m[0m    pub fn xor(operand1: u32, operand2: u32) -> ArithmeticResult {[0m
2025-10-02T12:51:49.5678796Z [0m    [0m[0m[1m[38;5;12m|[0m[0m            [0m[0m[1m[33m^^^[0m
2025-10-02T12:51:49.5679331Z [0m[1m[38;5;12m...[0m
2025-10-02T12:51:49.5680050Z [0m [0m[0m[1m[38;5;12m29[0m[0m [0m[0m[1m[38;5;12m|[0m[0m [0m[0m    pub fn not(operand: u32) -> ArithmeticResult {[0m
2025-10-02T12:51:49.5680842Z [0m    [0m[0m[1m[38;5;12m|[0m[0m            [0m[0m[1m[33m^^^[0m
2025-10-02T12:51:49.5681356Z [0m[1m[38;5;12m...[0m
2025-10-02T12:51:49.5682179Z [0m [0m[0m[1m[38;5;12m35[0m[0m [0m[0m[1m[38;5;12m|[0m[0m [0m[0m    pub fn shl(operand: u32, shift_amount: u32) -> ArithmeticResult {[0m
2025-10-02T12:51:49.5683384Z [0m    [0m[0m[1m[38;5;12m|[0m[0m            [0m[0m[1m[33m^^^[0m
2025-10-02T12:51:49.5683897Z [0m[1m[38;5;12m...[0m
2025-10-02T12:51:49.5684980Z [0m [0m[0m[1m[38;5;12m54[0m[0m [0m[0m[1m[38;5;12m|[0m[0m [0m[0m    pub fn shr(operand: u32, shift_amount: u32) -> ArithmeticResult {[0m
2025-10-02T12:51:49.5685872Z [0m    [0m[0m[1m[38;5;12m|[0m[0m            [0m[0m[1m[33m^^^[0m
2025-10-02T12:51:49.5686395Z [0m[1m[38;5;12m...[0m
2025-10-02T12:51:49.5687287Z [0m [0m[0m[1m[38;5;12m74[0m[0m [0m[0m[1m[38;5;12m|[0m[0m [0m[0m    pub fn sar(operand: u32, shift_amount: u32) -> ArithmeticResult {[0m
2025-10-02T12:51:49.5688155Z [0m    [0m[0m[1m[38;5;12m|[0m[0m            [0m[0m[1m[33m^^^[0m
2025-10-02T12:51:49.5688657Z [0m[1m[38;5;12m...[0m
2025-10-02T12:51:49.5689483Z [0m [0m[0m[1m[38;5;12m95[0m[0m [0m[0m[1m[38;5;12m|[0m[0m [0m[0m    pub fn rol(operand: u32, rotation_amount: u32) -> ArithmeticResult {[0m
2025-10-02T12:51:49.5690354Z [0m    [0m[0m[1m[38;5;12m|[0m[0m            [0m[0m[1m[33m^^^[0m
2025-10-02T12:51:49.5690878Z [0m[1m[38;5;12m...[0m
2025-10-02T12:51:49.5691688Z [0m[1m[38;5;12m110[0m[0m [0m[0m[1m[38;5;12m|[0m[0m [0m[0m    pub fn ror(operand: u32, rotation_amount: u32) -> ArithmeticResult {[0m
2025-10-02T12:51:49.5692565Z [0m    [0m[0m[1m[38;5;12m|[0m[0m            [0m[0m[1m[33m^^^[0m
2025-10-02T12:51:49.5693279Z [0m[1m[38;5;12m...[0m
2025-10-02T12:51:49.5694233Z [0m[1m[38;5;12m125[0m[0m [0m[0m[1m[38;5;12m|[0m[0m [0m[0m    pub fn test(operand1: u32, operand2: u32) -> ArithmeticResult {[0m
2025-10-02T12:51:49.5695104Z [0m    [0m[0m[1m[38;5;12m|[0m[0m            [0m[0m[1m[33m^^^^[0m
2025-10-02T12:51:49.5695622Z [0m[1m[38;5;12m...[0m
2025-10-02T12:51:49.5696367Z [0m[1m[38;5;12m131[0m[0m [0m[0m[1m[38;5;12m|[0m[0m [0m[0m    pub fn bit_count(operand: u32) -> ArithmeticResult {[0m
2025-10-02T12:51:49.5697292Z [0m    [0m[0m[1m[38;5;12m|[0m[0m            [0m[0m[1m[33m^^^^^^^^^[0m
2025-10-02T12:51:49.5697821Z [0m[1m[38;5;12m...[0m
2025-10-02T12:51:49.5698583Z [0m[1m[38;5;12m137[0m[0m [0m[0m[1m[38;5;12m|[0m[0m [0m[0m    pub fn bit_scan_forward(operand: u32) -> ArithmeticResult {[0m
2025-10-02T12:51:49.5699442Z [0m    [0m[0m[1m[38;5;12m|[0m[0m            [0m[0m[1m[33m^^^^^^^^^^^^^^^^[0m
2025-10-02T12:51:49.5699993Z [0m[1m[38;5;12m...[0m
2025-10-02T12:51:49.5700750Z [0m[1m[38;5;12m148[0m[0m [0m[0m[1m[38;5;12m|[0m[0m [0m[0m    pub fn bit_scan_reverse(operand: u32) -> ArithmeticResult {[0m
2025-10-02T12:51:49.5701617Z [0m    [0m[0m[1m[38;5;12m|[0m[0m            [0m[0m[1m[33m^^^^^^^^^^^^^^^^[0m
2025-10-02T12:51:49.5701976Z 
2025-10-02T12:51:49.5702374Z [0m[1m[33mwarning[0m[0m[1m: struct `V60Registers` is never constructed[0m
2025-10-02T12:51:49.5703123Z [0m [0m[0m[1m[38;5;12m--> [0m[0msrc/cpu/registers.rs:7:12[0m
2025-10-02T12:51:49.5703681Z [0m  [0m[0m[1m[38;5;12m|[0m
2025-10-02T12:51:49.5795149Z [0m[1m[38;5;12m7[0m[0m [0m[0m[1m[38;5;12m|[0m[0m [0m[0mpub struct V60Registers {[0m
2025-10-02T12:51:49.5795987Z [0m  [0m[0m[1m[38;5;12m|[0m[0m            [0m[0m[1m[33m^^^^^^^^^^^^[0m
2025-10-02T12:51:49.5796358Z 
2025-10-02T12:51:49.5796759Z [0m[1m[33mwarning[0m[0m[1m: multiple associated items are never used[0m
2025-10-02T12:51:49.5797533Z [0m  [0m[0m[1m[38;5;12m--> [0m[0msrc/cpu/registers.rs:29:12[0m
2025-10-02T12:51:49.5798102Z [0m   [0m[0m[1m[38;5;12m|[0m
2025-10-02T12:51:49.5798728Z [0m[1m[38;5;12m27[0m[0m [0m[0m[1m[38;5;12m|[0m[0m [0m[0mimpl V60Registers {[0m
2025-10-02T12:51:49.5799731Z [0m   [0m[0m[1m[38;5;12m|[0m[0m [0m[0m[1m[38;5;12m-----------------[0m[0m [0m[0m[1m[38;5;12massociated items in this implementation[0m
2025-10-02T12:51:49.5801378Z [0m[1m[38;5;12m28[0m[0m [0m[0m[1m[38;5;12m|[0m[0m [0m[0m    /// Crée une nouvelle instance des registres avec des valeurs par défaut[0m
2025-10-02T12:51:49.5802383Z [0m[1m[38;5;12m29[0m[0m [0m[0m[1m[38;5;12m|[0m[0m [0m[0m    pub fn new() -> Self {[0m
2025-10-02T12:51:49.5803117Z [0m   [0m[0m[1m[38;5;12m|[0m[0m            [0m[0m[1m[33m^^^[0m
2025-10-02T12:51:49.5803650Z [0m[1m[38;5;12m...[0m
2025-10-02T12:51:49.5804450Z [0m[1m[38;5;12m41[0m[0m [0m[0m[1m[38;5;12m|[0m[0m [0m[0m    pub fn reset(&mut self) {[0m
2025-10-02T12:51:49.5805213Z [0m   [0m[0m[1m[38;5;12m|[0m[0m            [0m[0m[1m[33m^^^^^[0m
2025-10-02T12:51:49.5805757Z [0m[1m[38;5;12m...[0m
2025-10-02T12:51:49.5806472Z [0m[1m[38;5;12m51[0m[0m [0m[0m[1m[38;5;12m|[0m[0m [0m[0m    pub fn read_general(&self, index: usize) -> u32 {[0m
2025-10-02T12:51:49.5807284Z [0m   [0m[0m[1m[38;5;12m|[0m[0m            [0m[0m[1m[33m^^^^^^^^^^^^[0m
2025-10-02T12:51:49.5807841Z [0m[1m[38;5;12m...[0m
2025-10-02T12:51:49.5808605Z [0m[1m[38;5;12m60[0m[0m [0m[0m[1m[38;5;12m|[0m[0m [0m[0m    pub fn write_general(&mut self, index: usize, value: u32) {[0m
2025-10-02T12:51:49.5809464Z [0m   [0m[0m[1m[38;5;12m|[0m[0m            [0m[0m[1m[33m^^^^^^^^^^^^^[0m
2025-10-02T12:51:49.5809998Z [0m[1m[38;5;12m...[0m
2025-10-02T12:51:49.5810700Z [0m[1m[38;5;12m68[0m[0m [0m[0m[1m[38;5;12m|[0m[0m [0m[0m    pub fn read_control(&self, index: usize) -> u32 {[0m
2025-10-02T12:51:49.5811698Z [0m   [0m[0m[1m[38;5;12m|[0m[0m            [0m[0m[1m[33m^^^^^^^^^^^^[0m
2025-10-02T12:51:49.5812240Z [0m[1m[38;5;12m...[0m
2025-10-02T12:51:49.5813001Z [0m[1m[38;5;12m77[0m[0m [0m[0m[1m[38;5;12m|[0m[0m [0m[0m    pub fn write_control(&mut self, index: usize, value: u32) {[0m
2025-10-02T12:51:49.5813837Z [0m   [0m[0m[1m[38;5;12m|[0m[0m            [0m[0m[1m[33m^^^^^^^^^^^^^[0m
2025-10-02T12:51:49.5814551Z [0m[1m[38;5;12m...[0m
2025-10-02T12:51:49.5815251Z [0m[1m[38;5;12m84[0m[0m [0m[0m[1m[38;5;12m|[0m[0m [0m[0m    pub fn get_gpr(&self, index: usize) -> u32 {[0m
2025-10-02T12:51:49.5816017Z [0m   [0m[0m[1m[38;5;12m|[0m[0m            [0m[0m[1m[33m^^^^^^^[0m
2025-10-02T12:51:49.5816543Z [0m[1m[38;5;12m...[0m
2025-10-02T12:51:49.5817250Z [0m[1m[38;5;12m89[0m[0m [0m[0m[1m[38;5;12m|[0m[0m [0m[0m    pub fn set_gpr(&mut self, index: usize, value: u32) {[0m
2025-10-02T12:51:49.5818065Z [0m   [0m[0m[1m[38;5;12m|[0m[0m            [0m[0m[1m[33m^^^^^^^[0m
2025-10-02T12:51:49.5818598Z [0m[1m[38;5;12m...[0m
2025-10-02T12:51:49.5819217Z [0m[1m[38;5;12m94[0m[0m [0m[0m[1m[38;5;12m|[0m[0m [0m[0m    pub fn get_pc(&self) -> u32 {[0m
2025-10-02T12:51:49.5819960Z [0m   [0m[0m[1m[38;5;12m|[0m[0m            [0m[0m[1m[33m^^^^^^[0m
2025-10-02T12:51:49.5820478Z [0m[1m[38;5;12m...[0m
2025-10-02T12:51:49.5821129Z [0m[1m[38;5;12m99[0m[0m [0m[0m[1m[38;5;12m|[0m[0m [0m[0m    pub fn set_pc(&mut self, value: u32) {[0m
2025-10-02T12:51:49.5821885Z [0m   [0m[0m[1m[38;5;12m|[0m[0m            [0m[0m[1m[33m^^^^^^[0m
2025-10-02T12:51:49.5822241Z 
2025-10-02T12:51:49.5822586Z [0m[1m[33mwarning[0m[0m[1m: multiple methods are never used[0m
2025-10-02T12:51:49.5823296Z [0m   [0m[0m[1m[38;5;12m--> [0m[0msrc/cpu/registers.rs:142:12[0m
2025-10-02T12:51:49.5823846Z [0m    [0m[0m[1m[38;5;12m|[0m
2025-10-02T12:51:49.5885004Z [0m[1m[38;5;12m140[0m[0m [0m[0m[1m[38;5;12m|[0m[0m [0m[0mimpl ProcessorStatusWord {[0m
2025-10-02T12:51:49.5886053Z [0m    [0m[0m[1m[38;5;12m|[0m[0m [0m[0m[1m[38;5;12m------------------------[0m[0m [0m[0m[1m[38;5;12mmethods in this implementation[0m
2025-10-02T12:51:49.5887295Z [0m[1m[38;5;12m141[0m[0m [0m[0m[1m[38;5;12m|[0m[0m [0m[0m    /// Met à jour les flags de condition basés sur un résultat[0m
2025-10-02T12:51:49.5888483Z [0m[1m[38;5;12m142[0m[0m [0m[0m[1m[38;5;12m|[0m[0m [0m[0m    pub fn update_flags(&mut self, result: u32, carry: bool, overflow: bool) {[0m
2025-10-02T12:51:49.5889683Z [0m    [0m[0m[1m[38;5;12m|[0m[0m            [0m[0m[1m[33m^^^^^^^^^^^^[0m
2025-10-02T12:51:49.5890227Z [0m[1m[38;5;12m...[0m
2025-10-02T12:51:49.5890918Z [0m[1m[38;5;12m165[0m[0m [0m[0m[1m[38;5;12m|[0m[0m [0m[0m    pub fn set_zero_flag(&mut self, value: bool) {[0m
2025-10-02T12:51:49.5891719Z [0m    [0m[0m[1m[38;5;12m|[0m[0m            [0m[0m[1m[33m^^^^^^^^^^^^^[0m
2025-10-02T12:51:49.5892261Z [0m[1m[38;5;12m...[0m
2025-10-02T12:51:49.5892972Z [0m[1m[38;5;12m173[0m[0m [0m[0m[1m[38;5;12m|[0m[0m [0m[0m    pub fn set_negative_flag(&mut self, value: bool) {[0m
2025-10-02T12:51:49.5893804Z [0m    [0m[0m[1m[38;5;12m|[0m[0m            [0m[0m[1m[33m^^^^^^^^^^^^^^^^^[0m
2025-10-02T12:51:49.5894497Z [0m[1m[38;5;12m...[0m
2025-10-02T12:51:49.5895193Z [0m[1m[38;5;12m181[0m[0m [0m[0m[1m[38;5;12m|[0m[0m [0m[0m    pub fn set_carry_flag(&mut self, value: bool) {[0m
2025-10-02T12:51:49.5896004Z [0m    [0m[0m[1m[38;5;12m|[0m[0m            [0m[0m[1m[33m^^^^^^^^^^^^^^[0m
2025-10-02T12:51:49.5896538Z [0m[1m[38;5;12m...[0m
2025-10-02T12:51:49.5897248Z [0m[1m[38;5;12m189[0m[0m [0m[0m[1m[38;5;12m|[0m[0m [0m[0m    pub fn set_overflow_flag(&mut self, value: bool) {[0m
2025-10-02T12:51:49.5898064Z [0m    [0m[0m[1m[38;5;12m|[0m[0m            [0m[0m[1m[33m^^^^^^^^^^^^^^^^^[0m
2025-10-02T12:51:49.5898610Z [0m[1m[38;5;12m...[0m
2025-10-02T12:51:49.5899497Z [0m[1m[38;5;12m197[0m[0m [0m[0m[1m[38;5;12m|[0m[0m [0m[0m    pub fn set_parity_flag(&mut self, value: bool) {[0m
2025-10-02T12:51:49.5900332Z [0m    [0m[0m[1m[38;5;12m|[0m[0m            [0m[0m[1m[33m^^^^^^^^^^^^^^^[0m
2025-10-02T12:51:49.5900868Z [0m[1m[38;5;12m...[0m
2025-10-02T12:51:49.5901673Z [0m[1m[38;5;12m206[0m[0m [0m[0m[1m[38;5;12m|[0m[0m [0m[0m    pub fn condition_met(&self, condition: ConditionCode) -> bool {[0m
2025-10-02T12:51:49.5902586Z [0m    [0m[0m[1m[38;5;12m|[0m[0m            [0m[0m[1m[33m^^^^^^^^^^^^^[0m
2025-10-02T12:51:49.5902952Z 
2025-10-02T12:51:49.5903312Z [0m[1m[33mwarning[0m[0m[1m: enum `ConditionCode` is never used[0m
2025-10-02T12:51:49.5904200Z [0m   [0m[0m[1m[38;5;12m--> [0m[0msrc/cpu/registers.rs:236:10[0m
2025-10-02T12:51:49.5904763Z [0m    [0m[0m[1m[38;5;12m|[0m
2025-10-02T12:51:49.5905428Z [0m[1m[38;5;12m236[0m[0m [0m[0m[1m[38;5;12m|[0m[0m [0m[0mpub enum ConditionCode {[0m
2025-10-02T12:51:49.5906185Z [0m    [0m[0m[1m[38;5;12m|[0m[0m          [0m[0m[1m[33m^^^^^^^^^^^^^[0m
2025-10-02T12:51:49.5906544Z 
2025-10-02T12:51:49.5906929Z [0m[1m[33mwarning[0m[0m[1m: struct `StringResult` is never constructed[0m
2025-10-02T12:51:49.5907692Z [0m [0m[0m[1m[38;5;12m--> [0m[0msrc/cpu/string_operations.rs:9:12[0m
2025-10-02T12:51:49.5908250Z [0m  [0m[0m[1m[38;5;12m|[0m
2025-10-02T12:51:49.5908899Z [0m[1m[38;5;12m9[0m[0m [0m[0m[1m[38;5;12m|[0m[0m [0m[0mpub struct StringResult {[0m
2025-10-02T12:51:49.5909643Z [0m  [0m[0m[1m[38;5;12m|[0m[0m            [0m[0m[1m[33m^^^^^^^^^^^^[0m
2025-10-02T12:51:49.5910003Z 
2025-10-02T12:51:49.5910355Z [0m[1m[33mwarning[0m[0m[1m: method `update_psw` is never used[0m
2025-10-02T12:51:49.5911088Z [0m  [0m[0m[1m[38;5;12m--> [0m[0msrc/cpu/string_operations.rs:19:12[0m
2025-10-02T12:51:49.5911655Z [0m   [0m[0m[1m[38;5;12m|[0m
2025-10-02T12:51:49.5912297Z [0m[1m[38;5;12m17[0m[0m [0m[0m[1m[38;5;12m|[0m[0m [0m[0mimpl StringResult {[0m
2025-10-02T12:51:49.5913236Z [0m   [0m[0m[1m[38;5;12m|[0m[0m [0m[0m[1m[38;5;12m-----------------[0m[0m [0m[0m[1m[38;5;12mmethod in this implementation[0m
2025-10-02T12:51:49.5974537Z [0m[1m[38;5;12m18[0m[0m [0m[0m[1m[38;5;12m|[0m[0m [0m[0m    /// Met à jour le mot d'état du processeur[0m
2025-10-02T12:51:49.5975676Z [0m[1m[38;5;12m19[0m[0m [0m[0m[1m[38;5;12m|[0m[0m [0m[0m    pub fn update_psw(&self, psw: &mut ProcessorStatusWord) {[0m
2025-10-02T12:51:49.5976785Z [0m   [0m[0m[1m[38;5;12m|[0m[0m            [0m[0m[1m[33m^^^^^^^^^^[0m
2025-10-02T12:51:49.5977160Z 
2025-10-02T12:51:49.5977559Z [0m[1m[33mwarning[0m[0m[1m: struct `StringUnit` is never constructed[0m
2025-10-02T12:51:49.5978330Z [0m  [0m[0m[1m[38;5;12m--> [0m[0msrc/cpu/string_operations.rs:27:12[0m
2025-10-02T12:51:49.5978913Z [0m   [0m[0m[1m[38;5;12m|[0m
2025-10-02T12:51:49.5979579Z [0m[1m[38;5;12m27[0m[0m [0m[0m[1m[38;5;12m|[0m[0m [0m[0mpub struct StringUnit;[0m
2025-10-02T12:51:49.5980312Z [0m   [0m[0m[1m[38;5;12m|[0m[0m            [0m[0m[1m[33m^^^^^^^^^^[0m
2025-10-02T12:51:49.5980681Z 
2025-10-02T12:51:49.5981536Z [0m[1m[33mwarning[0m[0m[1m: associated functions `string_move`, `string_compare`, `string_scan`, `string_fill`, and `string_length` are never used[0m
2025-10-02T12:51:49.5982681Z [0m   [0m[0m[1m[38;5;12m--> [0m[0msrc/cpu/string_operations.rs:31:12[0m
2025-10-02T12:51:49.5983274Z [0m    [0m[0m[1m[38;5;12m|[0m
2025-10-02T12:51:49.5983936Z [0m [0m[0m[1m[38;5;12m29[0m[0m [0m[0m[1m[38;5;12m|[0m[0m [0m[0mimpl StringUnit {[0m
2025-10-02T12:51:49.5985135Z [0m    [0m[0m[1m[38;5;12m|[0m[0m [0m[0m[1m[38;5;12m---------------[0m[0m [0m[0m[1m[38;5;12massociated functions in this implementation[0m
2025-10-02T12:51:49.5986412Z [0m [0m[0m[1m[38;5;12m30[0m[0m [0m[0m[1m[38;5;12m|[0m[0m [0m[0m    /// Copie de chaîne (STRING_MOVE)[0m
2025-10-02T12:51:49.5987410Z [0m [0m[0m[1m[38;5;12m31[0m[0m [0m[0m[1m[38;5;12m|[0m[0m [0m[0m    pub fn string_move<M>([0m
2025-10-02T12:51:49.5988171Z [0m    [0m[0m[1m[38;5;12m|[0m[0m            [0m[0m[1m[33m^^^^^^^^^^^[0m
2025-10-02T12:51:49.5988724Z [0m[1m[38;5;12m...[0m
2025-10-02T12:51:49.5989370Z [0m [0m[0m[1m[38;5;12m85[0m[0m [0m[0m[1m[38;5;12m|[0m[0m [0m[0m    pub fn string_compare<M>([0m
2025-10-02T12:51:49.5990154Z [0m    [0m[0m[1m[38;5;12m|[0m[0m            [0m[0m[1m[33m^^^^^^^^^^^^^^[0m
2025-10-02T12:51:49.5990687Z [0m[1m[38;5;12m...[0m
2025-10-02T12:51:49.5991310Z [0m[1m[38;5;12m145[0m[0m [0m[0m[1m[38;5;12m|[0m[0m [0m[0m    pub fn string_scan<M>([0m
2025-10-02T12:51:49.5992050Z [0m    [0m[0m[1m[38;5;12m|[0m[0m            [0m[0m[1m[33m^^^^^^^^^^^[0m
2025-10-02T12:51:49.5992598Z [0m[1m[38;5;12m...[0m
2025-10-02T12:51:49.5993212Z [0m[1m[38;5;12m196[0m[0m [0m[0m[1m[38;5;12m|[0m[0m [0m[0m    pub fn string_fill<M>([0m
2025-10-02T12:51:49.5993948Z [0m    [0m[0m[1m[38;5;12m|[0m[0m            [0m[0m[1m[33m^^^^^^^^^^^[0m
2025-10-02T12:51:49.5994761Z [0m[1m[38;5;12m...[0m
2025-10-02T12:51:49.5995382Z [0m[1m[38;5;12m236[0m[0m [0m[0m[1m[38;5;12m|[0m[0m [0m[0m    pub fn string_length<M>([0m
2025-10-02T12:51:49.5996140Z [0m    [0m[0m[1m[38;5;12m|[0m[0m            [0m[0m[1m[33m^^^^^^^^^^^^^[0m
2025-10-02T12:51:49.5996512Z 
2025-10-02T12:51:49.5996940Z [0m[1m[33mwarning[0m[0m[1m: struct `GpuCommandBuffer` is never constructed[0m
2025-10-02T12:51:49.5997691Z [0m  [0m[0m[1m[38;5;12m--> [0m[0msrc/memory/mod.rs:29:12[0m
2025-10-02T12:51:49.5998239Z [0m   [0m[0m[1m[38;5;12m|[0m
2025-10-02T12:51:49.5998902Z [0m[1m[38;5;12m29[0m[0m [0m[0m[1m[38;5;12m|[0m[0m [0m[0mpub struct GpuCommandBuffer {[0m
2025-10-02T12:51:49.5999674Z [0m   [0m[0m[1m[38;5;12m|[0m[0m            [0m[0m[1m[33m^^^^^^^^^^^^^^^^[0m
2025-10-02T12:51:49.6000040Z 
2025-10-02T12:51:49.6000470Z [0m[1m[33mwarning[0m[0m[1m: struct `CommandBufferStats` is never constructed[0m
2025-10-02T12:51:49.6001243Z [0m  [0m[0m[1m[38;5;12m--> [0m[0msrc/memory/mod.rs:41:12[0m
2025-10-02T12:51:49.6001780Z [0m   [0m[0m[1m[38;5;12m|[0m
2025-10-02T12:51:49.6002449Z [0m[1m[38;5;12m41[0m[0m [0m[0m[1m[38;5;12m|[0m[0m [0m[0mpub struct CommandBufferStats {[0m
2025-10-02T12:51:49.6003230Z [0m   [0m[0m[1m[38;5;12m|[0m[0m            [0m[0m[1m[33m^^^^^^^^^^^^^^^^^^[0m
2025-10-02T12:51:49.6003771Z 
2025-10-02T12:51:49.6064529Z [0m[1m[33mwarning[0m[0m[1m: multiple associated items are never used[0m
2025-10-02T12:51:49.6065445Z [0m   [0m[0m[1m[38;5;12m--> [0m[0msrc/memory/mod.rs:50:12[0m
2025-10-02T12:51:49.6066005Z [0m    [0m[0m[1m[38;5;12m|[0m
2025-10-02T12:51:49.6066688Z [0m [0m[0m[1m[38;5;12m48[0m[0m [0m[0m[1m[38;5;12m|[0m[0m [0m[0mimpl GpuCommandBuffer {[0m
2025-10-02T12:51:49.6067753Z [0m    [0m[0m[1m[38;5;12m|[0m[0m [0m[0m[1m[38;5;12m---------------------[0m[0m [0m[0m[1m[38;5;12massociated items in this implementation[0m
2025-10-02T12:51:49.6068867Z [0m [0m[0m[1m[38;5;12m49[0m[0m [0m[0m[1m[38;5;12m|[0m[0m [0m[0m    /// Crée un nouveau buffer de commandes GPU[0m
2025-10-02T12:51:49.6069789Z [0m [0m[0m[1m[38;5;12m50[0m[0m [0m[0m[1m[38;5;12m|[0m[0m [0m[0m    pub fn new() -> Self {[0m
2025-10-02T12:51:49.6070532Z [0m    [0m[0m[1m[38;5;12m|[0m[0m            [0m[0m[1m[33m^^^[0m
2025-10-02T12:51:49.6071045Z [0m[1m[38;5;12m...[0m
2025-10-02T12:51:49.6071763Z [0m [0m[0m[1m[38;5;12m64[0m[0m [0m[0m[1m[38;5;12m|[0m[0m [0m[0m    pub fn push(&mut self, command: GpuCommand) {[0m
2025-10-02T12:51:49.6072561Z [0m    [0m[0m[1m[38;5;12m|[0m[0m            [0m[0m[1m[33m^^^^[0m
2025-10-02T12:51:49.6073094Z [0m[1m[38;5;12m...[0m
2025-10-02T12:51:49.6074187Z [0m [0m[0m[1m[38;5;12m74[0m[0m [0m[0m[1m[38;5;12m|[0m[0m [0m[0m    pub fn flush(&mut self) -> Vec<GpuCommand> {[0m
2025-10-02T12:51:49.6075049Z [0m    [0m[0m[1m[38;5;12m|[0m[0m            [0m[0m[1m[33m^^^^^[0m
2025-10-02T12:51:49.6075595Z [0m[1m[38;5;12m...[0m
2025-10-02T12:51:49.6076492Z [0m [0m[0m[1m[38;5;12m97[0m[0m [0m[0m[1m[38;5;12m|[0m[0m [0m[0m    fn optimize_commands(&self, commands: Vec<GpuCommand>) -> Vec<GpuCommand> {[0m
2025-10-02T12:51:49.6077466Z [0m    [0m[0m[1m[38;5;12m|[0m[0m        [0m[0m[1m[33m^^^^^^^^^^^^^^^^^[0m
2025-10-02T12:51:49.6078006Z [0m[1m[38;5;12m...[0m
2025-10-02T12:51:49.6078650Z [0m[1m[38;5;12m190[0m[0m [0m[0m[1m[38;5;12m|[0m[0m [0m[0m    pub fn len(&self) -> usize {[0m
2025-10-02T12:51:49.6079395Z [0m    [0m[0m[1m[38;5;12m|[0m[0m            [0m[0m[1m[33m^^^[0m
2025-10-02T12:51:49.6079910Z [0m[1m[38;5;12m...[0m
2025-10-02T12:51:49.6080560Z [0m[1m[38;5;12m195[0m[0m [0m[0m[1m[38;5;12m|[0m[0m [0m[0m    pub fn is_empty(&self) -> bool {[0m
2025-10-02T12:51:49.6081324Z [0m    [0m[0m[1m[38;5;12m|[0m[0m            [0m[0m[1m[33m^^^^^^^^[0m
2025-10-02T12:51:49.6081857Z [0m[1m[38;5;12m...[0m
2025-10-02T12:51:49.6082555Z [0m[1m[38;5;12m200[0m[0m [0m[0m[1m[38;5;12m|[0m[0m [0m[0m    pub fn stats(&self) -> &CommandBufferStats {[0m
2025-10-02T12:51:49.6083359Z [0m    [0m[0m[1m[38;5;12m|[0m[0m            [0m[0m[1m[33m^^^^^[0m
2025-10-02T12:51:49.6083886Z [0m[1m[38;5;12m...[0m
2025-10-02T12:51:49.6084679Z [0m[1m[38;5;12m205[0m[0m [0m[0m[1m[38;5;12m|[0m[0m [0m[0m    pub fn clear(&mut self) {[0m
2025-10-02T12:51:49.6085431Z [0m    [0m[0m[1m[38;5;12m|[0m[0m            [0m[0m[1m[33m^^^^^[0m
2025-10-02T12:51:49.6085794Z 
2025-10-02T12:51:49.6086188Z [0m[1m[33mwarning[0m[0m[1m: struct `IoRegisters` is never constructed[0m
2025-10-02T12:51:49.6086976Z [0m   [0m[0m[1m[38;5;12m--> [0m[0msrc/memory/mod.rs:212:12[0m
2025-10-02T12:51:49.6087523Z [0m    [0m[0m[1m[38;5;12m|[0m
2025-10-02T12:51:49.6088211Z [0m[1m[38;5;12m212[0m[0m [0m[0m[1m[38;5;12m|[0m[0m [0m[0mpub struct IoRegisters {[0m
2025-10-02T12:51:49.6088972Z [0m    [0m[0m[1m[38;5;12m|[0m[0m            [0m[0m[1m[33m^^^^^^^^^^^[0m
2025-10-02T12:51:49.6089338Z 
2025-10-02T12:51:49.6090118Z [0m[1m[33mwarning[0m[0m[1m: associated items `new`, `read_register`, `write_register`, `decode_gpu_command`, and `update` are never used[0m
2025-10-02T12:51:49.6091351Z [0m   [0m[0m[1m[38;5;12m--> [0m[0msrc/memory/mod.rs:248:12[0m
2025-10-02T12:51:49.6091892Z [0m    [0m[0m[1m[38;5;12m|[0m
2025-10-02T12:51:49.6092544Z [0m[1m[38;5;12m247[0m[0m [0m[0m[1m[38;5;12m|[0m[0m [0m[0mimpl IoRegisters {[0m
2025-10-02T12:51:49.6093557Z [0m    [0m[0m[1m[38;5;12m|[0m[0m [0m[0m[1m[38;5;12m----------------[0m[0m [0m[0m[1m[38;5;12massociated items in this implementation[0m
2025-10-02T12:51:49.6154990Z [0m[1m[38;5;12m248[0m[0m [0m[0m[1m[38;5;12m|[0m[0m [0m[0m    pub fn new() -> Self {[0m
2025-10-02T12:51:49.6155787Z [0m    [0m[0m[1m[38;5;12m|[0m[0m            [0m[0m[1m[33m^^^[0m
2025-10-02T12:51:49.6156323Z [0m[1m[38;5;12m...[0m
2025-10-02T12:51:49.6157061Z [0m[1m[38;5;12m265[0m[0m [0m[0m[1m[38;5;12m|[0m[0m [0m[0m    pub fn read_register(&self, offset: u32) -> u32 {[0m
2025-10-02T12:51:49.6157873Z [0m    [0m[0m[1m[38;5;12m|[0m[0m            [0m[0m[1m[33m^^^^^^^^^^^^^[0m
2025-10-02T12:51:49.6158433Z [0m[1m[38;5;12m...[0m
2025-10-02T12:51:49.6159331Z [0m[1m[38;5;12m282[0m[0m [0m[0m[1m[38;5;12m|[0m[0m [0m[0m    pub fn write_register(&mut self, offset: u32, value: u32) -> Option<GpuCommand> {[0m
2025-10-02T12:51:49.6160292Z [0m    [0m[0m[1m[38;5;12m|[0m[0m            [0m[0m[1m[33m^^^^^^^^^^^^^^[0m
2025-10-02T12:51:49.6160833Z [0m[1m[38;5;12m...[0m
2025-10-02T12:51:49.6161603Z [0m[1m[38;5;12m305[0m[0m [0m[0m[1m[38;5;12m|[0m[0m [0m[0m    fn decode_gpu_command(&self, command: u32) -> GpuCommand {[0m
2025-10-02T12:51:49.6162707Z [0m    [0m[0m[1m[38;5;12m|[0m[0m        [0m[0m[1m[33m^^^^^^^^^^^^^^^^^^[0m
2025-10-02T12:51:49.6163261Z [0m[1m[38;5;12m...[0m
2025-10-02T12:51:49.6164516Z [0m[1m[38;5;12m385[0m[0m [0m[0m[1m[38;5;12m|[0m[0m [0m[0m    pub fn update(&mut self, cycles: u32, cpu: &mut crate::cpu::NecV60) {[0m
2025-10-02T12:51:49.6165429Z [0m    [0m[0m[1m[38;5;12m|[0m[0m            [0m[0m[1m[33m^^^^^^[0m
2025-10-02T12:51:49.6165800Z 
2025-10-02T12:51:49.6166148Z [0m[1m[33mwarning[0m[0m[1m: enum `GpuCommand` is never used[0m
2025-10-02T12:51:49.6166840Z [0m   [0m[0m[1m[38;5;12m--> [0m[0msrc/memory/mod.rs:402:10[0m
2025-10-02T12:51:49.6167410Z [0m    [0m[0m[1m[38;5;12m|[0m
2025-10-02T12:51:49.6168059Z [0m[1m[38;5;12m402[0m[0m [0m[0m[1m[38;5;12m|[0m[0m [0m[0mpub enum GpuCommand {[0m
2025-10-02T12:51:49.6168792Z [0m    [0m[0m[1m[38;5;12m|[0m[0m          [0m[0m[1m[33m^^^^^^^^^^[0m
2025-10-02T12:51:49.6169149Z 
2025-10-02T12:51:49.6169506Z [0m[1m[33mwarning[0m[0m[1m: enum `TextureFormat` is never used[0m
2025-10-02T12:51:49.6170205Z [0m   [0m[0m[1m[38;5;12m--> [0m[0msrc/memory/mod.rs:528:10[0m
2025-10-02T12:51:49.6170740Z [0m    [0m[0m[1m[38;5;12m|[0m
2025-10-02T12:51:49.6171387Z [0m[1m[38;5;12m528[0m[0m [0m[0m[1m[38;5;12m|[0m[0m [0m[0mpub enum TextureFormat {[0m
2025-10-02T12:51:49.6172143Z [0m    [0m[0m[1m[38;5;12m|[0m[0m          [0m[0m[1m[33m^^^^^^^^^^^^^[0m
2025-10-02T12:51:49.6172504Z 
2025-10-02T12:51:49.6172872Z [0m[1m[33mwarning[0m[0m[1m: enum `RenderStateType` is never used[0m
2025-10-02T12:51:49.6173571Z [0m   [0m[0m[1m[38;5;12m--> [0m[0msrc/memory/mod.rs:538:10[0m
2025-10-02T12:51:49.6174245Z [0m    [0m[0m[1m[38;5;12m|[0m
2025-10-02T12:51:49.6174924Z [0m[1m[38;5;12m538[0m[0m [0m[0m[1m[38;5;12m|[0m[0m [0m[0mpub enum RenderStateType {[0m
2025-10-02T12:51:49.6175692Z [0m    [0m[0m[1m[38;5;12m|[0m[0m          [0m[0m[1m[33m^^^^^^^^^^^^^^^[0m
2025-10-02T12:51:49.6176052Z 
2025-10-02T12:51:49.6176376Z [0m[1m[33mwarning[0m[0m[1m: enum `FogMode` is never used[0m
2025-10-02T12:51:49.6177045Z [0m   [0m[0m[1m[38;5;12m--> [0m[0msrc/memory/mod.rs:551:10[0m
2025-10-02T12:51:49.6177570Z [0m    [0m[0m[1m[38;5;12m|[0m
2025-10-02T12:51:49.6178197Z [0m[1m[38;5;12m551[0m[0m [0m[0m[1m[38;5;12m|[0m[0m [0m[0mpub enum FogMode {[0m
2025-10-02T12:51:49.6179178Z [0m    [0m[0m[1m[38;5;12m|[0m[0m          [0m[0m[1m[33m^^^^^^^[0m
2025-10-02T12:51:49.6179516Z 
2025-10-02T12:51:49.6179858Z [0m[1m[33mwarning[0m[0m[1m: enum `BlendFactor` is never used[0m
2025-10-02T12:51:49.6180537Z [0m   [0m[0m[1m[38;5;12m--> [0m[0msrc/memory/mod.rs:559:10[0m
2025-10-02T12:51:49.6181043Z [0m    [0m[0m[1m[38;5;12m|[0m
2025-10-02T12:51:49.6181674Z [0m[1m[38;5;12m559[0m[0m [0m[0m[1m[38;5;12m|[0m[0m [0m[0mpub enum BlendFactor {[0m
2025-10-02T12:51:49.6182388Z [0m    [0m[0m[1m[38;5;12m|[0m[0m          [0m[0m[1m[33m^^^^^^^^^^^[0m
2025-10-02T12:51:49.6182745Z 
2025-10-02T12:51:49.6183080Z [0m[1m[33mwarning[0m[0m[1m: enum `DepthFunc` is never used[0m
2025-10-02T12:51:49.6183748Z [0m   [0m[0m[1m[38;5;12m--> [0m[0msrc/memory/mod.rs:574:10[0m
2025-10-02T12:51:49.6240086Z [0m    [0m[0m[1m[38;5;12m|[0m
2025-10-02T12:51:49.6240788Z [0m[1m[38;5;12m574[0m[0m [0m[0m[1m[38;5;12m|[0m[0m [0m[0mpub enum DepthFunc {[0m
2025-10-02T12:51:49.6241549Z [0m    [0m[0m[1m[38;5;12m|[0m[0m          [0m[0m[1m[33m^^^^^^^^^[0m
2025-10-02T12:51:49.6241922Z 
2025-10-02T12:51:49.6242253Z [0m[1m[33mwarning[0m[0m[1m: enum `CullMode` is never used[0m
2025-10-02T12:51:49.6242946Z [0m   [0m[0m[1m[38;5;12m--> [0m[0msrc/memory/mod.rs:587:10[0m
2025-10-02T12:51:49.6243484Z [0m    [0m[0m[1m[38;5;12m|[0m
2025-10-02T12:51:49.6244296Z [0m[1m[38;5;12m587[0m[0m [0m[0m[1m[38;5;12m|[0m[0m [0m[0mpub enum CullMode {[0m
2025-10-02T12:51:49.6245236Z [0m    [0m[0m[1m[38;5;12m|[0m[0m          [0m[0m[1m[33m^^^^^^^^[0m
2025-10-02T12:51:49.6245607Z 
2025-10-02T12:51:49.6245952Z [0m[1m[33mwarning[0m[0m[1m: enum `TexEnvMode` is never used[0m
2025-10-02T12:51:49.6246638Z [0m   [0m[0m[1m[38;5;12m--> [0m[0msrc/memory/mod.rs:596:10[0m
2025-10-02T12:51:49.6247169Z [0m    [0m[0m[1m[38;5;12m|[0m
2025-10-02T12:51:49.6247811Z [0m[1m[38;5;12m596[0m[0m [0m[0m[1m[38;5;12m|[0m[0m [0m[0mpub enum TexEnvMode {[0m
2025-10-02T12:51:49.6248546Z [0m    [0m[0m[1m[38;5;12m|[0m[0m          [0m[0m[1m[33m^^^^^^^^^^[0m
2025-10-02T12:51:49.6248904Z 
2025-10-02T12:51:49.6249253Z [0m[1m[33mwarning[0m[0m[1m: enum `TexCombineMode` is never used[0m
2025-10-02T12:51:49.6249935Z [0m   [0m[0m[1m[38;5;12m--> [0m[0msrc/memory/mod.rs:605:10[0m
2025-10-02T12:51:49.6250456Z [0m    [0m[0m[1m[38;5;12m|[0m
2025-10-02T12:51:49.6251103Z [0m[1m[38;5;12m605[0m[0m [0m[0m[1m[38;5;12m|[0m[0m [0m[0mpub enum TexCombineMode {[0m
2025-10-02T12:51:49.6251856Z [0m    [0m[0m[1m[38;5;12m|[0m[0m          [0m[0m[1m[33m^^^^^^^^^^^^^^[0m
2025-10-02T12:51:49.6252218Z 
2025-10-02T12:51:49.6252593Z [0m[1m[33mwarning[0m[0m[1m: struct `GpuVertex` is never constructed[0m
2025-10-02T12:51:49.6253307Z [0m   [0m[0m[1m[38;5;12m--> [0m[0msrc/memory/mod.rs:615:12[0m
2025-10-02T12:51:49.6253846Z [0m    [0m[0m[1m[38;5;12m|[0m
2025-10-02T12:51:49.6254640Z [0m[1m[38;5;12m615[0m[0m [0m[0m[1m[38;5;12m|[0m[0m [0m[0mpub struct GpuVertex {[0m
2025-10-02T12:51:49.6255385Z [0m    [0m[0m[1m[38;5;12m|[0m[0m            [0m[0m[1m[33m^^^^^^^^^[0m
2025-10-02T12:51:49.6255726Z 
2025-10-02T12:51:49.6256103Z [0m[1m[33mwarning[0m[0m[1m: associated function `new` is never used[0m
2025-10-02T12:51:49.6256810Z [0m   [0m[0m[1m[38;5;12m--> [0m[0msrc/memory/mod.rs:628:12[0m
2025-10-02T12:51:49.6257343Z [0m    [0m[0m[1m[38;5;12m|[0m
2025-10-02T12:51:49.6257958Z [0m[1m[38;5;12m627[0m[0m [0m[0m[1m[38;5;12m|[0m[0m [0m[0mimpl GpuVertex {[0m
2025-10-02T12:51:49.6258935Z [0m    [0m[0m[1m[38;5;12m|[0m[0m [0m[0m[1m[38;5;12m--------------[0m[0m [0m[0m[1m[38;5;12massociated function in this implementation[0m
2025-10-02T12:51:49.6260128Z [0m[1m[38;5;12m628[0m[0m [0m[0m[1m[38;5;12m|[0m[0m [0m[0m    pub fn new(x: f32, y: f32, z: f32, r: f32, g: f32, b: f32, a: f32, u: f32, v: f32) -> Self {[0m
2025-10-02T12:51:49.6261000Z [0m    [0m[0m[1m[38;5;12m|[0m[0m            [0m[0m[1m[33m^^^[0m
2025-10-02T12:51:49.6261539Z 
2025-10-02T12:51:49.6261933Z [0m[1m[33mwarning[0m[0m[1m: struct `Model2Memory` is never constructed[0m
2025-10-02T12:51:49.6262656Z [0m   [0m[0m[1m[38;5;12m--> [0m[0msrc/memory/mod.rs:645:12[0m
2025-10-02T12:51:49.6263198Z [0m    [0m[0m[1m[38;5;12m|[0m
2025-10-02T12:51:49.6263853Z [0m[1m[38;5;12m645[0m[0m [0m[0m[1m[38;5;12m|[0m[0m [0m[0mpub struct Model2Memory {[0m
2025-10-02T12:51:49.6295001Z [0m    [0m[0m[1m[38;5;12m|[0m[0m            [0m[0m[1m[33m^^^^^^^^^^^^[0m
2025-10-02T12:51:49.6295387Z 
2025-10-02T12:51:49.6295785Z [0m[1m[33mwarning[0m[0m[1m: multiple associated items are never used[0m
2025-10-02T12:51:49.6296486Z [0m   [0m[0m[1m[38;5;12m--> [0m[0msrc/memory/mod.rs:682:12[0m
2025-10-02T12:51:49.6297026Z [0m    [0m[0m[1m[38;5;12m|[0m
2025-10-02T12:51:49.6297710Z [0m[1m[38;5;12m680[0m[0m [0m[0m[1m[38;5;12m|[0m[0m [0m[0mimpl Model2Memory {[0m
2025-10-02T12:51:49.6298815Z [0m    [0m[0m[1m[38;5;12m|[0m[0m [0m[0m[1m[38;5;12m-----------------[0m[0m [0m[0m[1m[38;5;12massociated items in this implementation[0m
2025-10-02T12:51:49.6299948Z [0m[1m[38;5;12m681[0m[0m [0m[0m[1m[38;5;12m|[0m[0m [0m[0m    /// Crée un nouveau système mémoire Model 2[0m
2025-10-02T12:51:49.6300856Z [0m[1m[38;5;12m682[0m[0m [0m[0m[1m[38;5;12m|[0m[0m [0m[0m    pub fn new() -> Self {[0m
2025-10-02T12:51:49.6301789Z [0m    [0m[0m[1m[38;5;12m|[0m[0m            [0m[0m[1m[33m^^^[0m
2025-10-02T12:51:49.6302321Z [0m[1m[38;5;12m...[0m
2025-10-02T12:51:49.6312809Z [0m[1m[38;5;12m702[0m[0m [0m[0m[1m[38;5;12m|[0m[0m [0m[0m    pub fn load_rom(&mut self, name: String, data: Vec<u8>) -> Result<()> {[0m
2025-10-02T12:51:49.6313695Z [0m    [0m[0m[1m[38;5;12m|[0m[0m            [0m[0m[1m[33m^^^^^^^^[0m
2025-10-02T12:51:49.6314345Z [0m[1m[38;5;12m...[0m
2025-10-02T12:51:49.6314977Z [0m[1m[38;5;12m709[0m[0m [0m[0m[1m[38;5;12m|[0m[0m [0m[0m    pub fn clear_cache(&mut self) {[0m
2025-10-02T12:51:49.6315733Z [0m    [0m[0m[1m[38;5;12m|[0m[0m            [0m[0m[1m[33m^^^^^^^^^^^[0m
2025-10-02T12:51:49.6316251Z [0m[1m[38;5;12m...[0m
2025-10-02T12:51:49.6317371Z [0m[1m[38;5;12m716[0m[0m [0m[0m[1m[38;5;12m|[0m[0m [0m[0m    pub fn update_io_registers(&mut self, cycles: u32, cpu: &mut crate::cpu::NecV60) {[0m
2025-10-02T12:51:49.6318339Z [0m    [0m[0m[1m[38;5;12m|[0m[0m            [0m[0m[1m[33m^^^^^^^^^^^^^^^^^^^[0m
2025-10-02T12:51:49.6318863Z [0m[1m[38;5;12m...[0m
2025-10-02T12:51:49.6319623Z [0m[1m[38;5;12m722[0m[0m [0m[0m[1m[38;5;12m|[0m[0m [0m[0m    pub fn enqueue_gpu_command(&mut self, command: GpuCommand) {[0m
2025-10-02T12:51:49.6320473Z [0m    [0m[0m[1m[38;5;12m|[0m[0m            [0m[0m[1m[33m^^^^^^^^^^^^^^^^^^^[0m
2025-10-02T12:51:49.6320981Z [0m[1m[38;5;12m...[0m
2025-10-02T12:51:49.6321734Z [0m[1m[38;5;12m727[0m[0m [0m[0m[1m[38;5;12m|[0m[0m [0m[0m    pub fn process_gpu_commands(&mut self) -> Vec<GpuCommand> {[0m
2025-10-02T12:51:49.6322599Z [0m    [0m[0m[1m[38;5;12m|[0m[0m            [0m[0m[1m[33m^^^^^^^^^^^^^^^^^^^^[0m
2025-10-02T12:51:49.6323116Z [0m[1m[38;5;12m...[0m
2025-10-02T12:51:49.6323889Z [0m[1m[38;5;12m732[0m[0m [0m[0m[1m[38;5;12m|[0m[0m [0m[0m    pub fn flush_gpu_command_buffer(&mut self) -> Vec<GpuCommand> {[0m
2025-10-02T12:51:49.6324916Z [0m    [0m[0m[1m[38;5;12m|[0m[0m            [0m[0m[1m[33m^^^^^^^^^^^^^^^^^^^^^^^^[0m
2025-10-02T12:51:49.6325291Z 
2025-10-02T12:51:49.6325673Z [0m[1m[33mwarning[0m[0m[1m: struct `MemoryCache` is never constructed[0m
2025-10-02T12:51:49.6326385Z [0m    [0m[0m[1m[38;5;12m--> [0m[0msrc/memory/mod.rs:1038:8[0m
2025-10-02T12:51:49.6326905Z [0m     [0m[0m[1m[38;5;12m|[0m
2025-10-02T12:51:49.6327537Z [0m[1m[38;5;12m1038[0m[0m [0m[0m[1m[38;5;12m|[0m[0m [0m[0mstruct MemoryCache {[0m
2025-10-02T12:51:49.6328504Z [0m     [0m[0m[1m[38;5;12m|[0m[0m        [0m[0m[1m[33m^^^^^^^^^^^[0m
2025-10-02T12:51:49.6328858Z 
2025-10-02T12:51:49.6329227Z [0m[1m[33mwarning[0m[0m[1m: struct `CacheEntry` is never constructed[0m
2025-10-02T12:51:49.6329925Z [0m    [0m[0m[1m[38;5;12m--> [0m[0msrc/memory/mod.rs:1044:8[0m
2025-10-02T12:51:49.6330445Z [0m     [0m[0m[1m[38;5;12m|[0m
2025-10-02T12:51:49.6331069Z [0m[1m[38;5;12m1044[0m[0m [0m[0m[1m[38;5;12m|[0m[0m [0m[0mstruct CacheEntry {[0m
2025-10-02T12:51:49.6331769Z [0m     [0m[0m[1m[38;5;12m|[0m[0m        [0m[0m[1m[33m^^^^^^^^^^[0m
2025-10-02T12:51:49.6332119Z 
2025-10-02T12:51:49.6332483Z [0m[1m[33mwarning[0m[0m[1m: multiple associated items are never used[0m
2025-10-02T12:51:49.6333177Z [0m    [0m[0m[1m[38;5;12m--> [0m[0msrc/memory/mod.rs:1050:8[0m
2025-10-02T12:51:49.6333695Z [0m     [0m[0m[1m[38;5;12m|[0m
2025-10-02T12:51:49.6416697Z [0m[1m[38;5;12m1049[0m[0m [0m[0m[1m[38;5;12m|[0m[0m [0m[0mimpl MemoryCache {[0m
2025-10-02T12:51:49.6417770Z [0m     [0m[0m[1m[38;5;12m|[0m[0m [0m[0m[1m[38;5;12m----------------[0m[0m [0m[0m[1m[38;5;12massociated items in this implementation[0m
2025-10-02T12:51:49.6418697Z [0m[1m[38;5;12m1050[0m[0m [0m[0m[1m[38;5;12m|[0m[0m [0m[0m    fn new() -> Self {[0m
2025-10-02T12:51:49.6419387Z [0m     [0m[0m[1m[38;5;12m|[0m[0m        [0m[0m[1m[33m^^^[0m
2025-10-02T12:51:49.6419891Z [0m[1m[38;5;12m...[0m
2025-10-02T12:51:49.6421230Z [0m[1m[38;5;12m1057[0m[0m [0m[0m[1m[38;5;12m|[0m[0m [0m[0m    fn get_u8(&self, address: u32) -> Option<u8> {[0m
2025-10-02T12:51:49.6422032Z [0m     [0m[0m[1m[38;5;12m|[0m[0m        [0m[0m[1m[33m^^^^^^[0m
2025-10-02T12:51:49.6422538Z [0m[1m[38;5;12m...[0m
2025-10-02T12:51:49.6423226Z [0m[1m[38;5;12m1064[0m[0m [0m[0m[1m[38;5;12m|[0m[0m [0m[0m    fn get_u16(&self, address: u32) -> Option<u16> {[0m
2025-10-02T12:51:49.6424154Z [0m     [0m[0m[1m[38;5;12m|[0m[0m        [0m[0m[1m[33m^^^^^^^[0m
2025-10-02T12:51:49.6424675Z [0m[1m[38;5;12m...[0m
2025-10-02T12:51:49.6425372Z [0m[1m[38;5;12m1071[0m[0m [0m[0m[1m[38;5;12m|[0m[0m [0m[0m    fn get_u32(&self, address: u32) -> Option<u32> {[0m
2025-10-02T12:51:49.6426137Z [0m     [0m[0m[1m[38;5;12m|[0m[0m        [0m[0m[1m[33m^^^^^^^[0m
2025-10-02T12:51:49.6426627Z [0m[1m[38;5;12m...[0m
2025-10-02T12:51:49.6427318Z [0m[1m[38;5;12m1078[0m[0m [0m[0m[1m[38;5;12m|[0m[0m [0m[0m    fn set_u8(&mut self, address: u32, value: u8) {[0m
2025-10-02T12:51:49.6428068Z [0m     [0m[0m[1m[38;5;12m|[0m[0m        [0m[0m[1m[33m^^^^^^[0m
2025-10-02T12:51:49.6428567Z [0m[1m[38;5;12m...[0m
2025-10-02T12:51:49.6429245Z [0m[1m[38;5;12m1088[0m[0m [0m[0m[1m[38;5;12m|[0m[0m [0m[0m    fn set_u16(&mut self, address: u32, value: u16) {[0m
2025-10-02T12:51:49.6430009Z [0m     [0m[0m[1m[38;5;12m|[0m[0m        [0m[0m[1m[33m^^^^^^^[0m
2025-10-02T12:51:49.6430514Z [0m[1m[38;5;12m...[0m
2025-10-02T12:51:49.6431189Z [0m[1m[38;5;12m1098[0m[0m [0m[0m[1m[38;5;12m|[0m[0m [0m[0m    fn set_u32(&mut self, address: u32, value: u32) {[0m
2025-10-02T12:51:49.6431943Z [0m     [0m[0m[1m[38;5;12m|[0m[0m        [0m[0m[1m[33m^^^^^^^[0m
2025-10-02T12:51:49.6432433Z [0m[1m[38;5;12m...[0m
2025-10-02T12:51:49.6433200Z [0m[1m[38;5;12m1102[0m[0m [0m[0m[1m[38;5;12m|[0m[0m [0m[0m    fn insert_entry(&mut self, address: u32, entry: CacheEntry) {[0m
2025-10-02T12:51:49.6434200Z [0m     [0m[0m[1m[38;5;12m|[0m[0m        [0m[0m[1m[33m^^^^^^^^^^^^[0m
2025-10-02T12:51:49.6434710Z [0m[1m[38;5;12m...[0m
2025-10-02T12:51:49.6435354Z [0m[1m[38;5;12m1120[0m[0m [0m[0m[1m[38;5;12m|[0m[0m [0m[0m    fn clear(&mut self) {[0m
2025-10-02T12:51:49.6436049Z [0m     [0m[0m[1m[38;5;12m|[0m[0m        [0m[0m[1m[33m^^^^^[0m
2025-10-02T12:51:49.6436407Z 
2025-10-02T12:51:49.6436762Z [0m[1m[33mwarning[0m[0m[1m: trait `MemoryInterface` is never used[0m
2025-10-02T12:51:49.6437678Z [0m [0m[0m[1m[38;5;12m--> [0m[0msrc/memory/interface.rs:6:11[0m
2025-10-02T12:51:49.6438219Z [0m  [0m[0m[1m[38;5;12m|[0m
2025-10-02T12:51:49.6438851Z [0m[1m[38;5;12m6[0m[0m [0m[0m[1m[38;5;12m|[0m[0m [0m[0mpub trait MemoryInterface {[0m
2025-10-02T12:51:49.6439574Z [0m  [0m[0m[1m[38;5;12m|[0m[0m           [0m[0m[1m[33m^^^^^^^^^^^^^^^[0m
2025-10-02T12:51:49.6439931Z 
2025-10-02T12:51:49.6440285Z [0m[1m[33mwarning[0m[0m[1m: enum `MemoryRegion` is never used[0m
2025-10-02T12:51:49.6440962Z [0m [0m[0m[1m[38;5;12m--> [0m[0msrc/memory/mapping.rs:5:10[0m
2025-10-02T12:51:49.6441482Z [0m  [0m[0m[1m[38;5;12m|[0m
2025-10-02T12:51:49.6442081Z [0m[1m[38;5;12m5[0m[0m [0m[0m[1m[38;5;12m|[0m[0m [0m[0mpub enum MemoryRegion {[0m
2025-10-02T12:51:49.6442779Z [0m  [0m[0m[1m[38;5;12m|[0m[0m          [0m[0m[1m[33m^^^^^^^^^^^^[0m
2025-10-02T12:51:49.6443136Z 
2025-10-02T12:51:49.6443535Z [0m[1m[33mwarning[0m[0m[1m: struct `MemoryMapEntry` is never constructed[0m
2025-10-02T12:51:49.6534542Z [0m  [0m[0m[1m[38;5;12m--> [0m[0msrc/memory/mapping.rs:30:12[0m
2025-10-02T12:51:49.6535115Z [0m   [0m[0m[1m[38;5;12m|[0m
2025-10-02T12:51:49.6535769Z [0m[1m[38;5;12m30[0m[0m [0m[0m[1m[38;5;12m|[0m[0m [0m[0mpub struct MemoryMapEntry {[0m
2025-10-02T12:51:49.6536511Z [0m   [0m[0m[1m[38;5;12m|[0m[0m            [0m[0m[1m[33m^^^^^^^^^^^^^^[0m
2025-10-02T12:51:49.6536869Z 
2025-10-02T12:51:49.6537630Z [0m[1m[33mwarning[0m[0m[1m: associated items `new`, `contains`, and `to_local_offset` are never used[0m
2025-10-02T12:51:49.6538506Z [0m  [0m[0m[1m[38;5;12m--> [0m[0msrc/memory/mapping.rs:52:12[0m
2025-10-02T12:51:49.6539046Z [0m   [0m[0m[1m[38;5;12m|[0m
2025-10-02T12:51:49.6539662Z [0m[1m[38;5;12m50[0m[0m [0m[0m[1m[38;5;12m|[0m[0m [0m[0mimpl MemoryMapEntry {[0m
2025-10-02T12:51:49.6540645Z [0m   [0m[0m[1m[38;5;12m|[0m[0m [0m[0m[1m[38;5;12m-------------------[0m[0m [0m[0m[1m[38;5;12massociated items in this implementation[0m
2025-10-02T12:51:49.6541684Z [0m[1m[38;5;12m51[0m[0m [0m[0m[1m[38;5;12m|[0m[0m [0m[0m    /// Crée une nouvelle entrée de mapping[0m
2025-10-02T12:51:49.6542488Z [0m[1m[38;5;12m52[0m[0m [0m[0m[1m[38;5;12m|[0m[0m [0m[0m    pub fn new([0m
2025-10-02T12:51:49.6543163Z [0m   [0m[0m[1m[38;5;12m|[0m[0m            [0m[0m[1m[33m^^^[0m
2025-10-02T12:51:49.6543662Z [0m[1m[38;5;12m...[0m
2025-10-02T12:51:49.6544517Z [0m[1m[38;5;12m71[0m[0m [0m[0m[1m[38;5;12m|[0m[0m [0m[0m    pub fn contains(&self, address: u32) -> bool {[0m
2025-10-02T12:51:49.6545284Z [0m   [0m[0m[1m[38;5;12m|[0m[0m            [0m[0m[1m[33m^^^^^^^^[0m
2025-10-02T12:51:49.6545794Z [0m[1m[38;5;12m...[0m
2025-10-02T12:51:49.6546541Z [0m[1m[38;5;12m76[0m[0m [0m[0m[1m[38;5;12m|[0m[0m [0m[0m    pub fn to_local_offset(&self, address: u32) -> Option<u32> {[0m
2025-10-02T12:51:49.6547374Z [0m   [0m[0m[1m[38;5;12m|[0m[0m            [0m[0m[1m[33m^^^^^^^^^^^^^^^[0m
2025-10-02T12:51:49.6547734Z 
2025-10-02T12:51:49.6548101Z [0m[1m[33mwarning[0m[0m[1m: struct `MemoryMap` is never constructed[0m
2025-10-02T12:51:49.6548810Z [0m  [0m[0m[1m[38;5;12m--> [0m[0msrc/memory/mapping.rs:90:12[0m
2025-10-02T12:51:49.6549334Z [0m   [0m[0m[1m[38;5;12m|[0m
2025-10-02T12:51:49.6549955Z [0m[1m[38;5;12m90[0m[0m [0m[0m[1m[38;5;12m|[0m[0m [0m[0mpub struct MemoryMap {[0m
2025-10-02T12:51:49.6550662Z [0m   [0m[0m[1m[38;5;12m|[0m[0m            [0m[0m[1m[33m^^^^^^^^^[0m
2025-10-02T12:51:49.6551002Z 
2025-10-02T12:51:49.6551376Z [0m[1m[33mwarning[0m[0m[1m: multiple associated items are never used[0m
2025-10-02T12:51:49.6552087Z [0m   [0m[0m[1m[38;5;12m--> [0m[0msrc/memory/mapping.rs:96:12[0m
2025-10-02T12:51:49.6552623Z [0m    [0m[0m[1m[38;5;12m|[0m
2025-10-02T12:51:49.6553238Z [0m [0m[0m[1m[38;5;12m94[0m[0m [0m[0m[1m[38;5;12m|[0m[0m [0m[0mimpl MemoryMap {[0m
2025-10-02T12:51:49.6554562Z [0m    [0m[0m[1m[38;5;12m|[0m[0m [0m[0m[1m[38;5;12m--------------[0m[0m [0m[0m[1m[38;5;12massociated items in this implementation[0m
2025-10-02T12:51:49.6555585Z [0m [0m[0m[1m[38;5;12m95[0m[0m [0m[0m[1m[38;5;12m|[0m[0m [0m[0m    /// Crée un nouveau mapping mémoire vide[0m
2025-10-02T12:51:49.6556476Z [0m [0m[0m[1m[38;5;12m96[0m[0m [0m[0m[1m[38;5;12m|[0m[0m [0m[0m    pub fn new() -> Self {[0m
2025-10-02T12:51:49.6557206Z [0m    [0m[0m[1m[38;5;12m|[0m[0m            [0m[0m[1m[33m^^^[0m
2025-10-02T12:51:49.6557704Z [0m[1m[38;5;12m...[0m
2025-10-02T12:51:49.6558324Z [0m[1m[38;5;12m103[0m[0m [0m[0m[1m[38;5;12m|[0m[0m [0m[0m    pub fn new_model2() -> Self {[0m
2025-10-02T12:51:49.6559065Z [0m    [0m[0m[1m[38;5;12m|[0m[0m            [0m[0m[1m[33m^^^^^^^^^^[0m
2025-10-02T12:51:49.6559573Z [0m[1m[38;5;12m...[0m
2025-10-02T12:51:49.6560301Z [0m[1m[38;5;12m204[0m[0m [0m[0m[1m[38;5;12m|[0m[0m [0m[0m    pub fn add_entry(&mut self, entry: MemoryMapEntry) {[0m
2025-10-02T12:51:49.6561097Z [0m    [0m[0m[1m[38;5;12m|[0m[0m            [0m[0m[1m[33m^^^^^^^^^[0m
2025-10-02T12:51:49.6561603Z [0m[1m[38;5;12m...[0m
2025-10-02T12:51:49.6562396Z [0m[1m[38;5;12m211[0m[0m [0m[0m[1m[38;5;12m|[0m[0m [0m[0m    pub fn resolve(&self, address: u32) -> Option<(MemoryRegion, u32)> {[0m
2025-10-02T12:51:49.6563426Z [0m    [0m[0m[1m[38;5;12m|[0m[0m            [0m[0m[1m[33m^^^^^^^[0m
2025-10-02T12:51:49.6563946Z [0m[1m[38;5;12m...[0m
2025-10-02T12:51:49.6654920Z [0m[1m[38;5;12m233[0m[0m [0m[0m[1m[38;5;12m|[0m[0m [0m[0m    pub fn is_writable(&self, address: u32) -> bool {[0m
2025-10-02T12:51:49.6655748Z [0m    [0m[0m[1m[38;5;12m|[0m[0m            [0m[0m[1m[33m^^^^^^^^^^^[0m
2025-10-02T12:51:49.6656271Z [0m[1m[38;5;12m...[0m
2025-10-02T12:51:49.6657107Z [0m[1m[38;5;12m242[0m[0m [0m[0m[1m[38;5;12m|[0m[0m [0m[0m    pub fn get_region_info(&self, address: u32) -> Option<&MemoryMapEntry> {[0m
2025-10-02T12:51:49.6658031Z [0m    [0m[0m[1m[38;5;12m|[0m[0m            [0m[0m[1m[33m^^^^^^^^^^^^^^^[0m
2025-10-02T12:51:49.6658547Z [0m[1m[38;5;12m...[0m
2025-10-02T12:51:49.6659318Z [0m[1m[38;5;12m247[0m[0m [0m[0m[1m[38;5;12m|[0m[0m [0m[0m    pub fn list_regions(&self) -> Vec<(MemoryRegion, u32, u32)> {[0m
2025-10-02T12:51:49.6660161Z [0m    [0m[0m[1m[38;5;12m|[0m[0m            [0m[0m[1m[33m^^^^^^^^^^^^[0m
2025-10-02T12:51:49.6660522Z 
2025-10-02T12:51:49.6660865Z [0m[1m[33mwarning[0m[0m[1m: struct `Ram` is never constructed[0m
2025-10-02T12:51:49.6661534Z [0m [0m[0m[1m[38;5;12m--> [0m[0msrc/memory/ram.rs:8:12[0m
2025-10-02T12:51:49.6662042Z [0m  [0m[0m[1m[38;5;12m|[0m
2025-10-02T12:51:49.6662633Z [0m[1m[38;5;12m8[0m[0m [0m[0m[1m[38;5;12m|[0m[0m [0m[0mpub struct Ram {[0m
2025-10-02T12:51:49.6663297Z [0m  [0m[0m[1m[38;5;12m|[0m[0m            [0m[0m[1m[33m^^^[0m
2025-10-02T12:51:49.6663643Z 
2025-10-02T12:51:49.6664161Z [0m[1m[33mwarning[0m[0m[1m: multiple associated items are never used[0m
2025-10-02T12:51:49.6664867Z [0m  [0m[0m[1m[38;5;12m--> [0m[0msrc/memory/ram.rs:21:12[0m
2025-10-02T12:51:49.6665383Z [0m   [0m[0m[1m[38;5;12m|[0m
2025-10-02T12:51:49.6665953Z [0m[1m[38;5;12m19[0m[0m [0m[0m[1m[38;5;12m|[0m[0m [0m[0mimpl Ram {[0m
2025-10-02T12:51:49.6666860Z [0m   [0m[0m[1m[38;5;12m|[0m[0m [0m[0m[1m[38;5;12m--------[0m[0m [0m[0m[1m[38;5;12massociated items in this implementation[0m
2025-10-02T12:51:49.6667918Z [0m[1m[38;5;12m20[0m[0m [0m[0m[1m[38;5;12m|[0m[0m [0m[0m    /// Crée une nouvelle zone RAM de la taille spécifiée[0m
2025-10-02T12:51:49.6779037Z [0m[1m[38;5;12m21[0m[0m [0m[0m[1m[38;5;12m|[0m[0m [0m[0m    pub fn new(size: usize) -> Self {[0m
2025-10-02T12:51:49.6779764Z [0m   [0m[0m[1m[38;5;12m|[0m[0m            [0m[0m[1m[33m^^^[0m
2025-10-02T12:51:49.6780565Z [0m[1m[38;5;12m...[0m
2025-10-02T12:51:49.6781178Z [0m[1m[38;5;12m30[0m[0m [0m[0m[1m[38;5;12m|[0m[0m [0m[0m    pub fn from_data(data: Vec<u8>) -> Self {[0m
2025-10-02T12:51:49.6781917Z [0m   [0m[0m[1m[38;5;12m|[0m[0m            [0m[0m[1m[33m^^^^^^^^^[0m
2025-10-02T12:51:49.6782453Z [0m[1m[38;5;12m...[0m
2025-10-02T12:51:49.6783090Z [0m[1m[38;5;12m40[0m[0m [0m[0m[1m[38;5;12m|[0m[0m [0m[0m    pub fn size(&self) -> usize {[0m
2025-10-02T12:51:49.6783897Z [0m   [0m[0m[1m[38;5;12m|[0m[0m            [0m[0m[1m[33m^^^^[0m
2025-10-02T12:51:49.6784668Z [0m[1m[38;5;12m...[0m
2025-10-02T12:51:49.6785305Z [0m[1m[38;5;12m45[0m[0m [0m[0m[1m[38;5;12m|[0m[0m [0m[0m    pub fn clear(&mut self) {[0m
2025-10-02T12:51:49.6786101Z [0m   [0m[0m[1m[38;5;12m|[0m[0m            [0m[0m[1m[33m^^^^^[0m
2025-10-02T12:51:49.6786661Z [0m[1m[38;5;12m...[0m
2025-10-02T12:51:49.6787618Z [0m[1m[38;5;12m51[0m[0m [0m[0m[1m[38;5;12m|[0m[0m [0m[0m    pub fn load_data(&mut self, offset: usize, data: &[u8]) -> Result<()> {[0m
2025-10-02T12:51:49.6788556Z [0m   [0m[0m[1m[38;5;12m|[0m[0m            [0m[0m[1m[33m^^^^^^^^^[0m
2025-10-02T12:51:49.6789137Z [0m[1m[38;5;12m...[0m
2025-10-02T12:51:49.6789873Z [0m[1m[38;5;12m63[0m[0m [0m[0m[1m[38;5;12m|[0m[0m [0m[0m    pub fn get_stats(&self) -> &AccessStats {[0m
2025-10-02T12:51:49.6790972Z [0m   [0m[0m[1m[38;5;12m|[0m[0m            [0m[0m[1m[33m^^^^^^^^^[0m
2025-10-02T12:51:49.6791595Z [0m[1m[38;5;12m...[0m
2025-10-02T12:51:49.6792424Z [0m[1m[38;5;12m68[0m[0m [0m[0m[1m[38;5;12m|[0m[0m [0m[0m    fn check_bounds(&self, address: u32, size: usize) -> Result<()> {[0m
2025-10-02T12:51:49.6793386Z [0m   [0m[0m[1m[38;5;12m|[0m[0m        [0m[0m[1m[33m^^^^^^^^^^^^[0m
2025-10-02T12:51:49.6793766Z 
2025-10-02T12:51:49.6794399Z [0m[1m[33mwarning[0m[0m[1m: struct `AccessStats` is never constructed[0m
2025-10-02T12:51:49.6795217Z [0m   [0m[0m[1m[38;5;12m--> [0m[0msrc/memory/ram.rs:184:12[0m
2025-10-02T12:51:49.6795842Z [0m    [0m[0m[1m[38;5;12m|[0m
2025-10-02T12:51:49.6796544Z [0m[1m[38;5;12m184[0m[0m [0m[0m[1m[38;5;12m|[0m[0m [0m[0mpub struct AccessStats {[0m
2025-10-02T12:51:49.6797334Z [0m    [0m[0m[1m[38;5;12m|[0m[0m            [0m[0m[1m[33m^^^^^^^^^^^[0m
2025-10-02T12:51:49.6797725Z 
2025-10-02T12:51:49.6798153Z [0m[1m[33mwarning[0m[0m[1m: multiple associated items are never used[0m
2025-10-02T12:51:49.6798949Z [0m   [0m[0m[1m[38;5;12m--> [0m[0msrc/memory/ram.rs:202:8[0m
2025-10-02T12:51:49.6799511Z [0m    [0m[0m[1m[38;5;12m|[0m
2025-10-02T12:51:49.6800195Z [0m[1m[38;5;12m201[0m[0m [0m[0m[1m[38;5;12m|[0m[0m [0m[0mimpl AccessStats {[0m
2025-10-02T12:51:49.6801241Z [0m    [0m[0m[1m[38;5;12m|[0m[0m [0m[0m[1m[38;5;12m----------------[0m[0m [0m[0m[1m[38;5;12massociated items in this implementation[0m
2025-10-02T12:51:49.6802237Z [0m[1m[38;5;12m202[0m[0m [0m[0m[1m[38;5;12m|[0m[0m [0m[0m    fn new() -> Self {[0m
2025-10-02T12:51:49.6802985Z [0m    [0m[0m[1m[38;5;12m|[0m[0m        [0m[0m[1m[33m^^^[0m
2025-10-02T12:51:49.6803519Z [0m[1m[38;5;12m...[0m
2025-10-02T12:51:49.6894496Z [0m[1m[38;5;12m212[0m[0m [0m[0m[1m[38;5;12m|[0m[0m [0m[0m    fn record_read(&mut self, bytes: usize) {[0m
2025-10-02T12:51:49.6895392Z [0m    [0m[0m[1m[38;5;12m|[0m[0m        [0m[0m[1m[33m^^^^^^^^^^^[0m
2025-10-02T12:51:49.6895941Z [0m[1m[38;5;12m...[0m
2025-10-02T12:51:49.6896636Z [0m[1m[38;5;12m217[0m[0m [0m[0m[1m[38;5;12m|[0m[0m [0m[0m    fn record_write(&mut self, bytes: usize) {[0m
2025-10-02T12:51:49.6897401Z [0m    [0m[0m[1m[38;5;12m|[0m[0m        [0m[0m[1m[33m^^^^^^^^^^^^[0m
2025-10-02T12:51:49.6897918Z [0m[1m[38;5;12m...[0m
2025-10-02T12:51:49.6898594Z [0m[1m[38;5;12m222[0m[0m [0m[0m[1m[38;5;12m|[0m[0m [0m[0m    fn record_access(&mut self, address: u32) {[0m
2025-10-02T12:51:49.6899622Z [0m    [0m[0m[1m[38;5;12m|[0m[0m        [0m[0m[1m[33m^^^^^^^^^^^^^[0m
2025-10-02T12:51:49.6900138Z [0m[1m[38;5;12m...[0m
2025-10-02T12:51:49.6900725Z [0m[1m[38;5;12m228[0m[0m [0m[0m[1m[38;5;12m|[0m[0m [0m[0m    fn reset(&mut self) {[0m
2025-10-02T12:51:49.6901422Z [0m    [0m[0m[1m[38;5;12m|[0m[0m        [0m[0m[1m[33m^^^^^[0m
2025-10-02T12:51:49.6901913Z [0m[1m[38;5;12m...[0m
2025-10-02T12:51:49.6902586Z [0m[1m[38;5;12m237[0m[0m [0m[0m[1m[38;5;12m|[0m[0m [0m[0m    pub fn read_write_ratio(&self) -> f64 {[0m
2025-10-02T12:51:49.6903365Z [0m    [0m[0m[1m[38;5;12m|[0m[0m            [0m[0m[1m[33m^^^^^^^^^^^^^^^^[0m
2025-10-02T12:51:49.6903885Z [0m[1m[38;5;12m...[0m
2025-10-02T12:51:49.6904853Z [0m[1m[38;5;12m250[0m[0m [0m[0m[1m[38;5;12m|[0m[0m [0m[0m    pub fn get_hottest_regions(&self, count: usize) -> Vec<(u32, u32)> {[0m
2025-10-02T12:51:49.6905756Z [0m    [0m[0m[1m[38;5;12m|[0m[0m            [0m[0m[1m[33m^^^^^^^^^^^^^^^^^^^[0m
2025-10-02T12:51:49.6906135Z 
2025-10-02T12:51:49.6906477Z [0m[1m[33mwarning[0m[0m[1m: struct `Rom` is never constructed[0m
2025-10-02T12:51:49.6907160Z [0m [0m[0m[1m[38;5;12m--> [0m[0msrc/memory/rom.rs:8:12[0m
2025-10-02T12:51:49.6907671Z [0m  [0m[0m[1m[38;5;12m|[0m
2025-10-02T12:51:49.6908254Z [0m[1m[38;5;12m8[0m[0m [0m[0m[1m[38;5;12m|[0m[0m [0m[0mpub struct Rom {[0m
2025-10-02T12:51:49.6909103Z [0m  [0m[0m[1m[38;5;12m|[0m[0m            [0m[0m[1m[33m^^^[0m
2025-10-02T12:51:49.6909461Z 
2025-10-02T12:51:49.6909839Z [0m[1m[33mwarning[0m[0m[1m: multiple associated items are never used[0m
2025-10-02T12:51:49.6910542Z [0m   [0m[0m[1m[38;5;12m--> [0m[0msrc/memory/rom.rs:24:12[0m
2025-10-02T12:51:49.6911062Z [0m    [0m[0m[1m[38;5;12m|[0m
2025-10-02T12:51:49.6911666Z [0m [0m[0m[1m[38;5;12m22[0m[0m [0m[0m[1m[38;5;12m|[0m[0m [0m[0mimpl Rom {[0m
2025-10-02T12:51:49.6912597Z [0m    [0m[0m[1m[38;5;12m|[0m[0m [0m[0m[1m[38;5;12m--------[0m[0m [0m[0m[1m[38;5;12massociated items in this implementation[0m
2025-10-02T12:51:49.6913663Z [0m [0m[0m[1m[38;5;12m23[0m[0m [0m[0m[1m[38;5;12m|[0m[0m [0m[0m    /// Crée une nouvelle ROM à partir de données[0m
2025-10-02T12:51:49.6914770Z [0m [0m[0m[1m[38;5;12m24[0m[0m [0m[0m[1m[38;5;12m|[0m[0m [0m[0m    pub fn new(data: Vec<u8>) -> Self {[0m
2025-10-02T12:51:49.6915533Z [0m    [0m[0m[1m[38;5;12m|[0m[0m            [0m[0m[1m[33m^^^[0m
2025-10-02T12:51:49.6916052Z [0m[1m[38;5;12m...[0m
2025-10-02T12:51:49.6916793Z [0m [0m[0m[1m[38;5;12m37[0m[0m [0m[0m[1m[38;5;12m|[0m[0m [0m[0m    pub fn with_name(data: Vec<u8>, name: String) -> Self {[0m
2025-10-02T12:51:49.6917613Z [0m    [0m[0m[1m[38;5;12m|[0m[0m            [0m[0m[1m[33m^^^^^^^^^[0m
2025-10-02T12:51:49.6918121Z [0m[1m[38;5;12m...[0m
2025-10-02T12:51:49.6918835Z [0m [0m[0m[1m[38;5;12m44[0m[0m [0m[0m[1m[38;5;12m|[0m[0m [0m[0m    pub fn from_file(path: &str) -> Result<Self> {[0m
2025-10-02T12:51:49.6919609Z [0m    [0m[0m[1m[38;5;12m|[0m[0m            [0m[0m[1m[33m^^^^^^^^^[0m
2025-10-02T12:51:49.6920125Z [0m[1m[38;5;12m...[0m
2025-10-02T12:51:49.6920761Z [0m [0m[0m[1m[38;5;12m56[0m[0m [0m[0m[1m[38;5;12m|[0m[0m [0m[0m    pub fn size(&self) -> usize {[0m
2025-10-02T12:51:49.6921490Z [0m    [0m[0m[1m[38;5;12m|[0m[0m            [0m[0m[1m[33m^^^^[0m
2025-10-02T12:51:49.6922004Z [0m[1m[38;5;12m...[0m
2025-10-02T12:51:49.6922622Z [0m [0m[0m[1m[38;5;12m61[0m[0m [0m[0m[1m[38;5;12m|[0m[0m [0m[0m    pub fn name(&self) -> &str {[0m
2025-10-02T12:51:49.6923342Z [0m    [0m[0m[1m[38;5;12m|[0m[0m            [0m[0m[1m[33m^^^^[0m
2025-10-02T12:51:49.6923836Z [0m[1m[38;5;12m...[0m
2025-10-02T12:51:49.7014873Z [0m [0m[0m[1m[38;5;12m66[0m[0m [0m[0m[1m[38;5;12m|[0m[0m [0m[0m    pub fn checksum(&self) -> u32 {[0m
2025-10-02T12:51:49.7015968Z [0m    [0m[0m[1m[38;5;12m|[0m[0m            [0m[0m[1m[33m^^^^^^^^[0m
2025-10-02T12:51:49.7016495Z [0m[1m[38;5;12m...[0m
2025-10-02T12:51:49.7017191Z [0m [0m[0m[1m[38;5;12m71[0m[0m [0m[0m[1m[38;5;12m|[0m[0m [0m[0m    pub fn verify_integrity(&self) -> bool {[0m
2025-10-02T12:51:49.7018002Z [0m    [0m[0m[1m[38;5;12m|[0m[0m            [0m[0m[1m[33m^^^^^^^^^^^^^^^^[0m
2025-10-02T12:51:49.7018527Z [0m[1m[38;5;12m...[0m
2025-10-02T12:51:49.7019239Z [0m [0m[0m[1m[38;5;12m76[0m[0m [0m[0m[1m[38;5;12m|[0m[0m [0m[0m    fn calculate_checksum(data: &[u8]) -> u32 {[0m
2025-10-02T12:51:49.7020036Z [0m    [0m[0m[1m[38;5;12m|[0m[0m        [0m[0m[1m[33m^^^^^^^^^^^^^^^^^^[0m
2025-10-02T12:51:49.7020562Z [0m[1m[38;5;12m...[0m
2025-10-02T12:51:49.7021363Z [0m [0m[0m[1m[38;5;12m89[0m[0m [0m[0m[1m[38;5;12m|[0m[0m [0m[0m    fn check_bounds(&self, address: u32, size: usize) -> Result<()> {[0m
2025-10-02T12:51:49.7022241Z [0m    [0m[0m[1m[38;5;12m|[0m[0m        [0m[0m[1m[33m^^^^^^^^^^^^[0m
2025-10-02T12:51:49.7022756Z [0m[1m[38;5;12m...[0m
2025-10-02T12:51:49.7023498Z [0m[1m[38;5;12m104[0m[0m [0m[0m[1m[38;5;12m|[0m[0m [0m[0m    pub fn find_pattern(&self, pattern: &[u8]) -> Vec<usize> {[0m
2025-10-02T12:51:49.7024496Z [0m    [0m[0m[1m[38;5;12m|[0m[0m            [0m[0m[1m[33m^^^^^^^^^^^^[0m
2025-10-02T12:51:49.7025010Z [0m[1m[38;5;12m...[0m
2025-10-02T12:51:49.7025837Z [0m[1m[38;5;12m121[0m[0m [0m[0m[1m[38;5;12m|[0m[0m [0m[0m    pub fn get_info(&self) -> RomInfo {[0m
2025-10-02T12:51:49.7026584Z [0m    [0m[0m[1m[38;5;12m|[0m[0m            [0m[0m[1m[33m^^^^^^^^[0m
2025-10-02T12:51:49.7026942Z 
2025-10-02T12:51:49.7027306Z [0m[1m[33mwarning[0m[0m[1m: struct `RomInfo` is never constructed[0m
2025-10-02T12:51:49.7028010Z [0m   [0m[0m[1m[38;5;12m--> [0m[0msrc/memory/rom.rs:189:12[0m
2025-10-02T12:51:49.7028539Z [0m    [0m[0m[1m[38;5;12m|[0m
2025-10-02T12:51:49.7029162Z [0m[1m[38;5;12m189[0m[0m [0m[0m[1m[38;5;12m|[0m[0m [0m[0mpub struct RomInfo {[0m
2025-10-02T12:51:49.7029903Z [0m    [0m[0m[1m[38;5;12m|[0m[0m            [0m[0m[1m[33m^^^^^^^[0m
2025-10-02T12:51:49.7030296Z 
2025-10-02T12:51:49.7030699Z [0m[1m[33mwarning[0m[0m[1m: struct `RomSet` is never constructed[0m
2025-10-02T12:51:49.7031495Z [0m   [0m[0m[1m[38;5;12m--> [0m[0msrc/memory/rom.rs:205:12[0m
2025-10-02T12:51:49.7032092Z [0m    [0m[0m[1m[38;5;12m|[0m
2025-10-02T12:51:49.7032825Z [0m[1m[38;5;12m205[0m[0m [0m[0m[1m[38;5;12m|[0m[0m [0m[0mpub struct RomSet {[0m
2025-10-02T12:51:49.7033605Z [0m    [0m[0m[1m[38;5;12m|[0m[0m            [0m[0m[1m[33m^^^^^^[0m
2025-10-02T12:51:49.7034202Z 
2025-10-02T12:51:49.7034624Z [0m[1m[33mwarning[0m[0m[1m: multiple associated items are never used[0m
2025-10-02T12:51:49.7035410Z [0m   [0m[0m[1m[38;5;12m--> [0m[0msrc/memory/rom.rs:215:12[0m
2025-10-02T12:51:49.7035990Z [0m    [0m[0m[1m[38;5;12m|[0m
2025-10-02T12:51:49.7036635Z [0m[1m[38;5;12m213[0m[0m [0m[0m[1m[38;5;12m|[0m[0m [0m[0mimpl RomSet {[0m
2025-10-02T12:51:49.7037634Z [0m    [0m[0m[1m[38;5;12m|[0m[0m [0m[0m[1m[38;5;12m-----------[0m[0m [0m[0m[1m[38;5;12massociated items in this implementation[0m
2025-10-02T12:51:49.7038706Z [0m[1m[38;5;12m214[0m[0m [0m[0m[1m[38;5;12m|[0m[0m [0m[0m    /// Crée un nouveau set de ROMs vide[0m
2025-10-02T12:51:49.7039766Z [0m[1m[38;5;12m215[0m[0m [0m[0m[1m[38;5;12m|[0m[0m [0m[0m    pub fn new(game_info: GameInfo) -> Self {[0m
2025-10-02T12:51:49.7040663Z [0m    [0m[0m[1m[38;5;12m|[0m[0m            [0m[0m[1m[33m^^^[0m
2025-10-02T12:51:49.7041265Z [0m[1m[38;5;12m...[0m
2025-10-02T12:51:49.7042044Z [0m[1m[38;5;12m223[0m[0m [0m[0m[1m[38;5;12m|[0m[0m [0m[0m    pub fn add_rom(&mut self, name: String, rom: Rom) {[0m
2025-10-02T12:51:49.7043290Z [0m    [0m[0m[1m[38;5;12m|[0m[0m            [0m[0m[1m[33m^^^^^^^[0m
2025-10-02T12:51:49.7043872Z [0m[1m[38;5;12m...[0m
2025-10-02T12:51:49.7109205Z [0m[1m[38;5;12m228[0m[0m [0m[0m[1m[38;5;12m|[0m[0m [0m[0m    pub fn get_rom(&self, name: &str) -> Option<&Rom> {[0m
2025-10-02T12:51:49.7110018Z [0m    [0m[0m[1m[38;5;12m|[0m[0m            [0m[0m[1m[33m^^^^^^^[0m
2025-10-02T12:51:49.7110527Z [0m[1m[38;5;12m...[0m
2025-10-02T12:51:49.7111230Z [0m[1m[38;5;12m233[0m[0m [0m[0m[1m[38;5;12m|[0m[0m [0m[0m    pub fn verify_completeness(&self) -> Result<()> {[0m
2025-10-02T12:51:49.7112031Z [0m    [0m[0m[1m[38;5;12m|[0m[0m            [0m[0m[1m[33m^^^^^^^^^^^^^^^^^^^[0m
2025-10-02T12:51:49.7112536Z [0m[1m[38;5;12m...[0m
2025-10-02T12:51:49.7113191Z [0m[1m[38;5;12m243[0m[0m [0m[0m[1m[38;5;12m|[0m[0m [0m[0m    pub fn verify_integrity(&self) -> Result<()> {[0m
2025-10-02T12:51:49.7114117Z [0m    [0m[0m[1m[38;5;12m|[0m[0m            [0m[0m[1m[33m^^^^^^^^^^^^^^^^[0m
2025-10-02T12:51:49.7114662Z [0m[1m[38;5;12m...[0m
2025-10-02T12:51:49.7115308Z [0m[1m[38;5;12m253[0m[0m [0m[0m[1m[38;5;12m|[0m[0m [0m[0m    pub fn game_info(&self) -> &GameInfo {[0m
2025-10-02T12:51:49.7116008Z [0m    [0m[0m[1m[38;5;12m|[0m[0m            [0m[0m[1m[33m^^^^^^^^^[0m
2025-10-02T12:51:49.7116528Z [0m[1m[38;5;12m...[0m
2025-10-02T12:51:49.7117215Z [0m[1m[38;5;12m258[0m[0m [0m[0m[1m[38;5;12m|[0m[0m [0m[0m    pub fn list_roms(&self) -> Vec<(&String, &Rom)> {[0m
2025-10-02T12:51:49.7118146Z [0m    [0m[0m[1m[38;5;12m|[0m[0m            [0m[0m[1m[33m^^^^^^^^^[0m
2025-10-02T12:51:49.7118493Z 
2025-10-02T12:51:49.7118903Z [0m[1m[33mwarning[0m[0m[1m: struct `GameInfo` is never constructed[0m
2025-10-02T12:51:49.7119690Z [0m   [0m[0m[1m[38;5;12m--> [0m[0msrc/memory/rom.rs:265:12[0m
2025-10-02T12:51:49.7120232Z [0m    [0m[0m[1m[38;5;12m|[0m
2025-10-02T12:51:49.7120886Z [0m[1m[38;5;12m265[0m[0m [0m[0m[1m[38;5;12m|[0m[0m [0m[0mpub struct GameInfo {[0m
2025-10-02T12:51:49.7121642Z [0m    [0m[0m[1m[38;5;12m|[0m[0m            [0m[0m[1m[33m^^^^^^^^[0m
2025-10-02T12:51:49.7122025Z 
2025-10-02T12:51:49.7122693Z [0m[1m[33mwarning[0m[0m[1m: associated functions `unknown`, `virtua_fighter_2`, and `daytona_usa` are never used[0m
2025-10-02T12:51:49.7123658Z [0m   [0m[0m[1m[38;5;12m--> [0m[0msrc/memory/rom.rs:290:12[0m
2025-10-02T12:51:49.7124440Z [0m    [0m[0m[1m[38;5;12m|[0m
2025-10-02T12:51:49.7125130Z [0m[1m[38;5;12m288[0m[0m [0m[0m[1m[38;5;12m|[0m[0m [0m[0mimpl GameInfo {[0m
2025-10-02T12:51:49.7126138Z [0m    [0m[0m[1m[38;5;12m|[0m[0m [0m[0m[1m[38;5;12m-------------[0m[0m [0m[0m[1m[38;5;12massociated functions in this implementation[0m
2025-10-02T12:51:49.7127230Z [0m[1m[38;5;12m289[0m[0m [0m[0m[1m[38;5;12m|[0m[0m [0m[0m    /// Crée des informations de jeu par défaut[0m
2025-10-02T12:51:49.7128183Z [0m[1m[38;5;12m290[0m[0m [0m[0m[1m[38;5;12m|[0m[0m [0m[0m    pub fn unknown() -> Self {[0m
2025-10-02T12:51:49.7128944Z [0m    [0m[0m[1m[38;5;12m|[0m[0m            [0m[0m[1m[33m^^^^^^^[0m
2025-10-02T12:51:49.7129508Z [0m[1m[38;5;12m...[0m
2025-10-02T12:51:49.7130211Z [0m[1m[38;5;12m303[0m[0m [0m[0m[1m[38;5;12m|[0m[0m [0m[0m    pub fn virtua_fighter_2() -> Self {[0m
2025-10-02T12:51:49.7131028Z [0m    [0m[0m[1m[38;5;12m|[0m[0m            [0m[0m[1m[33m^^^^^^^^^^^^^^^^[0m
2025-10-02T12:51:49.7131562Z [0m[1m[38;5;12m...[0m
2025-10-02T12:51:49.7132212Z [0m[1m[38;5;12m321[0m[0m [0m[0m[1m[38;5;12m|[0m[0m [0m[0m    pub fn daytona_usa() -> Self {[0m
2025-10-02T12:51:49.7132964Z [0m    [0m[0m[1m[38;5;12m|[0m[0m            [0m[0m[1m[33m^^^^^^^^^^^[0m
2025-10-02T12:51:49.7133317Z 
2025-10-02T12:51:49.7133697Z [0m[1m[33mwarning[0m[0m[1m: struct `InputManager` is never constructed[0m
2025-10-02T12:51:49.7174770Z [0m [0m[0m[1m[38;5;12m--> [0m[0msrc/input/mod.rs:9:12[0m
2025-10-02T12:51:49.7175646Z [0m  [0m[0m[1m[38;5;12m|[0m
2025-10-02T12:51:49.7176293Z [0m[1m[38;5;12m9[0m[0m [0m[0m[1m[38;5;12m|[0m[0m [0m[0mpub struct InputManager {[0m
2025-10-02T12:51:49.7177023Z [0m  [0m[0m[1m[38;5;12m|[0m[0m            [0m[0m[1m[33m^^^^^^^^^^^^[0m
2025-10-02T12:51:49.7177376Z 
2025-10-02T12:51:49.7177774Z [0m[1m[33mwarning[0m[0m[1m: struct `PlayerInput` is never constructed[0m
2025-10-02T12:51:49.7178559Z [0m  [0m[0m[1m[38;5;12m--> [0m[0msrc/input/mod.rs:17:12[0m
2025-10-02T12:51:49.7179145Z [0m   [0m[0m[1m[38;5;12m|[0m
2025-10-02T12:51:49.7179836Z [0m[1m[38;5;12m17[0m[0m [0m[0m[1m[38;5;12m|[0m[0m [0m[0mpub struct PlayerInput {[0m
2025-10-02T12:51:49.7180605Z [0m   [0m[0m[1m[38;5;12m|[0m[0m            [0m[0m[1m[33m^^^^^^^^^^^[0m
2025-10-02T12:51:49.7180981Z 
2025-10-02T12:51:49.7181612Z [0m[1m[33mwarning[0m[0m[1m: associated items `new`, `handle_key`, and `update_player_inputs` are never used[0m
2025-10-02T12:51:49.7182595Z [0m  [0m[0m[1m[38;5;12m--> [0m[0msrc/input/mod.rs:29:12[0m
2025-10-02T12:51:49.7183181Z [0m   [0m[0m[1m[38;5;12m|[0m
2025-10-02T12:51:49.7183829Z [0m[1m[38;5;12m28[0m[0m [0m[0m[1m[38;5;12m|[0m[0m [0m[0mimpl InputManager {[0m
2025-10-02T12:51:49.7185091Z [0m   [0m[0m[1m[38;5;12m|[0m[0m [0m[0m[1m[38;5;12m-----------------[0m[0m [0m[0m[1m[38;5;12massociated items in this implementation[0m
2025-10-02T12:51:49.7186317Z [0m[1m[38;5;12m29[0m[0m [0m[0m[1m[38;5;12m|[0m[0m [0m[0m    pub fn new() -> Self {[0m
2025-10-02T12:51:49.7187086Z [0m   [0m[0m[1m[38;5;12m|[0m[0m            [0m[0m[1m[33m^^^[0m
2025-10-02T12:51:49.7187695Z [0m[1m[38;5;12m...[0m
2025-10-02T12:51:49.7188553Z [0m[1m[38;5;12m37[0m[0m [0m[0m[1m[38;5;12m|[0m[0m [0m[0m    pub fn handle_key(&mut self, key: KeyCode, state: ElementState) {[0m
2025-10-02T12:51:49.7189486Z [0m   [0m[0m[1m[38;5;12m|[0m[0m            [0m[0m[1m[33m^^^^^^^^^^[0m
2025-10-02T12:51:49.7190076Z [0m[1m[38;5;12m...[0m
2025-10-02T12:51:49.7190781Z [0m[1m[38;5;12m49[0m[0m [0m[0m[1m[38;5;12m|[0m[0m [0m[0m    fn update_player_inputs(&mut self) {[0m
2025-10-02T12:51:49.7191622Z [0m   [0m[0m[1m[38;5;12m|[0m[0m        [0m[0m[1m[33m^^^^^^^^^^^^^^^^^^^^[0m
2025-10-02T12:51:49.7192025Z 
2025-10-02T12:51:49.7192468Z [0m[1m[33mwarning[0m[0m[1m: struct `Model2RomSystem` is never constructed[0m
2025-10-02T12:51:49.7193283Z [0m  [0m[0m[1m[38;5;12m--> [0m[0msrc/rom/mod.rs:30:12[0m
2025-10-02T12:51:49.7193885Z [0m   [0m[0m[1m[38;5;12m|[0m
2025-10-02T12:51:49.7194839Z [0m[1m[38;5;12m30[0m[0m [0m[0m[1m[38;5;12m|[0m[0m [0m[0mpub struct Model2RomSystem {[0m
2025-10-02T12:51:49.7195671Z [0m   [0m[0m[1m[38;5;12m|[0m[0m            [0m[0m[1m[33m^^^^^^^^^^^^^^^[0m
2025-10-02T12:51:49.7196051Z 
2025-10-02T12:51:49.7196927Z [0m[1m[33mwarning[0m[0m[1m: associated items `new`, `load_and_map_game`, `add_search_path`, `set_memory_config`, and `generate_status_report` are never used[0m
2025-10-02T12:51:49.7198079Z [0m  [0m[0m[1m[38;5;12m--> [0m[0msrc/rom/mod.rs:40:12[0m
2025-10-02T12:51:49.7198633Z [0m   [0m[0m[1m[38;5;12m|[0m
2025-10-02T12:51:49.7199301Z [0m[1m[38;5;12m38[0m[0m [0m[0m[1m[38;5;12m|[0m[0m [0m[0mimpl Model2RomSystem {[0m
2025-10-02T12:51:49.7200344Z [0m   [0m[0m[1m[38;5;12m|[0m[0m [0m[0m[1m[38;5;12m--------------------[0m[0m [0m[0m[1m[38;5;12massociated items in this implementation[0m
2025-10-02T12:51:49.7201460Z [0m[1m[38;5;12m39[0m[0m [0m[0m[1m[38;5;12m|[0m[0m [0m[0m    /// Crée un nouveau système ROM complet[0m
2025-10-02T12:51:49.7202362Z [0m[1m[38;5;12m40[0m[0m [0m[0m[1m[38;5;12m|[0m[0m [0m[0m    pub fn new() -> Self {[0m
2025-10-02T12:51:49.7203103Z [0m   [0m[0m[1m[38;5;12m|[0m[0m            [0m[0m[1m[33m^^^[0m
2025-10-02T12:51:49.7203632Z [0m[1m[38;5;12m...[0m
2025-10-02T12:51:49.7265073Z [0m[1m[38;5;12m48[0m[0m [0m[0m[1m[38;5;12m|[0m[0m [0m[0m    pub fn load_and_map_game([0m
2025-10-02T12:51:49.7265953Z [0m   [0m[0m[1m[38;5;12m|[0m[0m            [0m[0m[1m[33m^^^^^^^^^^^^^^^^^[0m
2025-10-02T12:51:49.7266539Z [0m[1m[38;5;12m...[0m
2025-10-02T12:51:49.7267633Z [0m[1m[38;5;12m63[0m[0m [0m[0m[1m[38;5;12m|[0m[0m [0m[0m    pub fn add_search_path<P: AsRef<std::path::Path>>(&mut self, path: P) {[0m
2025-10-02T12:51:49.7268639Z [0m   [0m[0m[1m[38;5;12m|[0m[0m            [0m[0m[1m[33m^^^^^^^^^^^^^^^[0m
2025-10-02T12:51:49.7269217Z [0m[1m[38;5;12m...[0m
2025-10-02T12:51:49.7270065Z [0m[1m[38;5;12m68[0m[0m [0m[0m[1m[38;5;12m|[0m[0m [0m[0m    pub fn set_memory_config(&mut self, config: Model2MemoryConfig) {[0m
2025-10-02T12:51:49.7270994Z [0m   [0m[0m[1m[38;5;12m|[0m[0m            [0m[0m[1m[33m^^^^^^^^^^^^^^^^^[0m
2025-10-02T12:51:49.7271578Z [0m[1m[38;5;12m...[0m
2025-10-02T12:51:49.7272558Z [0m[1m[38;5;12m73[0m[0m [0m[0m[1m[38;5;12m|[0m[0m [0m[0m    pub fn generate_status_report(&self) -> anyhow::Result<String> {[0m
2025-10-02T12:51:49.7273526Z [0m   [0m[0m[1m[38;5;12m|[0m[0m            [0m[0m[1m[33m^^^^^^^^^^^^^^^^^^^^^^[0m
2025-10-02T12:51:49.7273931Z 
2025-10-02T12:51:49.7274566Z [0m[1m[33mwarning[0m[0m[1m: struct `GameInfo` is never constructed[0m
2025-10-02T12:51:49.7275321Z [0m [0m[0m[1m[38;5;12m--> [0m[0msrc/rom/database.rs:8:12[0m
2025-10-02T12:51:49.7275882Z [0m  [0m[0m[1m[38;5;12m|[0m
2025-10-02T12:51:49.7276764Z [0m[1m[38;5;12m8[0m[0m [0m[0m[1m[38;5;12m|[0m[0m [0m[0mpub struct GameInfo {[0m
2025-10-02T12:51:49.7277556Z [0m  [0m[0m[1m[38;5;12m|[0m[0m            [0m[0m[1m[33m^^^^^^^^[0m
2025-10-02T12:51:49.7277956Z 
2025-10-02T12:51:49.7278358Z [0m[1m[33mwarning[0m[0m[1m: struct `RomInfo` is never constructed[0m
2025-10-02T12:51:49.7279130Z [0m  [0m[0m[1m[38;5;12m--> [0m[0msrc/rom/database.rs:42:12[0m
2025-10-02T12:51:49.7279749Z [0m   [0m[0m[1m[38;5;12m|[0m
2025-10-02T12:51:49.7280439Z [0m[1m[38;5;12m42[0m[0m [0m[0m[1m[38;5;12m|[0m[0m [0m[0mpub struct RomInfo {[0m
2025-10-02T12:51:49.7281247Z [0m   [0m[0m[1m[38;5;12m|[0m[0m            [0m[0m[1m[33m^^^^^^^[0m
2025-10-02T12:51:49.7281624Z 
2025-10-02T12:51:49.7281948Z [0m[1m[33mwarning[0m[0m[1m: enum `RomType` is never used[0m
2025-10-02T12:51:49.7282594Z [0m  [0m[0m[1m[38;5;12m--> [0m[0msrc/rom/database.rs:70:10[0m
2025-10-02T12:51:49.7283125Z [0m   [0m[0m[1m[38;5;12m|[0m
2025-10-02T12:51:49.7283710Z [0m[1m[38;5;12m70[0m[0m [0m[0m[1m[38;5;12m|[0m[0m [0m[0mpub enum RomType {[0m
2025-10-02T12:51:49.7284605Z [0m   [0m[0m[1m[38;5;12m|[0m[0m          [0m[0m[1m[33m^^^^^^^[0m
2025-10-02T12:51:49.7284940Z 
2025-10-02T12:51:49.7285301Z [0m[1m[33mwarning[0m[0m[1m: struct `SystemConfig` is never constructed[0m
2025-10-02T12:51:49.7285990Z [0m   [0m[0m[1m[38;5;12m--> [0m[0msrc/rom/database.rs:101:12[0m
2025-10-02T12:51:49.7286507Z [0m    [0m[0m[1m[38;5;12m|[0m
2025-10-02T12:51:49.7287112Z [0m[1m[38;5;12m101[0m[0m [0m[0m[1m[38;5;12m|[0m[0m [0m[0mpub struct SystemConfig {[0m
2025-10-02T12:51:49.7287889Z [0m    [0m[0m[1m[38;5;12m|[0m[0m            [0m[0m[1m[33m^^^^^^^^^^^^[0m
2025-10-02T12:51:49.7288225Z 
2025-10-02T12:51:49.7288574Z [0m[1m[33mwarning[0m[0m[1m: struct `AudioConfig` is never constructed[0m
2025-10-02T12:51:49.7289264Z [0m   [0m[0m[1m[38;5;12m--> [0m[0msrc/rom/database.rs:123:12[0m
2025-10-02T12:51:49.7289773Z [0m    [0m[0m[1m[38;5;12m|[0m
2025-10-02T12:51:49.7290369Z [0m[1m[38;5;12m123[0m[0m [0m[0m[1m[38;5;12m|[0m[0m [0m[0mpub struct AudioConfig {[0m
2025-10-02T12:51:49.7291069Z [0m    [0m[0m[1m[38;5;12m|[0m[0m            [0m[0m[1m[33m^^^^^^^^^^^[0m
2025-10-02T12:51:49.7291402Z 
2025-10-02T12:51:49.7291769Z [0m[1m[33mwarning[0m[0m[1m: struct `GraphicsConfig` is never constructed[0m
2025-10-02T12:51:49.7292706Z [0m   [0m[0m[1m[38;5;12m--> [0m[0msrc/rom/database.rs:136:12[0m
2025-10-02T12:51:49.7293194Z [0m    [0m[0m[1m[38;5;12m|[0m
2025-10-02T12:51:49.7293803Z [0m[1m[38;5;12m136[0m[0m [0m[0m[1m[38;5;12m|[0m[0m [0m[0mpub struct GraphicsConfig {[0m
2025-10-02T12:51:49.7313546Z [0m    [0m[0m[1m[38;5;12m|[0m[0m            [0m[0m[1m[33m^^^^^^^^^^^^^^[0m
2025-10-02T12:51:49.7313893Z 
2025-10-02T12:51:49.7314412Z [0m[1m[33mwarning[0m[0m[1m: struct `GameDatabase` is never constructed[0m
2025-10-02T12:51:49.7315121Z [0m   [0m[0m[1m[38;5;12m--> [0m[0msrc/rom/database.rs:151:12[0m
2025-10-02T12:51:49.7315621Z [0m    [0m[0m[1m[38;5;12m|[0m
2025-10-02T12:51:49.7316254Z [0m[1m[38;5;12m151[0m[0m [0m[0m[1m[38;5;12m|[0m[0m [0m[0mpub struct GameDatabase {[0m
2025-10-02T12:51:49.7316931Z [0m    [0m[0m[1m[38;5;12m|[0m[0m            [0m[0m[1m[33m^^^^^^^^^^^^[0m
2025-10-02T12:51:49.7317277Z 
2025-10-02T12:51:49.7317646Z [0m[1m[33mwarning[0m[0m[1m: multiple associated items are never used[0m
2025-10-02T12:51:49.7318338Z [0m   [0m[0m[1m[38;5;12m--> [0m[0msrc/rom/database.rs:157:12[0m
2025-10-02T12:51:49.7318840Z [0m    [0m[0m[1m[38;5;12m|[0m
2025-10-02T12:51:49.7319442Z [0m[1m[38;5;12m155[0m[0m [0m[0m[1m[38;5;12m|[0m[0m [0m[0mimpl GameDatabase {[0m
2025-10-02T12:51:49.7320371Z [0m    [0m[0m[1m[38;5;12m|[0m[0m [0m[0m[1m[38;5;12m-----------------[0m[0m [0m[0m[1m[38;5;12massociated items in this implementation[0m
2025-10-02T12:51:49.7321511Z [0m[1m[38;5;12m156[0m[0m [0m[0m[1m[38;5;12m|[0m[0m [0m[0m    /// Crée une nouvelle base de données[0m
2025-10-02T12:51:49.7322455Z [0m[1m[38;5;12m157[0m[0m [0m[0m[1m[38;5;12m|[0m[0m [0m[0m    pub fn new() -> Self {[0m
2025-10-02T12:51:49.7323136Z [0m    [0m[0m[1m[38;5;12m|[0m[0m            [0m[0m[1m[33m^^^[0m
2025-10-02T12:51:49.7323633Z [0m[1m[38;5;12m...[0m
2025-10-02T12:51:49.7324492Z [0m[1m[38;5;12m168[0m[0m [0m[0m[1m[38;5;12m|[0m[0m [0m[0m    pub fn find_game(&self, name: &str) -> Option<&GameInfo> {[0m
2025-10-02T12:51:49.7325326Z [0m    [0m[0m[1m[38;5;12m|[0m[0m            [0m[0m[1m[33m^^^^^^^^^[0m
2025-10-02T12:51:49.7325814Z [0m[1m[38;5;12m...[0m
2025-10-02T12:51:49.7326466Z [0m[1m[38;5;12m195[0m[0m [0m[0m[1m[38;5;12m|[0m[0m [0m[0m    pub fn list_games(&self) -> Vec<&GameInfo> {[0m
2025-10-02T12:51:49.7327212Z [0m    [0m[0m[1m[38;5;12m|[0m[0m            [0m[0m[1m[33m^^^^^^^^^^[0m
2025-10-02T12:51:49.7327725Z [0m[1m[38;5;12m...[0m
2025-10-02T12:51:49.7328355Z [0m[1m[38;5;12m200[0m[0m [0m[0m[1m[38;5;12m|[0m[0m [0m[0m    pub fn add_game(&mut self, game: GameInfo) {[0m
2025-10-02T12:51:49.7328993Z [0m    [0m[0m[1m[38;5;12m|[0m[0m            [0m[0m[1m[33m^^^^^^^^[0m
2025-10-02T12:51:49.7329428Z [0m[1m[38;5;12m...[0m
2025-10-02T12:51:49.7329983Z [0m[1m[38;5;12m205[0m[0m [0m[0m[1m[38;5;12m|[0m[0m [0m[0m    pub fn update_rom_checksums([0m
2025-10-02T12:51:49.7330807Z [0m    [0m[0m[1m[38;5;12m|[0m[0m            [0m[0m[1m[33m^^^^^^^^^^^^^^^^^^^^[0m
2025-10-02T12:51:49.7331349Z [0m[1m[38;5;12m...[0m
2025-10-02T12:51:49.7331996Z [0m[1m[38;5;12m235[0m[0m [0m[0m[1m[38;5;12m|[0m[0m [0m[0m    pub fn update_checksums_from_loaded_roms([0m
2025-10-02T12:51:49.7332736Z [0m    [0m[0m[1m[38;5;12m|[0m[0m            [0m[0m[1m[33m^^^^^^^^^^^^^^^^^^^^^^^^^^^^^^^^^[0m
2025-10-02T12:51:49.7333233Z [0m[1m[38;5;12m...[0m
2025-10-02T12:51:49.7334310Z [0m[1m[38;5;12m253[0m[0m [0m[0m[1m[38;5;12m|[0m[0m [0m[0m    pub fn load_from_file(&mut self, path: &str) -> anyhow::Result<()> {[0m
2025-10-02T12:51:49.7335135Z [0m    [0m[0m[1m[38;5;12m|[0m[0m            [0m[0m[1m[33m^^^^^^^^^^^^^^[0m
2025-10-02T12:51:49.7335656Z [0m[1m[38;5;12m...[0m
2025-10-02T12:51:49.7336515Z [0m[1m[38;5;12m265[0m[0m [0m[0m[1m[38;5;12m|[0m[0m [0m[0m    pub fn save_to_file(&self, path: &str) -> anyhow::Result<()> {[0m
2025-10-02T12:51:49.7337540Z [0m    [0m[0m[1m[38;5;12m|[0m[0m            [0m[0m[1m[33m^^^^^^^^^^^^[0m
2025-10-02T12:51:49.7338053Z [0m[1m[38;5;12m...[0m
2025-10-02T12:51:49.7338676Z [0m[1m[38;5;12m273[0m[0m [0m[0m[1m[38;5;12m|[0m[0m [0m[0m    fn add_known_games(&mut self) {[0m
2025-10-02T12:51:49.7339411Z [0m    [0m[0m[1m[38;5;12m|[0m[0m        [0m[0m[1m[33m^^^^^^^^^^^^^^^[0m
2025-10-02T12:51:49.7339772Z 
2025-10-02T12:51:49.7340141Z [0m[1m[33mwarning[0m[0m[1m: enum `CompressionType` is never used[0m
2025-10-02T12:51:49.7340907Z [0m  [0m[0m[1m[38;5;12m--> [0m[0msrc/rom/decompression.rs:11:10[0m
2025-10-02T12:51:49.7341443Z [0m   [0m[0m[1m[38;5;12m|[0m
2025-10-02T12:51:49.7342090Z [0m[1m[38;5;12m11[0m[0m [0m[0m[1m[38;5;12m|[0m[0m [0m[0mpub enum CompressionType {[0m
2025-10-02T12:51:49.7342814Z [0m   [0m[0m[1m[38;5;12m|[0m[0m          [0m[0m[1m[33m^^^^^^^^^^^^^^^[0m
2025-10-02T12:51:49.7343182Z 
2025-10-02T12:51:49.7343604Z [0m[1m[33mwarning[0m[0m[1m: struct `DecompressionResult` is never constructed[0m
2025-10-02T12:51:49.7384987Z [0m  [0m[0m[1m[38;5;12m--> [0m[0msrc/rom/decompression.rs:30:12[0m
2025-10-02T12:51:49.7385536Z [0m   [0m[0m[1m[38;5;12m|[0m
2025-10-02T12:51:49.7386204Z [0m[1m[38;5;12m30[0m[0m [0m[0m[1m[38;5;12m|[0m[0m [0m[0mpub struct DecompressionResult {[0m
2025-10-02T12:51:49.7386959Z [0m   [0m[0m[1m[38;5;12m|[0m[0m            [0m[0m[1m[33m^^^^^^^^^^^^^^^^^^^[0m
2025-10-02T12:51:49.7387377Z 
2025-10-02T12:51:49.7387945Z [0m[1m[33mwarning[0m[0m[1m: struct `RomDecompressor` is never constructed[0m
2025-10-02T12:51:49.7388713Z [0m  [0m[0m[1m[38;5;12m--> [0m[0msrc/rom/decompression.rs:42:12[0m
2025-10-02T12:51:49.7389250Z [0m   [0m[0m[1m[38;5;12m|[0m
2025-10-02T12:51:49.7389890Z [0m[1m[38;5;12m42[0m[0m [0m[0m[1m[38;5;12m|[0m[0m [0m[0mpub struct RomDecompressor;[0m
2025-10-02T12:51:49.7390617Z [0m   [0m[0m[1m[38;5;12m|[0m[0m            [0m[0m[1m[33m^^^^^^^^^^^^^^^[0m
2025-10-02T12:51:49.7390982Z 
2025-10-02T12:51:49.7391377Z [0m[1m[33mwarning[0m[0m[1m: multiple associated functions are never used[0m
2025-10-02T12:51:49.7392123Z [0m   [0m[0m[1m[38;5;12m--> [0m[0msrc/rom/decompression.rs:46:12[0m
2025-10-02T12:51:49.7392668Z [0m    [0m[0m[1m[38;5;12m|[0m
2025-10-02T12:51:49.7393321Z [0m [0m[0m[1m[38;5;12m44[0m[0m [0m[0m[1m[38;5;12m|[0m[0m [0m[0mimpl RomDecompressor {[0m
2025-10-02T12:51:49.7394497Z [0m    [0m[0m[1m[38;5;12m|[0m[0m [0m[0m[1m[38;5;12m--------------------[0m[0m [0m[0m[1m[38;5;12massociated functions in this implementation[0m
2025-10-02T12:51:49.7395538Z [0m [0m[0m[1m[38;5;12m45[0m[0m [0m[0m[1m[38;5;12m|[0m[0m [0m[0m    /// Détecte le type de compression d'un fichier[0m
2025-10-02T12:51:49.7396616Z [0m [0m[0m[1m[38;5;12m46[0m[0m [0m[0m[1m[38;5;12m|[0m[0m [0m[0m    pub fn detect_compression_type(path: &Path) -> CompressionType {[0m
2025-10-02T12:51:49.7397548Z [0m    [0m[0m[1m[38;5;12m|[0m[0m            [0m[0m[1m[33m^^^^^^^^^^^^^^^^^^^^^^^[0m
2025-10-02T12:51:49.7398077Z [0m[1m[38;5;12m...[0m
2025-10-02T12:51:49.7398915Z [0m [0m[0m[1m[38;5;12m61[0m[0m [0m[0m[1m[38;5;12m|[0m[0m [0m[0m    pub fn decompress_file(path: &Path) -> Result<DecompressionResult> {[0m
2025-10-02T12:51:49.7399828Z [0m    [0m[0m[1m[38;5;12m|[0m[0m            [0m[0m[1m[33m^^^^^^^^^^^^^^^[0m
2025-10-02T12:51:49.7400336Z [0m[1m[38;5;12m...[0m
2025-10-02T12:51:49.7401130Z [0m [0m[0m[1m[38;5;12m74[0m[0m [0m[0m[1m[38;5;12m|[0m[0m [0m[0m    fn load_raw_file(path: &Path) -> Result<DecompressionResult> {[0m
2025-10-02T12:51:49.7401988Z [0m    [0m[0m[1m[38;5;12m|[0m[0m        [0m[0m[1m[33m^^^^^^^^^^^^^[0m
2025-10-02T12:51:49.7402496Z [0m[1m[38;5;12m...[0m
2025-10-02T12:51:49.7403302Z [0m [0m[0m[1m[38;5;12m92[0m[0m [0m[0m[1m[38;5;12m|[0m[0m [0m[0m    fn decompress_zip(path: &Path) -> Result<DecompressionResult> {[0m
2025-10-02T12:51:49.7404476Z [0m    [0m[0m[1m[38;5;12m|[0m[0m        [0m[0m[1m[33m^^^^^^^^^^^^^^[0m
2025-10-02T12:51:49.7404991Z [0m[1m[38;5;12m...[0m
2025-10-02T12:51:49.7405782Z [0m[1m[38;5;12m125[0m[0m [0m[0m[1m[38;5;12m|[0m[0m [0m[0m    fn decompress_gzip(path: &Path) -> Result<DecompressionResult> {[0m
2025-10-02T12:51:49.7406652Z [0m    [0m[0m[1m[38;5;12m|[0m[0m        [0m[0m[1m[33m^^^^^^^^^^^^^^^[0m
2025-10-02T12:51:49.7407165Z [0m[1m[38;5;12m...[0m
2025-10-02T12:51:49.7408031Z [0m[1m[38;5;12m150[0m[0m [0m[0m[1m[38;5;12m|[0m[0m [0m[0m    pub fn filter_rom_files(files: Vec<(String, Vec<u8>)>) -> Vec<(String, Vec<u8>)> {[0m
2025-10-02T12:51:49.7408961Z [0m    [0m[0m[1m[38;5;12m|[0m[0m            [0m[0m[1m[33m^^^^^^^^^^^^^^^^[0m
2025-10-02T12:51:49.7409472Z [0m[1m[38;5;12m...[0m
2025-10-02T12:51:49.7410126Z [0m[1m[38;5;12m158[0m[0m [0m[0m[1m[38;5;12m|[0m[0m [0m[0m    fn is_rom_file(filename: &str) -> bool {[0m
2025-10-02T12:51:49.7410892Z [0m    [0m[0m[1m[38;5;12m|[0m[0m        [0m[0m[1m[33m^^^^^^^^^^^[0m
2025-10-02T12:51:49.7411393Z [0m[1m[38;5;12m...[0m
2025-10-02T12:51:49.7412258Z [0m[1m[38;5;12m206[0m[0m [0m[0m[1m[38;5;12m|[0m[0m [0m[0m    pub fn sort_rom_files(mut files: Vec<(String, Vec<u8>)>) -> Vec<(String, Vec<u8>)> {[0m
2025-10-02T12:51:49.7413176Z [0m    [0m[0m[1m[38;5;12m|[0m[0m            [0m[0m[1m[33m^^^^^^^^^^^^^^[0m
2025-10-02T12:51:49.7413851Z [0m[1m[38;5;12m...[0m
2025-10-02T12:51:49.7414741Z [0m[1m[38;5;12m212[0m[0m [0m[0m[1m[38;5;12m|[0m[0m [0m[0m    fn extract_rom_number(filename: &str) -> u32 {[0m
2025-10-02T12:51:49.7415533Z [0m    [0m[0m[1m[38;5;12m|[0m[0m        [0m[0m[1m[33m^^^^^^^^^^^^^^^^^^[0m
2025-10-02T12:51:49.7415888Z 
2025-10-02T12:51:49.7416270Z [0m[1m[33mwarning[0m[0m[1m: struct `RomManager` is never constructed[0m
2025-10-02T12:51:49.7416986Z [0m  [0m[0m[1m[38;5;12m--> [0m[0msrc/rom/loader.rs:13:12[0m
2025-10-02T12:51:49.7417506Z [0m   [0m[0m[1m[38;5;12m|[0m
2025-10-02T12:51:49.7418124Z [0m[1m[38;5;12m13[0m[0m [0m[0m[1m[38;5;12m|[0m[0m [0m[0mpub struct RomManager {[0m
2025-10-02T12:51:49.7418842Z [0m   [0m[0m[1m[38;5;12m|[0m[0m            [0m[0m[1m[33m^^^^^^^^^^[0m
2025-10-02T12:51:49.7419194Z 
2025-10-02T12:51:49.7419568Z [0m[1m[33mwarning[0m[0m[1m: struct `LoadedRom` is never constructed[0m
2025-10-02T12:51:49.7420260Z [0m  [0m[0m[1m[38;5;12m--> [0m[0msrc/rom/loader.rs:29:12[0m
2025-10-02T12:51:49.7420739Z [0m   [0m[0m[1m[38;5;12m|[0m
2025-10-02T12:51:49.7421302Z [0m[1m[38;5;12m29[0m[0m [0m[0m[1m[38;5;12m|[0m[0m [0m[0mpub struct LoadedRom {[0m
2025-10-02T12:51:49.7421960Z [0m   [0m[0m[1m[38;5;12m|[0m[0m            [0m[0m[1m[33m^^^^^^^^^[0m
2025-10-02T12:51:49.7422305Z 
2025-10-02T12:51:49.7422674Z [0m[1m[33mwarning[0m[0m[1m: struct `LoadConfig` is never constructed[0m
2025-10-02T12:51:49.7423350Z [0m  [0m[0m[1m[38;5;12m--> [0m[0msrc/rom/loader.rs:48:12[0m
2025-10-02T12:51:49.7423861Z [0m   [0m[0m[1m[38;5;12m|[0m
2025-10-02T12:51:49.7424634Z [0m[1m[38;5;12m48[0m[0m [0m[0m[1m[38;5;12m|[0m[0m [0m[0mpub struct LoadConfig {[0m
2025-10-02T12:51:49.7425315Z [0m   [0m[0m[1m[38;5;12m|[0m[0m            [0m[0m[1m[33m^^^^^^^^^^[0m
2025-10-02T12:51:49.7425636Z 
2025-10-02T12:51:49.7425964Z [0m[1m[33mwarning[0m[0m[1m: struct `RomSet` is never constructed[0m
2025-10-02T12:51:49.7426591Z [0m  [0m[0m[1m[38;5;12m--> [0m[0msrc/rom/loader.rs:67:12[0m
2025-10-02T12:51:49.7427075Z [0m   [0m[0m[1m[38;5;12m|[0m
2025-10-02T12:51:49.7427648Z [0m[1m[38;5;12m67[0m[0m [0m[0m[1m[38;5;12m|[0m[0m [0m[0mpub struct RomSet {[0m
2025-10-02T12:51:49.7428337Z [0m   [0m[0m[1m[38;5;12m|[0m[0m            [0m[0m[1m[33m^^^^^^[0m
2025-10-02T12:51:49.7428680Z 
2025-10-02T12:51:49.7429042Z [0m[1m[33mwarning[0m[0m[1m: struct `MemoryMap` is never constructed[0m
2025-10-02T12:51:49.7429854Z [0m  [0m[0m[1m[38;5;12m--> [0m[0msrc/rom/loader.rs:83:12[0m
2025-10-02T12:51:49.7430321Z [0m   [0m[0m[1m[38;5;12m|[0m
2025-10-02T12:51:49.7430875Z [0m[1m[38;5;12m83[0m[0m [0m[0m[1m[38;5;12m|[0m[0m [0m[0mpub struct MemoryMap {[0m
2025-10-02T12:51:49.7431523Z [0m   [0m[0m[1m[38;5;12m|[0m[0m            [0m[0m[1m[33m^^^^^^^^^[0m
2025-10-02T12:51:49.7431841Z 
2025-10-02T12:51:49.7432205Z [0m[1m[33mwarning[0m[0m[1m: struct `MemoryRegion` is never constructed[0m
2025-10-02T12:51:49.7432914Z [0m  [0m[0m[1m[38;5;12m--> [0m[0msrc/rom/loader.rs:93:12[0m
2025-10-02T12:51:49.7433420Z [0m   [0m[0m[1m[38;5;12m|[0m
2025-10-02T12:51:49.7434200Z [0m[1m[38;5;12m93[0m[0m [0m[0m[1m[38;5;12m|[0m[0m [0m[0mpub struct MemoryRegion {[0m
2025-10-02T12:51:49.7434930Z [0m   [0m[0m[1m[38;5;12m|[0m[0m            [0m[0m[1m[33m^^^^^^^^^^^^[0m
2025-10-02T12:51:49.7435283Z 
2025-10-02T12:51:49.7435658Z [0m[1m[33mwarning[0m[0m[1m: multiple associated items are never used[0m
2025-10-02T12:51:49.7436364Z [0m   [0m[0m[1m[38;5;12m--> [0m[0msrc/rom/loader.rs:151:12[0m
2025-10-02T12:51:49.7436875Z [0m    [0m[0m[1m[38;5;12m|[0m
2025-10-02T12:51:49.7437472Z [0m[1m[38;5;12m149[0m[0m [0m[0m[1m[38;5;12m|[0m[0m [0m[0mimpl RomManager {[0m
2025-10-02T12:51:49.7438434Z [0m    [0m[0m[1m[38;5;12m|[0m[0m [0m[0m[1m[38;5;12m---------------[0m[0m [0m[0m[1m[38;5;12massociated items in this implementation[0m
2025-10-02T12:51:49.7439561Z [0m[1m[38;5;12m150[0m[0m [0m[0m[1m[38;5;12m|[0m[0m [0m[0m    /// Crée un nouveau gestionnaire de ROMs[0m
2025-10-02T12:51:49.7440418Z [0m[1m[38;5;12m151[0m[0m [0m[0m[1m[38;5;12m|[0m[0m [0m[0m    pub fn new() -> Self {[0m
2025-10-02T12:51:49.7441110Z [0m    [0m[0m[1m[38;5;12m|[0m[0m            [0m[0m[1m[33m^^^[0m
2025-10-02T12:51:49.7441610Z [0m[1m[38;5;12m...[0m
2025-10-02T12:51:49.7442383Z [0m[1m[38;5;12m165[0m[0m [0m[0m[1m[38;5;12m|[0m[0m [0m[0m    pub fn add_search_path<P: AsRef<Path>>(&mut self, path: P) {[0m
2025-10-02T12:51:49.7443222Z [0m    [0m[0m[1m[38;5;12m|[0m[0m            [0m[0m[1m[33m^^^^^^^^^^^^^^^[0m
2025-10-02T12:51:49.7443740Z [0m[1m[38;5;12m...[0m
2025-10-02T12:51:49.7445099Z [0m[1m[38;5;12m170[0m[0m [0m[0m[1m[38;5;12m|[0m[0m [0m[0m    pub fn set_load_config(&mut self, config: LoadConfig) {[0m
2025-10-02T12:51:49.7445932Z [0m    [0m[0m[1m[38;5;12m|[0m[0m            [0m[0m[1m[33m^^^^^^^^^^^^^^^[0m
2025-10-02T12:51:49.7446441Z [0m[1m[38;5;12m...[0m
2025-10-02T12:51:49.7447207Z [0m[1m[38;5;12m175[0m[0m [0m[0m[1m[38;5;12m|[0m[0m [0m[0m    pub fn load_game(&mut self, game_name: &str) -> Result<RomSet> {[0m
2025-10-02T12:51:49.7448048Z [0m    [0m[0m[1m[38;5;12m|[0m[0m            [0m[0m[1m[33m^^^^^^^^^[0m
2025-10-02T12:51:49.7448548Z [0m[1m[38;5;12m...[0m
2025-10-02T12:51:49.7449127Z [0m[1m[38;5;12m248[0m[0m [0m[0m[1m[38;5;12m|[0m[0m [0m[0m    pub fn load_rom([0m
2025-10-02T12:51:49.7449822Z [0m    [0m[0m[1m[38;5;12m|[0m[0m            [0m[0m[1m[33m^^^^^^^^[0m
2025-10-02T12:51:49.7450327Z [0m[1m[38;5;12m...[0m
2025-10-02T12:51:49.7451078Z [0m[1m[38;5;12m316[0m[0m [0m[0m[1m[38;5;12m|[0m[0m [0m[0m    fn find_rom_file(&self, filename: &str) -> Result<PathBuf> {[0m
2025-10-02T12:51:49.7451900Z [0m    [0m[0m[1m[38;5;12m|[0m[0m        [0m[0m[1m[33m^^^^^^^^^^^^^[0m
2025-10-02T12:51:49.7452412Z [0m[1m[38;5;12m...[0m
2025-10-02T12:51:49.7452988Z [0m[1m[38;5;12m361[0m[0m [0m[0m[1m[38;5;12m|[0m[0m [0m[0m    fn find_rom_in_files([0m
2025-10-02T12:51:49.7453700Z [0m    [0m[0m[1m[38;5;12m|[0m[0m        [0m[0m[1m[33m^^^^^^^^^^^^^^^^^[0m
2025-10-02T12:51:49.7454370Z [0m[1m[38;5;12m...[0m
2025-10-02T12:51:49.7455175Z [0m[1m[38;5;12m402[0m[0m [0m[0m[1m[38;5;12m|[0m[0m [0m[0m    fn create_memory_map(&self, rom_set: &RomSet) -> Result<MemoryMap> {[0m
2025-10-02T12:51:49.7456256Z [0m    [0m[0m[1m[38;5;12m|[0m[0m        [0m[0m[1m[33m^^^^^^^^^^^^^^^^^[0m
2025-10-02T12:51:49.7456771Z [0m[1m[38;5;12m...[0m
2025-10-02T12:51:49.7457434Z [0m[1m[38;5;12m444[0m[0m [0m[0m[1m[38;5;12m|[0m[0m [0m[0m    fn cleanup_cache(&mut self) -> Result<()> {[0m
2025-10-02T12:51:49.7458199Z [0m    [0m[0m[1m[38;5;12m|[0m[0m        [0m[0m[1m[33m^^^^^^^^^^^^^[0m
2025-10-02T12:51:49.7458698Z [0m[1m[38;5;12m...[0m
2025-10-02T12:51:49.7459451Z [0m[1m[38;5;12m457[0m[0m [0m[0m[1m[38;5;12m|[0m[0m [0m[0m    pub fn scan_available_roms(&self) -> Result<Vec<PathBuf>> {[0m
2025-10-02T12:51:49.7460299Z [0m    [0m[0m[1m[38;5;12m|[0m[0m            [0m[0m[1m[33m^^^^^^^^^^^^^^^^^^^[0m
2025-10-02T12:51:49.7460822Z [0m[1m[38;5;12m...[0m
2025-10-02T12:51:49.7461606Z [0m[1m[38;5;12m487[0m[0m [0m[0m[1m[38;5;12m|[0m[0m [0m[0m    pub fn generate_availability_report(&self) -> Result<String> {[0m
2025-10-02T12:51:49.7462512Z [0m    [0m[0m[1m[38;5;12m|[0m[0m            [0m[0m[1m[33m^^^^^^^^^^^^^^^^^^^^^^^^^^^^[0m
2025-10-02T12:51:49.7462888Z 
2025-10-02T12:51:49.7463289Z [0m[1m[33mwarning[0m[0m[1m: struct `RomMemoryMapper` is never constructed[0m
2025-10-02T12:51:49.7464173Z [0m  [0m[0m[1m[38;5;12m--> [0m[0msrc/rom/mapping.rs:11:12[0m
2025-10-02T12:51:49.7464678Z [0m   [0m[0m[1m[38;5;12m|[0m
2025-10-02T12:51:49.7465492Z [0m[1m[38;5;12m11[0m[0m [0m[0m[1m[38;5;12m|[0m[0m [0m[0mpub struct RomMemoryMapper {[0m
2025-10-02T12:51:49.7466239Z [0m   [0m[0m[1m[38;5;12m|[0m[0m            [0m[0m[1m[33m^^^^^^^^^^^^^^^[0m
2025-10-02T12:51:49.7466585Z 
2025-10-02T12:51:49.7467006Z [0m[1m[33mwarning[0m[0m[1m: struct `Model2MemoryConfig` is never constructed[0m
2025-10-02T12:51:49.7467756Z [0m  [0m[0m[1m[38;5;12m--> [0m[0msrc/rom/mapping.rs:24:12[0m
2025-10-02T12:51:49.7468278Z [0m   [0m[0m[1m[38;5;12m|[0m
2025-10-02T12:51:49.7468944Z [0m[1m[38;5;12m24[0m[0m [0m[0m[1m[38;5;12m|[0m[0m [0m[0mpub struct Model2MemoryConfig {[0m
2025-10-02T12:51:49.7469701Z [0m   [0m[0m[1m[38;5;12m|[0m[0m            [0m[0m[1m[33m^^^^^^^^^^^^^^^^^^[0m
2025-10-02T12:51:49.7470057Z 
2025-10-02T12:51:49.7470436Z [0m[1m[33mwarning[0m[0m[1m: multiple associated items are never used[0m
2025-10-02T12:51:49.7471135Z [0m   [0m[0m[1m[38;5;12m--> [0m[0msrc/rom/mapping.rs:60:12[0m
2025-10-02T12:51:49.7471651Z [0m    [0m[0m[1m[38;5;12m|[0m
2025-10-02T12:51:49.7472297Z [0m [0m[0m[1m[38;5;12m58[0m[0m [0m[0m[1m[38;5;12m|[0m[0m [0m[0mimpl RomMemoryMapper {[0m
2025-10-02T12:51:49.7473299Z [0m    [0m[0m[1m[38;5;12m|[0m[0m [0m[0m[1m[38;5;12m--------------------[0m[0m [0m[0m[1m[38;5;12massociated items in this implementation[0m
2025-10-02T12:51:49.7474451Z [0m [0m[0m[1m[38;5;12m59[0m[0m [0m[0m[1m[38;5;12m|[0m[0m [0m[0m    /// Crée un nouveau mapper mémoire[0m
2025-10-02T12:51:49.7475312Z [0m [0m[0m[1m[38;5;12m60[0m[0m [0m[0m[1m[38;5;12m|[0m[0m [0m[0m    pub fn new() -> Self {[0m
2025-10-02T12:51:49.7476039Z [0m    [0m[0m[1m[38;5;12m|[0m[0m            [0m[0m[1m[33m^^^[0m
2025-10-02T12:51:49.7476542Z [0m[1m[38;5;12m...[0m
2025-10-02T12:51:49.7477260Z [0m [0m[0m[1m[38;5;12m69[0m[0m [0m[0m[1m[38;5;12m|[0m[0m [0m[0m    pub fn set_config(&mut self, config: Model2MemoryConfig) {[0m
2025-10-02T12:51:49.7478013Z [0m    [0m[0m[1m[38;5;12m|[0m[0m            [0m[0m[1m[33m^^^^^^^^^^[0m
2025-10-02T12:51:49.7478484Z [0m[1m[38;5;12m...[0m
2025-10-02T12:51:49.7479026Z [0m [0m[0m[1m[38;5;12m75[0m[0m [0m[0m[1m[38;5;12m|[0m[0m [0m[0m    pub fn load_rom_set([0m
2025-10-02T12:51:49.7479684Z [0m    [0m[0m[1m[38;5;12m|[0m[0m            [0m[0m[1m[33m^^^^^^^^^^^^[0m
2025-10-02T12:51:49.7480156Z [0m[1m[38;5;12m...[0m
2025-10-02T12:51:49.7480698Z [0m [0m[0m[1m[38;5;12m98[0m[0m [0m[0m[1m[38;5;12m|[0m[0m [0m[0m    fn map_rom_to_memory([0m
2025-10-02T12:51:49.7481525Z [0m    [0m[0m[1m[38;5;12m|[0m[0m        [0m[0m[1m[33m^^^^^^^^^^^^^^^^^[0m
2025-10-02T12:51:49.7482003Z [0m[1m[38;5;12m...[0m
2025-10-02T12:51:49.7482715Z [0m[1m[38;5;12m171[0m[0m [0m[0m[1m[38;5;12m|[0m[0m [0m[0m    fn calculate_base_address(&self, rom_type: &RomType) -> u32 {[0m
2025-10-02T12:51:49.7483559Z [0m    [0m[0m[1m[38;5;12m|[0m[0m        [0m[0m[1m[33m^^^^^^^^^^^^^^^^^^^^^^[0m
2025-10-02T12:51:49.7484215Z [0m[1m[38;5;12m...[0m
2025-10-02T12:51:49.7484842Z [0m[1m[38;5;12m185[0m[0m [0m[0m[1m[38;5;12m|[0m[0m [0m[0m    fn setup_program_rom_mapping([0m
2025-10-02T12:51:49.7485609Z [0m    [0m[0m[1m[38;5;12m|[0m[0m        [0m[0m[1m[33m^^^^^^^^^^^^^^^^^^^^^^^^^[0m
2025-10-02T12:51:49.7486134Z [0m[1m[38;5;12m...[0m
2025-10-02T12:51:49.7486762Z [0m[1m[38;5;12m217[0m[0m [0m[0m[1m[38;5;12m|[0m[0m [0m[0m    fn setup_graphics_rom_mapping([0m
2025-10-02T12:51:49.7487580Z [0m    [0m[0m[1m[38;5;12m|[0m[0m        [0m[0m[1m[33m^^^^^^^^^^^^^^^^^^^^^^^^^^[0m
2025-10-02T12:51:49.7488106Z [0m[1m[38;5;12m...[0m
2025-10-02T12:51:49.7488712Z [0m[1m[38;5;12m251[0m[0m [0m[0m[1m[38;5;12m|[0m[0m [0m[0m    fn setup_audio_rom_mapping([0m
2025-10-02T12:51:49.7489465Z [0m    [0m[0m[1m[38;5;12m|[0m[0m        [0m[0m[1m[33m^^^^^^^^^^^^^^^^^^^^^^^[0m
2025-10-02T12:51:49.7489988Z [0m[1m[38;5;12m...[0m
2025-10-02T12:51:49.7490740Z [0m[1m[38;5;12m272[0m[0m [0m[0m[1m[38;5;12m|[0m[0m [0m[0m    fn setup_data_rom_mapping([0m
2025-10-02T12:51:49.7491490Z [0m    [0m[0m[1m[38;5;12m|[0m[0m        [0m[0m[1m[33m^^^^^^^^^^^^^^^^^^^^^^[0m
2025-10-02T12:51:49.7492007Z [0m[1m[38;5;12m...[0m
2025-10-02T12:51:49.7492757Z [0m[1m[38;5;12m296[0m[0m [0m[0m[1m[38;5;12m|[0m[0m [0m[0m    fn detect_audio_format(&self, data: &[u8]) -> Option<u32> {[0m
2025-10-02T12:51:49.7493593Z [0m    [0m[0m[1m[38;5;12m|[0m[0m        [0m[0m[1m[33m^^^^^^^^^^^^^^^^^^^[0m
2025-10-02T12:51:49.7494265Z [0m[1m[38;5;12m...[0m
2025-10-02T12:51:49.7495117Z [0m[1m[38;5;12m322[0m[0m [0m[0m[1m[38;5;12m|[0m[0m [0m[0m    fn calculate_periodicity_score(&self, data: &[u8], period: usize) -> f32 {[0m
2025-10-02T12:51:49.7496056Z [0m    [0m[0m[1m[38;5;12m|[0m[0m        [0m[0m[1m[33m^^^^^^^^^^^^^^^^^^^^^^^^^^^[0m
2025-10-02T12:51:49.7496586Z [0m[1m[38;5;12m...[0m
2025-10-02T12:51:49.7497274Z [0m[1m[38;5;12m344[0m[0m [0m[0m[1m[38;5;12m|[0m[0m [0m[0m    fn remap_current_roms(&mut self) -> Result<()> {[0m
2025-10-02T12:51:49.7498059Z [0m    [0m[0m[1m[38;5;12m|[0m[0m        [0m[0m[1m[33m^^^^^^^^^^^^^^^^^^[0m
2025-10-02T12:51:49.7498571Z [0m[1m[38;5;12m...[0m
2025-10-02T12:51:49.7499292Z [0m[1m[38;5;12m354[0m[0m [0m[0m[1m[38;5;12m|[0m[0m [0m[0m    pub fn get_mapping_info(&self) -> Option<MappingInfo> {[0m
2025-10-02T12:51:49.7500115Z [0m    [0m[0m[1m[38;5;12m|[0m[0m            [0m[0m[1m[33m^^^^^^^^^^^^^^^^[0m
2025-10-02T12:51:49.7500628Z [0m[1m[38;5;12m...[0m
2025-10-02T12:51:49.7501447Z [0m[1m[38;5;12m381[0m[0m [0m[0m[1m[38;5;12m|[0m[0m [0m[0m    pub fn read_rom_data(&self, address: u32, size: usize) -> Option<Vec<u8>> {[0m
2025-10-02T12:51:49.7502330Z [0m    [0m[0m[1m[38;5;12m|[0m[0m            [0m[0m[1m[33m^^^^^^^^^^^^^[0m
2025-10-02T12:51:49.7502832Z [0m[1m[38;5;12m...[0m
2025-10-02T12:51:49.7503608Z [0m[1m[38;5;12m393[0m[0m [0m[0m[1m[38;5;12m|[0m[0m [0m[0m    pub fn validate_mapping(&self) -> Result<ValidationReport> {[0m
2025-10-02T12:51:49.7504607Z [0m    [0m[0m[1m[38;5;12m|[0m[0m            [0m[0m[1m[33m^^^^^^^^^^^^^^^^[0m
2025-10-02T12:51:49.7504959Z 
2025-10-02T12:51:49.7505331Z [0m[1m[33mwarning[0m[0m[1m: struct `MappingInfo` is never constructed[0m
2025-10-02T12:51:49.7506035Z [0m   [0m[0m[1m[38;5;12m--> [0m[0msrc/rom/mapping.rs:444:12[0m
2025-10-02T12:51:49.7506551Z [0m    [0m[0m[1m[38;5;12m|[0m
2025-10-02T12:51:49.7507339Z [0m[1m[38;5;12m444[0m[0m [0m[0m[1m[38;5;12m|[0m[0m [0m[0mpub struct MappingInfo {[0m
2025-10-02T12:51:49.7508055Z [0m    [0m[0m[1m[38;5;12m|[0m[0m            [0m[0m[1m[33m^^^^^^^^^^^[0m
2025-10-02T12:51:49.7508407Z 
2025-10-02T12:51:49.7508807Z [0m[1m[33mwarning[0m[0m[1m: struct `ValidationReport` is never constructed[0m
2025-10-02T12:51:49.7509528Z [0m   [0m[0m[1m[38;5;12m--> [0m[0msrc/rom/mapping.rs:453:12[0m
2025-10-02T12:51:49.7510038Z [0m    [0m[0m[1m[38;5;12m|[0m
2025-10-02T12:51:49.7510685Z [0m[1m[38;5;12m453[0m[0m [0m[0m[1m[38;5;12m|[0m[0m [0m[0mpub struct ValidationReport {[0m
2025-10-02T12:51:49.7511410Z [0m    [0m[0m[1m[38;5;12m|[0m[0m            [0m[0m[1m[33m^^^^^^^^^^^^^^^^[0m
2025-10-02T12:51:49.7511753Z 
2025-10-02T12:51:49.7512145Z [0m[1m[33mwarning[0m[0m[1m: struct `MappingStatistics` is never constructed[0m
2025-10-02T12:51:49.7512866Z [0m   [0m[0m[1m[38;5;12m--> [0m[0msrc/rom/mapping.rs:462:12[0m
2025-10-02T12:51:49.7513392Z [0m    [0m[0m[1m[38;5;12m|[0m
2025-10-02T12:51:49.7514184Z [0m[1m[38;5;12m462[0m[0m [0m[0m[1m[38;5;12m|[0m[0m [0m[0mpub struct MappingStatistics {[0m
2025-10-02T12:51:49.7514953Z [0m    [0m[0m[1m[38;5;12m|[0m[0m            [0m[0m[1m[33m^^^^^^^^^^^^^^^^^[0m
2025-10-02T12:51:49.7515285Z 
2025-10-02T12:51:49.7515660Z [0m[1m[33mwarning[0m[0m[1m: function `calculate_entropy` is never used[0m
2025-10-02T12:51:49.7516507Z [0m   [0m[0m[1m[38;5;12m--> [0m[0msrc/rom/mapping.rs:472:4[0m
2025-10-02T12:51:49.7517021Z [0m    [0m[0m[1m[38;5;12m|[0m
2025-10-02T12:51:49.7517676Z [0m[1m[38;5;12m472[0m[0m [0m[0m[1m[38;5;12m|[0m[0m [0m[0mfn calculate_entropy(data: &[u8]) -> f32 {[0m
2025-10-02T12:51:49.7518399Z [0m    [0m[0m[1m[38;5;12m|[0m[0m    [0m[0m[1m[33m^^^^^^^^^^^^^^^^^[0m
2025-10-02T12:51:49.7518729Z 
2025-10-02T12:51:49.7519103Z [0m[1m[33mwarning[0m[0m[1m: struct `ValidationResult` is never constructed[0m
2025-10-02T12:51:49.7519841Z [0m  [0m[0m[1m[38;5;12m--> [0m[0msrc/rom/validation.rs:10:12[0m
2025-10-02T12:51:49.7520370Z [0m   [0m[0m[1m[38;5;12m|[0m
2025-10-02T12:51:49.7520995Z [0m[1m[38;5;12m10[0m[0m [0m[0m[1m[38;5;12m|[0m[0m [0m[0mpub struct ValidationResult {[0m
2025-10-02T12:51:49.7521703Z [0m   [0m[0m[1m[38;5;12m|[0m[0m            [0m[0m[1m[33m^^^^^^^^^^^^^^^^[0m
2025-10-02T12:51:49.7522054Z 
2025-10-02T12:51:49.7522410Z [0m[1m[33mwarning[0m[0m[1m: enum `ValidationError` is never used[0m
2025-10-02T12:51:49.7523121Z [0m  [0m[0m[1m[38;5;12m--> [0m[0msrc/rom/validation.rs:35:10[0m
2025-10-02T12:51:49.7523651Z [0m   [0m[0m[1m[38;5;12m|[0m
2025-10-02T12:51:49.7524425Z [0m[1m[38;5;12m35[0m[0m [0m[0m[1m[38;5;12m|[0m[0m [0m[0mpub enum ValidationError {[0m
2025-10-02T12:51:49.7525168Z [0m   [0m[0m[1m[38;5;12m|[0m[0m          [0m[0m[1m[33m^^^^^^^^^^^^^^^[0m
2025-10-02T12:51:49.7525531Z 
2025-10-02T12:51:49.7525913Z [0m[1m[33mwarning[0m[0m[1m: struct `RomValidator` is never constructed[0m
2025-10-02T12:51:49.7526644Z [0m  [0m[0m[1m[38;5;12m--> [0m[0msrc/rom/validation.rs:83:12[0m
2025-10-02T12:51:49.7527170Z [0m   [0m[0m[1m[38;5;12m|[0m
2025-10-02T12:51:49.7527789Z [0m[1m[38;5;12m83[0m[0m [0m[0m[1m[38;5;12m|[0m[0m [0m[0mpub struct RomValidator;[0m
2025-10-02T12:51:49.7528503Z [0m   [0m[0m[1m[38;5;12m|[0m[0m            [0m[0m[1m[33m^^^^^^^^^^^^[0m
2025-10-02T12:51:49.7528852Z 
2025-10-02T12:51:49.7529246Z [0m[1m[33mwarning[0m[0m[1m: multiple associated functions are never used[0m
2025-10-02T12:51:49.7529982Z [0m   [0m[0m[1m[38;5;12m--> [0m[0msrc/rom/validation.rs:87:12[0m
2025-10-02T12:51:49.7530505Z [0m    [0m[0m[1m[38;5;12m|[0m
2025-10-02T12:51:49.7531127Z [0m [0m[0m[1m[38;5;12m85[0m[0m [0m[0m[1m[38;5;12m|[0m[0m [0m[0mimpl RomValidator {[0m
2025-10-02T12:51:49.7532125Z [0m    [0m[0m[1m[38;5;12m|[0m[0m [0m[0m[1m[38;5;12m-----------------[0m[0m [0m[0m[1m[38;5;12massociated functions in this implementation[0m
2025-10-02T12:51:49.7533348Z [0m [0m[0m[1m[38;5;12m86[0m[0m [0m[0m[1m[38;5;12m|[0m[0m [0m[0m    /// Valide une ROM contre les informations attendues[0m
2025-10-02T12:51:49.7534648Z [0m [0m[0m[1m[38;5;12m87[0m[0m [0m[0m[1m[38;5;12m|[0m[0m [0m[0m    pub fn validate_rom(data: &[u8], expected: &RomInfo) -> ValidationResult {[0m
2025-10-02T12:51:49.7535567Z [0m    [0m[0m[1m[38;5;12m|[0m[0m            [0m[0m[1m[33m^^^^^^^^^^^^[0m
2025-10-02T12:51:49.7536078Z [0m[1m[38;5;12m...[0m
2025-10-02T12:51:49.7536684Z [0m[1m[38;5;12m156[0m[0m [0m[0m[1m[38;5;12m|[0m[0m [0m[0m    pub fn validate_rom_set([0m
2025-10-02T12:51:49.7537411Z [0m    [0m[0m[1m[38;5;12m|[0m[0m            [0m[0m[1m[33m^^^^^^^^^^^^^^^^[0m
2025-10-02T12:51:49.7537925Z [0m[1m[38;5;12m...[0m
2025-10-02T12:51:49.7538587Z [0m[1m[38;5;12m200[0m[0m [0m[0m[1m[38;5;12m|[0m[0m [0m[0m    pub fn calculate_crc32(data: &[u8]) -> u32 {[0m
2025-10-02T12:51:49.7539370Z [0m    [0m[0m[1m[38;5;12m|[0m[0m            [0m[0m[1m[33m^^^^^^^^^^^^^^^[0m
2025-10-02T12:51:49.7539883Z [0m[1m[38;5;12m...[0m
2025-10-02T12:51:49.7540551Z [0m[1m[38;5;12m207[0m[0m [0m[0m[1m[38;5;12m|[0m[0m [0m[0m    pub fn calculate_md5(data: &[u8]) -> String {[0m
2025-10-02T12:51:49.7541321Z [0m    [0m[0m[1m[38;5;12m|[0m[0m            [0m[0m[1m[33m^^^^^^^^^^^^^[0m
2025-10-02T12:51:49.7541973Z [0m[1m[38;5;12m...[0m
2025-10-02T12:51:49.7542638Z [0m[1m[38;5;12m214[0m[0m [0m[0m[1m[38;5;12m|[0m[0m [0m[0m    pub fn calculate_sha256(data: &[u8]) -> String {[0m
2025-10-02T12:51:49.7543374Z [0m    [0m[0m[1m[38;5;12m|[0m[0m            [0m[0m[1m[33m^^^^^^^^^^^^^^^^[0m
2025-10-02T12:51:49.7543840Z [0m[1m[38;5;12m...[0m
2025-10-02T12:51:49.7544997Z [0m[1m[38;5;12m221[0m[0m [0m[0m[1m[38;5;12m|[0m[0m [0m[0m    pub fn detect_rom_type(data: &[u8], filename: &str) -> super::database::RomType {[0m
2025-10-02T12:51:49.7545923Z [0m    [0m[0m[1m[38;5;12m|[0m[0m            [0m[0m[1m[33m^^^^^^^^^^^^^^^[0m
2025-10-02T12:51:49.7546440Z [0m[1m[38;5;12m...[0m
2025-10-02T12:51:49.7547030Z [0m[1m[38;5;12m273[0m[0m [0m[0m[1m[38;5;12m|[0m[0m [0m[0m    fn validate_rom_type_content([0m
2025-10-02T12:51:49.7547747Z [0m    [0m[0m[1m[38;5;12m|[0m[0m        [0m[0m[1m[33m^^^^^^^^^^^^^^^^^^^^^^^^^[0m
2025-10-02T12:51:49.7548254Z [0m[1m[38;5;12m...[0m
2025-10-02T12:51:49.7548874Z [0m[1m[38;5;12m333[0m[0m [0m[0m[1m[38;5;12m|[0m[0m [0m[0m    fn calculate_entropy(data: &[u8]) -> f64 {[0m
2025-10-02T12:51:49.7549602Z [0m    [0m[0m[1m[38;5;12m|[0m[0m        [0m[0m[1m[33m^^^^^^^^^^^^^^^^^[0m
2025-10-02T12:51:49.7550085Z [0m[1m[38;5;12m...[0m
2025-10-02T12:51:49.7550976Z [0m[1m[38;5;12m356[0m[0m [0m[0m[1m[38;5;12m|[0m[0m [0m[0m    pub fn generate_validation_report(results: &[(String, ValidationResult)]) -> String {[0m
2025-10-02T12:51:49.7551992Z [0m    [0m[0m[1m[38;5;12m|[0m[0m            [0m[0m[1m[33m^^^^^^^^^^^^^^^^^^^^^^^^^^[0m
2025-10-02T12:51:49.7552347Z 
2025-10-02T12:51:49.7552712Z [0m[1m[33mwarning[0m[0m[1m: struct `EmulatorConfig` is never constructed[0m
2025-10-02T12:51:49.7553419Z [0m [0m[0m[1m[38;5;12m--> [0m[0msrc/config/mod.rs:9:12[0m
2025-10-02T12:51:49.7553883Z [0m  [0m[0m[1m[38;5;12m|[0m
2025-10-02T12:51:49.7554856Z [0m[1m[38;5;12m9[0m[0m [0m[0m[1m[38;5;12m|[0m[0m [0m[0mpub struct EmulatorConfig {[0m
2025-10-02T12:51:49.7555575Z [0m  [0m[0m[1m[38;5;12m|[0m[0m            [0m[0m[1m[33m^^^^^^^^^^^^^^[0m
2025-10-02T12:51:49.7555942Z 
2025-10-02T12:51:49.7556321Z [0m[1m[33mwarning[0m[0m[1m: struct `VideoConfig` is never constructed[0m
2025-10-02T12:51:49.7557033Z [0m  [0m[0m[1m[38;5;12m--> [0m[0msrc/config/mod.rs:17:12[0m
2025-10-02T12:51:49.7557540Z [0m   [0m[0m[1m[38;5;12m|[0m
2025-10-02T12:51:49.7558341Z [0m[1m[38;5;12m17[0m[0m [0m[0m[1m[38;5;12m|[0m[0m [0m[0mpub struct VideoConfig {[0m
2025-10-02T12:51:49.7559048Z [0m   [0m[0m[1m[38;5;12m|[0m[0m            [0m[0m[1m[33m^^^^^^^^^^^[0m
2025-10-02T12:51:49.7559406Z 
2025-10-02T12:51:49.7559777Z [0m[1m[33mwarning[0m[0m[1m: struct `AudioConfig` is never constructed[0m
2025-10-02T12:51:49.7560490Z [0m  [0m[0m[1m[38;5;12m--> [0m[0msrc/config/mod.rs:25:12[0m
2025-10-02T12:51:49.7560996Z [0m   [0m[0m[1m[38;5;12m|[0m
2025-10-02T12:51:49.7561624Z [0m[1m[38;5;12m25[0m[0m [0m[0m[1m[38;5;12m|[0m[0m [0m[0mpub struct AudioConfig {[0m
2025-10-02T12:51:49.7562331Z [0m   [0m[0m[1m[38;5;12m|[0m[0m            [0m[0m[1m[33m^^^^^^^^^^^[0m
2025-10-02T12:51:49.7562687Z 
2025-10-02T12:51:49.7563059Z [0m[1m[33mwarning[0m[0m[1m: struct `InputConfig` is never constructed[0m
2025-10-02T12:51:49.7563762Z [0m  [0m[0m[1m[38;5;12m--> [0m[0msrc/config/mod.rs:32:12[0m
2025-10-02T12:51:49.7564431Z [0m   [0m[0m[1m[38;5;12m|[0m
2025-10-02T12:51:49.7565055Z [0m[1m[38;5;12m32[0m[0m [0m[0m[1m[38;5;12m|[0m[0m [0m[0mpub struct InputConfig {[0m
2025-10-02T12:51:49.7565763Z [0m   [0m[0m[1m[38;5;12m|[0m[0m            [0m[0m[1m[33m^^^^^^^^^^^[0m
2025-10-02T12:51:49.7566117Z 
2025-10-02T12:51:49.7566515Z [0m[1m[33mwarning[0m[0m[1m: struct `PlayerKeyConfig` is never constructed[0m
2025-10-02T12:51:49.7567230Z [0m  [0m[0m[1m[38;5;12m--> [0m[0msrc/config/mod.rs:38:12[0m
2025-10-02T12:51:49.7567889Z [0m   [0m[0m[1m[38;5;12m|[0m
2025-10-02T12:51:49.7568536Z [0m[1m[38;5;12m38[0m[0m [0m[0m[1m[38;5;12m|[0m[0m [0m[0mpub struct PlayerKeyConfig {[0m
2025-10-02T12:51:49.7569273Z [0m   [0m[0m[1m[38;5;12m|[0m[0m            [0m[0m[1m[33m^^^^^^^^^^^^^^^[0m
2025-10-02T12:51:49.7569638Z 
2025-10-02T12:51:49.7570036Z [0m[1m[33mwarning[0m[0m[1m: struct `EmulationConfig` is never constructed[0m
2025-10-02T12:51:49.7570756Z [0m  [0m[0m[1m[38;5;12m--> [0m[0msrc/config/mod.rs:50:12[0m
2025-10-02T12:51:49.7571281Z [0m   [0m[0m[1m[38;5;12m|[0m
2025-10-02T12:51:49.7571927Z [0m[1m[38;5;12m50[0m[0m [0m[0m[1m[38;5;12m|[0m[0m [0m[0mpub struct EmulationConfig {[0m
2025-10-02T12:51:49.7572662Z [0m   [0m[0m[1m[38;5;12m|[0m[0m            [0m[0m[1m[33m^^^^^^^^^^^^^^^[0m
2025-10-02T12:51:49.7573019Z 
2025-10-02T12:51:49.7573662Z [0m[1m[33mwarning[0m[0m[1m: associated items `load_from_file`, `save_to_file`, and `load_or_default` are never used[0m
2025-10-02T12:51:49.7574766Z [0m   [0m[0m[1m[38;5;12m--> [0m[0msrc/config/mod.rs:102:12[0m
2025-10-02T12:51:49.7575304Z [0m    [0m[0m[1m[38;5;12m|[0m
2025-10-02T12:51:49.7575949Z [0m[1m[38;5;12m101[0m[0m [0m[0m[1m[38;5;12m|[0m[0m [0m[0mimpl EmulatorConfig {[0m
2025-10-02T12:51:49.7576961Z [0m    [0m[0m[1m[38;5;12m|[0m[0m [0m[0m[1m[38;5;12m-------------------[0m[0m [0m[0m[1m[38;5;12massociated items in this implementation[0m
2025-10-02T12:51:49.7578030Z [0m[1m[38;5;12m102[0m[0m [0m[0m[1m[38;5;12m|[0m[0m [0m[0m    pub fn load_from_file(path: &str) -> Result<Self> {[0m
2025-10-02T12:51:49.7578843Z [0m    [0m[0m[1m[38;5;12m|[0m[0m            [0m[0m[1m[33m^^^^^^^^^^^^^^[0m
2025-10-02T12:51:49.7579372Z [0m[1m[38;5;12m...[0m
2025-10-02T12:51:49.7580088Z [0m[1m[38;5;12m108[0m[0m [0m[0m[1m[38;5;12m|[0m[0m [0m[0m    pub fn save_to_file(&self, path: &str) -> Result<()> {[0m
2025-10-02T12:51:49.7580919Z [0m    [0m[0m[1m[38;5;12m|[0m[0m            [0m[0m[1m[33m^^^^^^^^^^^^[0m
2025-10-02T12:51:49.7581445Z [0m[1m[38;5;12m...[0m
2025-10-02T12:51:49.7582122Z [0m[1m[38;5;12m114[0m[0m [0m[0m[1m[38;5;12m|[0m[0m [0m[0m    pub fn load_or_default(path: &str) -> Self {[0m
2025-10-02T12:51:49.7582918Z [0m    [0m[0m[1m[38;5;12m|[0m[0m            [0m[0m[1m[33m^^^^^^^^^^^^^^^[0m
2025-10-02T12:51:49.7583277Z 
2025-10-02T12:51:49.7834933Z [1m[33mwarning[0m[1m:[0m `pixel-model2-rust` (bin "integration-test") generated 2 warnings (run `cargo fix --bin "integration-test"` to apply 1 suggestion)
2025-10-02T12:51:50.2953864Z [1m[33mwarning[0m[1m:[0m `pixel-model2-rust` (bin "pixel-model2-gui") generated 127 warnings (run `cargo fix --bin "pixel-model2-gui"` to apply 2 suggestions)
2025-10-02T12:51:50.2955299Z [1m[32m    Finished[0m `test` profile [optimized + debuginfo] target(s) in 13.63s
2025-10-02T12:51:50.3692024Z [1m[32m     Running[0m tests/integration_tests.rs (target/debug/deps/integration_tests-9e9a2897a133fc83)
2025-10-02T12:51:50.3704803Z 
2025-10-02T12:51:50.3704958Z running 7 tests
2025-10-02T12:51:50.3710037Z test test_cpu_initialization ... ok
2025-10-02T12:51:50.3710591Z test test_input_manager ... ok
2025-10-02T12:51:50.3711170Z test test_memory_initialization ... ok
2025-10-02T12:51:50.3711719Z test test_config_serialization ... ok
2025-10-02T12:51:50.3712552Z test test_rom_database_empty ... ok
2025-10-02T12:51:50.3713024Z test test_rom_loading ... ok
2025-10-02T12:51:50.3713810Z test test_memory_read_write ... ok
2025-10-02T12:51:50.3714311Z 
2025-10-02T12:51:50.3714719Z test result: ok. 7 passed; 0 failed; 0 ignored; 0 measured; 0 filtered out; finished in 0.00s
2025-10-02T12:51:50.3715301Z 
2025-10-02T12:51:50.3870607Z Post job cleanup.
2025-10-02T12:51:50.6221257Z Cache up-to-date.
2025-10-02T12:51:50.6386772Z Post job cleanup.
2025-10-02T12:51:50.7307023Z [command]/usr/bin/git version
2025-10-02T12:51:50.7349261Z git version 2.51.0
2025-10-02T12:51:50.7391232Z Temporarily overriding HOME='/home/runner/work/_temp/1634c9b5-918a-47d0-a220-9249a8aa67a9' before making global git config changes
2025-10-02T12:51:50.7392502Z Adding repository directory to the temporary git global config as a safe directory
2025-10-02T12:51:50.7397585Z [command]/usr/bin/git config --global --add safe.directory /home/runner/work/pixel-model2-rust/pixel-model2-rust
2025-10-02T12:51:50.7431378Z [command]/usr/bin/git config --local --name-only --get-regexp core\.sshCommand
2025-10-02T12:51:50.7463001Z [command]/usr/bin/git submodule foreach --recursive sh -c "git config --local --name-only --get-regexp 'core\.sshCommand' && git config --local --unset-all 'core.sshCommand' || :"
2025-10-02T12:51:50.7688039Z [command]/usr/bin/git config --local --name-only --get-regexp http\.https\:\/\/github\.com\/\.extraheader
2025-10-02T12:51:50.7708022Z http.https://github.com/.extraheader
2025-10-02T12:51:50.7721055Z [command]/usr/bin/git config --local --unset-all http.https://github.com/.extraheader
2025-10-02T12:51:50.7753343Z [command]/usr/bin/git submodule foreach --recursive sh -c "git config --local --name-only --get-regexp 'http\.https\:\/\/github\.com\/\.extraheader' && git config --local --unset-all 'http.https://github.com/.extraheader' || :"
2025-10-02T12:51:50.8093307Z Cleaning up orphan processes
