2025-10-02T12:51:12.1635328Z ##[group]Run dtolnay/rust-toolchain@stable
2025-10-02T12:51:12.1635631Z with:
2025-10-02T12:51:12.1635830Z   targets: x86_64-unknown-linux-gnu
2025-10-02T12:51:12.1636077Z   components: rustfmt, clippy
2025-10-02T12:51:12.1636296Z   toolchain: stable
2025-10-02T12:51:12.1636474Z env:
2025-10-02T12:51:12.1636632Z   CARGO_TERM_COLOR: always
2025-10-02T12:51:12.1636832Z ##[endgroup]
2025-10-02T12:51:12.1731755Z ##[group]Run : parse toolchain version
2025-10-02T12:51:12.1732094Z [36;1m: parse toolchain version[0m
2025-10-02T12:51:12.1732349Z [36;1mif [[ -z $toolchain ]]; then[0m
2025-10-02T12:51:12.1732818Z [36;1m  # GitHub does not enforce `required: true` inputs itself. https://github.com/actions/runner/issues/1070[0m
2025-10-02T12:51:12.1733570Z [36;1m  echo "'toolchain' is a required input" >&2[0m
2025-10-02T12:51:12.1733861Z [36;1m  exit 1[0m
2025-10-02T12:51:12.1734141Z [36;1melif [[ $toolchain =~ ^stable' '[0-9]+' '(year|month|week|day)s?' 'ago$ ]]; then[0m
2025-10-02T12:51:12.1734502Z [36;1m  if [[ Linux == macOS ]]; then[0m
2025-10-02T12:51:12.1734975Z [36;1m    echo "toolchain=1.$((($(date -v-$(sed 's/stable \([0-9]*\) \(.\).*/\1\2/' <<< $toolchain) +%s)/60/60/24-16569)/7/6))" >> $GITHUB_OUTPUT[0m
2025-10-02T12:51:12.1735392Z [36;1m  else[0m
2025-10-02T12:51:12.1735736Z [36;1m    echo "toolchain=1.$((($(date --date "${toolchain#stable }" +%s)/60/60/24-16569)/7/6))" >> $GITHUB_OUTPUT[0m
2025-10-02T12:51:12.1736123Z [36;1m  fi[0m
2025-10-02T12:51:12.1736377Z [36;1melif [[ $toolchain =~ ^stable' 'minus' '[0-9]+' 'releases?$ ]]; then[0m
2025-10-02T12:51:12.1736848Z [36;1m  echo "toolchain=1.$((($(date +%s)/60/60/24-16569)/7/6-${toolchain//[^0-9]/}))" >> $GITHUB_OUTPUT[0m
2025-10-02T12:51:12.1737247Z [36;1melif [[ $toolchain =~ ^1\.[0-9]+$ ]]; then[0m
2025-10-02T12:51:12.1737683Z [36;1m  echo "toolchain=1.$((i=${toolchain#1.}, c=($(date +%s)/60/60/24-16569)/7/6, i+9*i*(10*i<=c)+90*i*(100*i<=c)))" >> $GITHUB_OUTPUT[0m
2025-10-02T12:51:12.1738268Z [36;1melse[0m
2025-10-02T12:51:12.1738489Z [36;1m  echo "toolchain=$toolchain" >> $GITHUB_OUTPUT[0m
2025-10-02T12:51:12.1738755Z [36;1mfi[0m
2025-10-02T12:51:12.1773937Z shell: /usr/bin/bash --noprofile --norc -e -o pipefail {0}
2025-10-02T12:51:12.1774257Z env:
2025-10-02T12:51:12.1774440Z   CARGO_TERM_COLOR: always
2025-10-02T12:51:12.1774646Z   toolchain: stable
2025-10-02T12:51:12.1774834Z ##[endgroup]
2025-10-02T12:51:12.1884795Z ##[group]Run : construct rustup command line
2025-10-02T12:51:12.1885116Z [36;1m: construct rustup command line[0m
2025-10-02T12:51:12.1885514Z [36;1mecho "targets=$(for t in ${targets//,/ }; do echo -n ' --target' $t; done)" >> $GITHUB_OUTPUT[0m
2025-10-02T12:51:12.1886064Z [36;1mecho "components=$(for c in ${components//,/ }; do echo -n ' --component' $c; done)" >> $GITHUB_OUTPUT[0m
2025-10-02T12:51:12.1886490Z [36;1mecho "downgrade=" >> $GITHUB_OUTPUT[0m
2025-10-02T12:51:12.1917637Z shell: /usr/bin/bash --noprofile --norc -e -o pipefail {0}
2025-10-02T12:51:12.1917952Z env:
2025-10-02T12:51:12.1918141Z   CARGO_TERM_COLOR: always
2025-10-02T12:51:12.1918366Z   targets: x86_64-unknown-linux-gnu
2025-10-02T12:51:12.1918615Z   components: rustfmt, clippy
2025-10-02T12:51:12.1918828Z ##[endgroup]
2025-10-02T12:51:12.2005006Z ##[group]Run : set $CARGO_HOME
2025-10-02T12:51:12.2005258Z [36;1m: set $CARGO_HOME[0m
2025-10-02T12:51:12.2005558Z [36;1mecho CARGO_HOME=${CARGO_HOME:-"$HOME/.cargo"} >> $GITHUB_ENV[0m
2025-10-02T12:51:12.2036385Z shell: /usr/bin/bash --noprofile --norc -e -o pipefail {0}
2025-10-02T12:51:12.2036701Z env:
2025-10-02T12:51:12.2036882Z   CARGO_TERM_COLOR: always
2025-10-02T12:51:12.2037086Z ##[endgroup]
2025-10-02T12:51:12.2118247Z ##[group]Run : install rustup if needed
2025-10-02T12:51:12.2118540Z [36;1m: install rustup if needed[0m
2025-10-02T12:51:12.2118806Z [36;1mif ! command -v rustup &>/dev/null; then[0m
2025-10-02T12:51:12.2119498Z [36;1m  curl --proto '=https' --tlsv1.2 --retry 10 --retry-connrefused --location --silent --show-error --fail https://sh.rustup.rs | sh -s -- --default-toolchain none -y[0m
2025-10-02T12:51:12.2120361Z [36;1m  echo "$CARGO_HOME/bin" >> $GITHUB_PATH[0m
2025-10-02T12:51:12.2120618Z [36;1mfi[0m
2025-10-02T12:51:12.2152137Z shell: /usr/bin/bash --noprofile --norc -e -o pipefail {0}
2025-10-02T12:51:12.2152452Z env:
2025-10-02T12:51:12.2152632Z   CARGO_TERM_COLOR: always
2025-10-02T12:51:12.2152846Z   CARGO_HOME: /home/runner/.cargo
2025-10-02T12:51:12.2153236Z ##[endgroup]
2025-10-02T12:51:12.2234240Z ##[group]Run rustup toolchain install stable --target x86_64-unknown-linux-gnu --component rustfmt --component clippy --profile minimal --no-self-update
2025-10-02T12:51:12.2235209Z [36;1mrustup toolchain install stable --target x86_64-unknown-linux-gnu --component rustfmt --component clippy --profile minimal --no-self-update[0m
2025-10-02T12:51:12.2266962Z shell: /usr/bin/bash --noprofile --norc -e -o pipefail {0}
2025-10-02T12:51:12.2267284Z env:
2025-10-02T12:51:12.2267494Z   CARGO_TERM_COLOR: always
2025-10-02T12:51:12.2267767Z   CARGO_HOME: /home/runner/.cargo
2025-10-02T12:51:12.2267994Z ##[endgroup]
2025-10-02T12:51:12.3009946Z info: syncing channel updates for 'stable-x86_64-unknown-linux-gnu'
2025-10-02T12:51:12.4608458Z info: latest update on 2025-09-18, rust version 1.90.0 (1159e78c4 2025-09-14)
2025-10-02T12:51:12.4609281Z info: downloading component 'cargo'
2025-10-02T12:51:12.5573623Z info: downloading component 'clippy'
2025-10-02T12:51:12.6174328Z info: downloading component 'rust-std'
2025-10-02T12:51:12.7907036Z info: downloading component 'rustc'
2025-10-02T12:51:13.1997234Z info: downloading component 'rustfmt'
2025-10-02T12:51:13.2502845Z info: installing component 'cargo'
2025-10-02T12:51:13.9470593Z info: installing component 'clippy'
2025-10-02T12:51:14.3232432Z info: installing component 'rust-std'
2025-10-02T12:51:16.1924861Z info: installing component 'rustc'
2025-10-02T12:51:20.9439634Z info: installing component 'rustfmt'
2025-10-02T12:51:21.2319823Z 
2025-10-02T12:51:21.2417077Z   stable-x86_64-unknown-linux-gnu installed - rustc 1.90.0 (1159e78c4 2025-09-14)
2025-10-02T12:51:21.2417644Z 
2025-10-02T12:51:21.2469657Z ##[group]Run rustup default stable
2025-10-02T12:51:21.2469942Z [36;1mrustup default stable[0m
2025-10-02T12:51:21.2501369Z shell: /usr/bin/bash --noprofile --norc -e -o pipefail {0}
2025-10-02T12:51:21.2501683Z env:
2025-10-02T12:51:21.2501859Z   CARGO_TERM_COLOR: always
2025-10-02T12:51:21.2502076Z   CARGO_HOME: /home/runner/.cargo
2025-10-02T12:51:21.2502299Z ##[endgroup]
2025-10-02T12:51:21.2602839Z info: using existing install for 'stable-x86_64-unknown-linux-gnu'
2025-10-02T12:51:21.2940322Z info: default toolchain set to 'stable-x86_64-unknown-linux-gnu'
2025-10-02T12:51:21.2940926Z 
2025-10-02T12:51:21.3030138Z   stable-x86_64-unknown-linux-gnu unchanged - rustc 1.90.0 (1159e78c4 2025-09-14)
2025-10-02T12:51:21.3030679Z 
2025-10-02T12:51:21.3072625Z ##[group]Run : create cachekey
2025-10-02T12:51:21.3072895Z [36;1m: create cachekey[0m
2025-10-02T12:51:21.3073576Z [36;1mDATE=$(rustc +stable --version --verbose | sed -ne 's/^commit-date: \(20[0-9][0-9]\)-\([01][0-9]\)-\([0-3][0-9]\)$/\1\2\3/p')[0m
2025-10-02T12:51:21.3074166Z [36;1mHASH=$(rustc +stable --version --verbose | sed -ne 's/^commit-hash: //p')[0m
2025-10-02T12:51:21.3074618Z [36;1mecho "cachekey=$(echo $DATE$HASH | head -c12)" >> $GITHUB_OUTPUT[0m
2025-10-02T12:51:21.3106196Z shell: /usr/bin/bash --noprofile --norc -e -o pipefail {0}
2025-10-02T12:51:21.3106505Z env:
2025-10-02T12:51:21.3106683Z   CARGO_TERM_COLOR: always
2025-10-02T12:51:21.3106900Z   CARGO_HOME: /home/runner/.cargo
2025-10-02T12:51:21.3107122Z ##[endgroup]
2025-10-02T12:51:21.3521956Z ##[group]Run : disable incremental compilation
2025-10-02T12:51:21.3522313Z [36;1m: disable incremental compilation[0m
2025-10-02T12:51:21.3522601Z [36;1mif [ -z "${CARGO_INCREMENTAL+set}" ]; then[0m
2025-10-02T12:51:21.3522917Z [36;1m  echo CARGO_INCREMENTAL=0 >> $GITHUB_ENV[0m
2025-10-02T12:51:21.3523425Z [36;1mfi[0m
2025-10-02T12:51:21.3555071Z shell: /usr/bin/bash --noprofile --norc -e -o pipefail {0}
2025-10-02T12:51:21.3555571Z env:
2025-10-02T12:51:21.3555747Z   CARGO_TERM_COLOR: always
2025-10-02T12:51:21.3555977Z   CARGO_HOME: /home/runner/.cargo
2025-10-02T12:51:21.3556196Z ##[endgroup]
2025-10-02T12:51:21.3620893Z ##[group]Run : enable colors in Cargo output
2025-10-02T12:51:21.3621195Z [36;1m: enable colors in Cargo output[0m
2025-10-02T12:51:21.3621470Z [36;1mif [ -z "${CARGO_TERM_COLOR+set}" ]; then[0m
2025-10-02T12:51:21.3621772Z [36;1m  echo CARGO_TERM_COLOR=always >> $GITHUB_ENV[0m
2025-10-02T12:51:21.3622027Z [36;1mfi[0m
2025-10-02T12:51:21.3650091Z shell: /usr/bin/bash --noprofile --norc -e -o pipefail {0}
2025-10-02T12:51:21.3650481Z env:
2025-10-02T12:51:21.3650654Z   CARGO_TERM_COLOR: always
2025-10-02T12:51:21.3650875Z   CARGO_HOME: /home/runner/.cargo
2025-10-02T12:51:21.3651107Z   CARGO_INCREMENTAL: 0
2025-10-02T12:51:21.3651296Z ##[endgroup]
2025-10-02T12:51:21.3717387Z ##[group]Run : enable Cargo sparse registry
2025-10-02T12:51:21.3717692Z [36;1m: enable Cargo sparse registry[0m
2025-10-02T12:51:21.3718029Z [36;1m# implemented in 1.66, stabilized in 1.68, made default in 1.70[0m
2025-10-02T12:51:21.3718660Z [36;1mif [ -z "${CARGO_REGISTRIES_CRATES_IO_PROTOCOL+set}" -o -f "/home/runner/work/_temp"/.implicit_cargo_registries_crates_io_protocol ]; then[0m
2025-10-02T12:51:21.3719302Z [36;1m  if rustc +stable --version --verbose | grep -q '^release: 1\.6[89]\.'; then[0m
2025-10-02T12:51:21.3719802Z [36;1m    touch "/home/runner/work/_temp"/.implicit_cargo_registries_crates_io_protocol || true[0m
2025-10-02T12:51:21.3720278Z [36;1m    echo CARGO_REGISTRIES_CRATES_IO_PROTOCOL=sparse >> $GITHUB_ENV[0m
2025-10-02T12:51:21.3720711Z [36;1m  elif rustc +stable --version --verbose | grep -q '^release: 1\.6[67]\.'; then[0m
2025-10-02T12:51:21.3721213Z [36;1m    touch "/home/runner/work/_temp"/.implicit_cargo_registries_crates_io_protocol || true[0m
2025-10-02T12:51:21.3721849Z [36;1m    echo CARGO_REGISTRIES_CRATES_IO_PROTOCOL=git >> $GITHUB_ENV[0m
2025-10-02T12:51:21.3722157Z [36;1m  fi[0m
2025-10-02T12:51:21.3722331Z [36;1mfi[0m
2025-10-02T12:51:21.3750272Z shell: /usr/bin/bash --noprofile --norc -e -o pipefail {0}
2025-10-02T12:51:21.3750579Z env:
2025-10-02T12:51:21.3750763Z   CARGO_TERM_COLOR: always
2025-10-02T12:51:21.3750980Z   CARGO_HOME: /home/runner/.cargo
2025-10-02T12:51:21.3751211Z   CARGO_INCREMENTAL: 0
2025-10-02T12:51:21.3751403Z ##[endgroup]
2025-10-02T12:51:21.4115492Z ##[group]Run : work around spurious network errors in curl 8.0
2025-10-02T12:51:21.4115927Z [36;1m: work around spurious network errors in curl 8.0[0m
2025-10-02T12:51:21.4116447Z [36;1m# https://rust-lang.zulipchat.com/#narrow/stream/246057-t-cargo/topic/timeout.20investigation[0m
2025-10-02T12:51:21.4117045Z [36;1mif rustc +stable --version --verbose | grep -q '^release: 1\.7[01]\.'; then[0m
2025-10-02T12:51:21.4117478Z [36;1m  echo CARGO_HTTP_MULTIPLEXING=false >> $GITHUB_ENV[0m
2025-10-02T12:51:21.4117781Z [36;1mfi[0m
2025-10-02T12:51:21.4148955Z shell: /usr/bin/bash --noprofile --norc -e -o pipefail {0}
2025-10-02T12:51:21.4149290Z env:
2025-10-02T12:51:21.4149472Z   CARGO_TERM_COLOR: always
2025-10-02T12:51:21.4149695Z   CARGO_HOME: /home/runner/.cargo
2025-10-02T12:51:21.4149926Z   CARGO_INCREMENTAL: 0
2025-10-02T12:51:21.4150121Z ##[endgroup]
2025-10-02T12:51:21.4366984Z ##[group]Run rustc +stable --version --verbose
2025-10-02T12:51:21.4367328Z [36;1mrustc +stable --version --verbose[0m
2025-10-02T12:51:21.4398123Z shell: /usr/bin/bash --noprofile --norc -e -o pipefail {0}
2025-10-02T12:51:21.4398444Z env:
2025-10-02T12:51:21.4398636Z   CARGO_TERM_COLOR: always
2025-10-02T12:51:21.4398862Z   CARGO_HOME: /home/runner/.cargo
2025-10-02T12:51:21.4399112Z   CARGO_INCREMENTAL: 0
2025-10-02T12:51:21.4399307Z ##[endgroup]
2025-10-02T12:51:21.4573906Z rustc 1.90.0 (1159e78c4 2025-09-14)
2025-10-02T12:51:21.4574643Z binary: rustc
2025-10-02T12:51:21.4575184Z commit-hash: 1159e78c4747b02ef996e55082b704c09b970588
2025-10-02T12:51:21.4575871Z commit-date: 2025-09-14
2025-10-02T12:51:21.4576813Z host: x86_64-unknown-linux-gnu
2025-10-02T12:51:21.4577322Z release: 1.90.0
2025-10-02T12:51:21.4577625Z LLVM version: 20.1.8
